0 verbose cli C:\Program Files\nodejs\node.exe C:\Program Files\nodejs\node_modules\npm\bin\npm-cli.js
1 info using npm@10.9.2
2 info using node@v22.14.0
3 silly config load:file:C:\Program Files\nodejs\node_modules\npm\npmrc
4 silly config load:file:C:\Users\24833\Desktop\Complete_Info\PersonalProject\AutoPilot\frontend\.npmrc
5 silly config load:file:C:\Users\24833\.npmrc
6 silly config load:file:C:\Users\24833\AppData\Roaming\npm\etc\npmrc
7 verbose title npm install
8 verbose argv "install"
9 verbose logfile logs-max:10 dir:C:\Users\24833\Desktop\Complete_Info\PersonalProject\AutoPilot\frontend\clean\_logs\2026-08-07T17_56_28_722Z-
10 verbose logfile C:\Users\24833\Desktop\Complete_Info\PersonalProject\AutoPilot\frontend\clean\_logs\2026-08-07T17_56_28_722Z-debug-0.log
11 silly logfile done cleaning log files
12 silly packumentCache heap:4345298944 maxSize:1086324736 maxEntrySize:543162368
13 silly idealTree buildDeps
14 silly fetch manifest highlight.js@^11.9.0
15 silly packumentCache full:https://registry.npmmirror.com/highlight.js cache-miss
16 verbose shrinkwrap failed to load node_modules/.package-lock.json out of date, updated: node_modules
17 http fetch GET 200 https://registry.npmmirror.com/highlight.js 256ms (cache miss)
18 silly packumentCache full:https://registry.npmmirror.com/highlight.js set size:153141 disposed:false
19 silly fetch manifest unplugin-element-plus@^0.8.0
20 silly packumentCache full:https://registry.npmmirror.com/unplugin-element-plus cache-miss
21 http fetch GET 200 https://registry.npmmirror.com/unplugin-element-plus 104ms (cache miss)
22 silly packumentCache full:https://registry.npmmirror.com/unplugin-element-plus set size:24719 disposed:false
23 silly placeDep ROOT highlight.js@11.11.1 OK for: autopilot-frontend@1.0.0 want: ^11.9.0
24 silly placeDep ROOT unplugin-element-plus@0.8.0 OK for: autopilot-frontend@1.0.0 want: ^0.8.0
25 silly fetch manifest @rollup/pluginutils@^5.0.2
26 silly packumentCache full:https://registry.npmmirror.com/@rollup%2fpluginutils cache-miss
27 silly fetch manifest es-module-lexer@^1.3.0
28 silly packumentCache full:https://registry.npmmirror.com/es-module-lexer cache-miss
29 silly fetch manifest unplugin@^1.3.2
30 silly packumentCache full:https://registry.npmmirror.com/unplugin cache-miss
31 http fetch GET 200 https://registry.npmmirror.com/@rollup%2fpluginutils 48ms (cache miss)
32 silly packumentCache full:https://registry.npmmirror.com/@rollup%2fpluginutils set size:20952 disposed:false
33 http fetch GET 200 https://registry.npmmirror.com/es-module-lexer 103ms (cache miss)
34 silly packumentCache full:https://registry.npmmirror.com/es-module-lexer set size:39316 disposed:false
35 http fetch GET 200 https://registry.npmmirror.com/unplugin 133ms (cache miss)
36 silly packumentCache full:https://registry.npmmirror.com/unplugin set size:74529 disposed:false
37 silly fetch manifest rollup@^1.20.0||^2.0.0||^3.0.0||^4.0.0
38 silly packumentCache full:https://registry.npmmirror.com/rollup cache-miss
39 http fetch GET 200 https://registry.npmmirror.com/rollup 72ms (cache revalidated)
40 silly packumentCache full:https://registry.npmmirror.com/rollup set size:5986560 disposed:false
41 silly placeDep ROOT @rollup/pluginutils@5.4.0 OK for: unplugin-element-plus@0.8.0 want: ^5.0.2
42 silly placeDep ROOT es-module-lexer@1.7.0 OK for: unplugin-element-plus@0.8.0 want: ^1.3.0
43 silly placeDep ROOT unplugin@1.16.1 OK for: unplugin-element-plus@0.8.0 want: ^1.3.2
44 silly fetch manifest picomatch@^4.0.2
45 silly packumentCache full:https://registry.npmmirror.com/picomatch cache-miss
46 silly fetch manifest acorn@^8.14.0
47 silly packumentCache full:https://registry.npmmirror.com/acorn cache-miss
48 silly fetch manifest webpack-virtual-modules@^0.6.2
49 silly packumentCache full:https://registry.npmmirror.com/webpack-virtual-modules cache-miss
50 http fetch GET 200 https://registry.npmmirror.com/picomatch 30ms (cache miss)
51 silly packumentCache full:https://registry.npmmirror.com/picomatch set size:23645 disposed:false
52 http fetch GET 200 https://registry.npmmirror.com/acorn 59ms (cache miss)
53 silly packumentCache full:https://registry.npmmirror.com/acorn set size:53496 disposed:false
54 http fetch GET 200 https://registry.npmmirror.com/webpack-virtual-modules 86ms (cache miss)
55 silly packumentCache full:https://registry.npmmirror.com/webpack-virtual-modules set size:15132 disposed:false
56 silly placeDep ROOT picomatch@4.0.5 OK for: @rollup/pluginutils@5.4.0 want: ^4.0.2
57 silly placeDep ROOT acorn@8.18.0 OK for: unplugin@1.16.1 want: ^8.14.0
58 silly placeDep ROOT webpack-virtual-modules@0.6.2 OK for: unplugin@1.16.1 want: ^0.6.2
59 silly reify moves {}
60 silly audit bulk request {
60 silly audit   '@babel/helper-string-parser': [ '7.29.7' ],
60 silly audit   '@babel/helper-validator-identifier': [ '7.29.7' ],
60 silly audit   '@babel/parser': [ '7.29.8' ],
60 silly audit   '@babel/types': [ '7.29.8' ],
60 silly audit   '@ctrl/tinycolor': [ '4.2.0' ],
60 silly audit   '@element-plus/icons-vue': [ '2.3.2' ],
60 silly audit   '@esbuild/aix-ppc64': [ '0.21.5' ],
60 silly audit   '@esbuild/android-arm': [ '0.21.5' ],
60 silly audit   '@esbuild/android-arm64': [ '0.21.5' ],
60 silly audit   '@esbuild/android-x64': [ '0.21.5' ],
60 silly audit   '@esbuild/darwin-arm64': [ '0.21.5' ],
60 silly audit   '@esbuild/darwin-x64': [ '0.21.5' ],
60 silly audit   '@esbuild/freebsd-arm64': [ '0.21.5' ],
60 silly audit   '@esbuild/freebsd-x64': [ '0.21.5' ],
60 silly audit   '@esbuild/linux-arm': [ '0.21.5' ],
60 silly audit   '@esbuild/linux-arm64': [ '0.21.5' ],
60 silly audit   '@esbuild/linux-ia32': [ '0.21.5' ],
60 silly audit   '@esbuild/linux-loong64': [ '0.21.5' ],
60 silly audit   '@esbuild/linux-mips64el': [ '0.21.5' ],
60 silly audit   '@esbuild/linux-ppc64': [ '0.21.5' ],
60 silly audit   '@esbuild/linux-riscv64': [ '0.21.5' ],
60 silly audit   '@esbuild/linux-s390x': [ '0.21.5' ],
60 silly audit   '@esbuild/linux-x64': [ '0.21.5' ],
60 silly audit   '@esbuild/netbsd-x64': [ '0.21.5' ],
60 silly audit   '@esbuild/openbsd-x64': [ '0.21.5' ],
60 silly audit   '@esbuild/sunos-x64': [ '0.21.5' ],
60 silly audit   '@esbuild/win32-arm64': [ '0.21.5' ],
60 silly audit   '@esbuild/win32-ia32': [ '0.21.5' ],
60 silly audit   '@esbuild/win32-x64': [ '0.21.5' ],
60 silly audit   '@floating-ui/core': [ '1.8.0' ],
60 silly audit   '@floating-ui/dom': [ '1.8.0' ],
60 silly audit   '@floating-ui/utils': [ '0.2.12' ],
60 silly audit   '@jridgewell/sourcemap-codec': [ '1.5.5' ],
60 silly audit   '@napi-rs/lzma-linux-x64-gnu': [ '1.5.1' ],
60 silly audit   '@sxzz/popperjs-es': [ '2.11.8' ],
60 silly audit   '@rollup/rollup-android-arm-eabi': [ '4.62.4' ],
60 silly audit   '@rollup/rollup-android-arm64': [ '4.62.4' ],
60 silly audit   '@rollup/rollup-darwin-arm64': [ '4.62.4' ],
60 silly audit   '@rollup/rollup-darwin-x64': [ '4.62.4' ],
60 silly audit   '@rollup/rollup-freebsd-arm64': [ '4.62.4' ],
60 silly audit   '@rollup/rollup-freebsd-x64': [ '4.62.4' ],
60 silly audit   '@rollup/rollup-linux-arm-gnueabihf': [ '4.62.4' ],
60 silly audit   '@rollup/rollup-linux-arm-musleabihf': [ '4.62.4' ],
60 silly audit   '@rollup/rollup-linux-arm64-gnu': [ '4.62.4' ],
60 silly audit   '@rollup/rollup-linux-arm64-musl': [ '4.62.4' ],
60 silly audit   '@rollup/rollup-linux-loong64-gnu': [ '4.62.4' ],
60 silly audit   '@rollup/rollup-linux-loong64-musl': [ '4.62.4' ],
60 silly audit   '@rollup/rollup-linux-ppc64-gnu': [ '4.62.4' ],
60 silly audit   '@rollup/rollup-linux-ppc64-musl': [ '4.62.4' ],
60 silly audit   '@rollup/rollup-linux-riscv64-gnu': [ '4.62.4' ],
60 silly audit   '@rollup/rollup-linux-riscv64-musl': [ '4.62.4' ],
60 silly audit   '@rollup/rollup-linux-s390x-gnu': [ '4.62.4' ],
60 silly audit   '@rollup/rollup-linux-x64-gnu': [ '4.62.4' ],
60 silly audit   '@rollup/rollup-linux-x64-musl': [ '4.62.4' ],
60 silly audit   '@rollup/rollup-openbsd-x64': [ '4.62.4' ],
60 silly audit   '@rollup/rollup-openharmony-arm64': [ '4.62.4' ],
60 silly audit   '@rollup/rollup-win32-arm64-msvc': [ '4.62.4' ],
60 silly audit   '@rollup/rollup-win32-ia32-msvc': [ '4.62.4' ],
60 silly audit   '@rollup/rollup-win32-x64-gnu': [ '4.62.4' ],
60 silly audit   '@rollup/rollup-win32-x64-msvc': [ '4.62.4' ],
60 silly audit   '@types/estree': [ '1.0.9' ],
60 silly audit   '@types/lodash': [ '4.17.25' ],
60 silly audit   '@types/lodash-es': [ '4.17.12' ],
60 silly audit   '@types/web-bluetooth': [ '0.0.21' ],
60 silly audit   '@vitejs/plugin-vue': [ '5.2.4' ],
60 silly audit   '@vue/compiler-core': [ '3.5.41' ],
60 silly audit   '@vue/compiler-dom': [ '3.5.41' ],
60 silly audit   '@vue/compiler-sfc': [ '3.5.41' ],
60 silly audit   '@vue/compiler-ssr': [ '3.5.41' ],
60 silly audit   '@vue/devtools-api': [ '6.6.4' ],
60 silly audit   '@vue/reactivity': [ '3.5.41' ],
60 silly audit   '@vue/runtime-core': [ '3.5.41' ],
60 silly audit   '@vue/runtime-dom': [ '3.5.41' ],
60 silly audit   '@vue/server-renderer': [ '3.5.41' ],
60 silly audit   '@vue/shared': [ '3.5.41' ],
60 silly audit   '@vueuse/core': [ '14.3.0' ],
60 silly audit   '@vueuse/metadata': [ '14.3.0' ],
60 silly audit   '@vueuse/shared': [ '14.3.0' ],
60 silly audit   'agent-base': [ '6.0.2' ],
60 silly audit   'async-validator': [ '4.2.5' ],
60 silly audit   asynckit: [ '0.4.0' ],
60 silly audit   axios: [ '1.19.0' ],
60 silly audit   'call-bind-apply-helpers': [ '1.0.2' ],
60 silly audit   'combined-stream': [ '1.0.8' ],
60 silly audit   csstype: [ '3.2.3' ],
60 silly audit   dayjs: [ '1.11.21' ],
60 silly audit   debug: [ '4.4.3' ],
60 silly audit   'delayed-stream': [ '1.0.0' ],
60 silly audit   'dunder-proto': [ '1.0.1' ],
60 silly audit   'element-plus': [ '2.14.4' ],
60 silly audit   entities: [ '7.0.1' ],
60 silly audit   'es-define-property': [ '1.0.1' ],
60 silly audit   'es-errors': [ '1.3.0' ],
60 silly audit   'es-object-atoms': [ '1.1.2' ],
60 silly audit   'es-set-tostringtag': [ '2.1.0' ],
60 silly audit   esbuild: [ '0.21.5' ],
60 silly audit   'estree-walker': [ '2.0.2' ],
60 silly audit   'follow-redirects': [ '1.16.0' ],
60 silly audit   'form-data': [ '4.0.6' ],
60 silly audit   fsevents: [ '2.3.3' ],
60 silly audit   'function-bind': [ '1.1.2' ],
60 silly audit   'get-intrinsic': [ '1.3.0' ],
60 silly audit   'get-proto': [ '1.0.1' ],
60 silly audit   gopd: [ '1.2.0' ],
60 silly audit   'has-symbols': [ '1.1.0' ],
60 silly audit   'has-tostringtag': [ '1.0.2' ],
60 silly audit   hasown: [ '2.0.4' ],
60 silly audit   'https-proxy-agent': [ '5.0.1' ],
60 silly audit   lodash: [ '4.18.1' ],
60 silly audit   'lodash-es': [ '4.18.1' ],
60 silly audit   'lodash-unified': [ '1.0.3' ],
60 silly audit   'magic-string': [ '0.30.21' ],
60 silly audit   'math-intrinsics': [ '1.1.0' ],
60 silly audit   'memoize-one': [ '6.0.0' ],
60 silly audit   'mime-db': [ '1.52.0' ],
60 silly audit   'mime-types': [ '2.1.35' ],
60 silly audit   ms: [ '2.1.3' ],
60 silly audit   nanoid: [ '3.3.17' ],
60 silly audit   'normalize-wheel-es': [ '1.2.0' ],
60 silly audit   picocolors: [ '1.1.1' ],
60 silly audit   pinia: [ '2.3.1' ],
60 silly audit   postcss: [ '8.5.26' ],
60 silly audit   'proxy-from-env': [ '2.1.0' ],
60 silly audit   rollup: [ '4.62.4' ],
60 silly audit   'source-map-js': [ '1.2.1' ],
60 silly audit   vite: [ '5.4.21' ],
60 silly audit   vue: [ '3.5.41' ],
60 silly audit   'vue-component-type-helpers': [ '3.3.9' ],
60 silly audit   'vue-demi': [ '0.14.10' ],
60 silly audit   'vue-router': [ '4.6.4' ],
60 silly audit   'highlight.js': [ '11.11.1' ],
60 silly audit   'unplugin-element-plus': [ '0.8.0' ],
60 silly audit   '@rollup/pluginutils': [ '5.4.0' ],
60 silly audit   'es-module-lexer': [ '1.7.0' ],
60 silly audit   unplugin: [ '1.16.1' ],
60 silly audit   picomatch: [ '4.0.5' ],
60 silly audit   acorn: [ '8.18.0' ],
60 silly audit   'webpack-virtual-modules': [ '0.6.2' ]
60 silly audit }
61 verbose reify failed optional dependency C:\Users\24833\Desktop\Complete_Info\PersonalProject\AutoPilot\frontend\node_modules\fsevents
62 silly reify mark deleted [
62 silly reify   'C:\\Users\\24833\\Desktop\\Complete_Info\\PersonalProject\\AutoPilot\\frontend\\node_modules\\fsevents'
62 silly reify ]
63 verbose reify failed optional dependency C:\Users\24833\Desktop\Complete_Info\PersonalProject\AutoPilot\frontend\node_modules\@rollup\rollup-win32-ia32-msvc
64 silly reify mark deleted [
64 silly reify   'C:\\Users\\24833\\Desktop\\Complete_Info\\PersonalProject\\AutoPilot\\frontend\\node_modules\\@rollup\\rollup-win32-ia32-msvc'
64 silly reify ]
65 verbose reify failed optional dependency C:\Users\24833\Desktop\Complete_Info\PersonalProject\AutoPilot\frontend\node_modules\@rollup\rollup-win32-arm64-msvc
66 silly reify mark deleted [
66 silly reify   'C:\\Users\\24833\\Desktop\\Complete_Info\\PersonalProject\\AutoPilot\\frontend\\node_modules\\@rollup\\rollup-win32-arm64-msvc'
66 silly reify ]
67 verbose reify failed optional dependency C:\Users\24833\Desktop\Complete_Info\PersonalProject\AutoPilot\frontend\node_modules\@rollup\rollup-openharmony-arm64
68 silly reify mark deleted [
68 silly reify   'C:\\Users\\24833\\Desktop\\Complete_Info\\PersonalProject\\AutoPilot\\frontend\\node_modules\\@rollup\\rollup-openharmony-arm64'
68 silly reify ]
69 verbose reify failed optional dependency C:\Users\24833\Desktop\Complete_Info\PersonalProject\AutoPilot\frontend\node_modules\@rollup\rollup-openbsd-x64
70 silly reify mark deleted [
70 silly reify   'C:\\Users\\24833\\Desktop\\Complete_Info\\PersonalProject\\AutoPilot\\frontend\\node_modules\\@rollup\\rollup-openbsd-x64'
70 silly reify ]
71 verbose reify failed optional dependency C:\Users\24833\Desktop\Complete_Info\PersonalProject\AutoPilot\frontend\node_modules\@rollup\rollup-linux-x64-musl
72 silly reify mark deleted [
72 silly reify   'C:\\Users\\24833\\Desktop\\Complete_Info\\PersonalProject\\AutoPilot\\frontend\\node_modules\\@rollup\\rollup-linux-x64-musl'
72 silly reify ]
73 verbose reify failed optional dependency C:\Users\24833\Desktop\Complete_Info\PersonalProject\AutoPilot\frontend\node_modules\@rollup\rollup-linux-x64-gnu
74 silly reify mark deleted [
74 silly reify   'C:\\Users\\24833\\Desktop\\Complete_Info\\PersonalProject\\AutoPilot\\frontend\\node_modules\\@rollup\\rollup-linux-x64-gnu'
74 silly reify ]
75 verbose reify failed optional dependency C:\Users\24833\Desktop\Complete_Info\PersonalProject\AutoPilot\frontend\node_modules\@rollup\rollup-linux-s390x-gnu
76 silly reify mark deleted [
76 silly reify   'C:\\Users\\24833\\Desktop\\Complete_Info\\PersonalProject\\AutoPilot\\frontend\\node_modules\\@rollup\\rollup-linux-s390x-gnu'
76 silly reify ]
77 verbose reify failed optional dependency C:\Users\24833\Desktop\Complete_Info\PersonalProject\AutoPilot\frontend\node_modules\@rollup\rollup-linux-riscv64-musl
78 silly reify mark deleted [
78 silly reify   'C:\\Users\\24833\\Desktop\\Complete_Info\\PersonalProject\\AutoPilot\\frontend\\node_modules\\@rollup\\rollup-linux-riscv64-musl'
78 silly reify ]
79 verbose reify failed optional dependency C:\Users\24833\Desktop\Complete_Info\PersonalProject\AutoPilot\frontend\node_modules\@rollup\rollup-linux-riscv64-gnu
80 silly reify mark deleted [
80 silly reify   'C:\\Users\\24833\\Desktop\\Complete_Info\\PersonalProject\\AutoPilot\\frontend\\node_modules\\@rollup\\rollup-linux-riscv64-gnu'
80 silly reify ]
81 verbose reify failed optional dependency C:\Users\24833\Desktop\Complete_Info\PersonalProject\AutoPilot\frontend\node_modules\@rollup\rollup-linux-ppc64-musl
82 silly reify mark deleted [
82 silly reify   'C:\\Users\\24833\\Desktop\\Complete_Info\\PersonalProject\\AutoPilot\\frontend\\node_modules\\@rollup\\rollup-linux-ppc64-musl'
82 silly reify ]
83 verbose reify failed optional dependency C:\Users\24833\Desktop\Complete_Info\PersonalProject\AutoPilot\frontend\node_modules\@rollup\rollup-linux-ppc64-gnu
84 silly reify mark deleted [
84 silly reify   'C:\\Users\\24833\\Desktop\\Complete_Info\\PersonalProject\\AutoPilot\\frontend\\node_modules\\@rollup\\rollup-linux-ppc64-gnu'
84 silly reify ]
85 verbose reify failed optional dependency C:\Users\24833\Desktop\Complete_Info\PersonalProject\AutoPilot\frontend\node_modules\@rollup\rollup-linux-loong64-musl
86 silly reify mark deleted [
86 silly reify   'C:\\Users\\24833\\Desktop\\Complete_Info\\PersonalProject\\AutoPilot\\frontend\\node_modules\\@rollup\\rollup-linux-loong64-musl'
86 silly reify ]
87 verbose reify failed optional dependency C:\Users\24833\Desktop\Complete_Info\PersonalProject\AutoPilot\frontend\node_modules\@rollup\rollup-linux-loong64-gnu
88 silly reify mark deleted [
88 silly reify   'C:\\Users\\24833\\Desktop\\Complete_Info\\PersonalProject\\AutoPilot\\frontend\\node_modules\\@rollup\\rollup-linux-loong64-gnu'
88 silly reify ]
89 verbose reify failed optional dependency C:\Users\24833\Desktop\Complete_Info\PersonalProject\AutoPilot\frontend\node_modules\@rollup\rollup-linux-arm64-musl
90 silly reify mark deleted [
90 silly reify   'C:\\Users\\24833\\Desktop\\Complete_Info\\PersonalProject\\AutoPilot\\frontend\\node_modules\\@rollup\\rollup-linux-arm64-musl'
90 silly reify ]
91 verbose reify failed optional dependency C:\Users\24833\Desktop\Complete_Info\PersonalProject\AutoPilot\frontend\node_modules\@rollup\rollup-linux-arm64-gnu
92 silly reify mark deleted [
92 silly reify   'C:\\Users\\24833\\Desktop\\Complete_Info\\PersonalProject\\AutoPilot\\frontend\\node_modules\\@rollup\\rollup-linux-arm64-gnu'
92 silly reify ]
93 verbose reify failed optional dependency C:\Users\24833\Desktop\Complete_Info\PersonalProject\AutoPilot\frontend\node_modules\@rollup\rollup-linux-arm-musleabihf
94 silly reify mark deleted [
94 silly reify   'C:\\Users\\24833\\Desktop\\Complete_Info\\PersonalProject\\AutoPilot\\frontend\\node_modules\\@rollup\\rollup-linux-arm-musleabihf'
94 silly reify ]
95 verbose reify failed optional dependency C:\Users\24833\Desktop\Complete_Info\PersonalProject\AutoPilot\frontend\node_modules\@rollup\rollup-linux-arm-gnueabihf
96 silly reify mark deleted [
96 silly reify   'C:\\Users\\24833\\Desktop\\Complete_Info\\PersonalProject\\AutoPilot\\frontend\\node_modules\\@rollup\\rollup-linux-arm-gnueabihf'
96 silly reify ]
97 verbose reify failed optional dependency C:\Users\24833\Desktop\Complete_Info\PersonalProject\AutoPilot\frontend\node_modules\@rollup\rollup-freebsd-x64
98 silly reify mark deleted [
98 silly reify   'C:\\Users\\24833\\Desktop\\Complete_Info\\PersonalProject\\AutoPilot\\frontend\\node_modules\\@rollup\\rollup-freebsd-x64'
98 silly reify ]
99 verbose reify failed optional dependency C:\Users\24833\Desktop\Complete_Info\PersonalProject\AutoPilot\frontend\node_modules\@rollup\rollup-freebsd-arm64
100 silly reify mark deleted [
100 silly reify   'C:\\Users\\24833\\Desktop\\Complete_Info\\PersonalProject\\AutoPilot\\frontend\\node_modules\\@rollup\\rollup-freebsd-arm64'
100 silly reify ]
101 verbose reify failed optional dependency C:\Users\24833\Desktop\Complete_Info\PersonalProject\AutoPilot\frontend\node_modules\@rollup\rollup-darwin-x64
102 silly reify mark deleted [
102 silly reify   'C:\\Users\\24833\\Desktop\\Complete_Info\\PersonalProject\\AutoPilot\\frontend\\node_modules\\@rollup\\rollup-darwin-x64'
102 silly reify ]
103 verbose reify failed optional dependency C:\Users\24833\Desktop\Complete_Info\PersonalProject\AutoPilot\frontend\node_modules\@rollup\rollup-darwin-arm64
104 silly reify mark deleted [
104 silly reify   'C:\\Users\\24833\\Desktop\\Complete_Info\\PersonalProject\\AutoPilot\\frontend\\node_modules\\@rollup\\rollup-darwin-arm64'
104 silly reify ]
105 verbose reify failed optional dependency C:\Users\24833\Desktop\Complete_Info\PersonalProject\AutoPilot\frontend\node_modules\@rollup\rollup-android-arm64
106 silly reify mark deleted [
106 silly reify   'C:\\Users\\24833\\Desktop\\Complete_Info\\PersonalProject\\AutoPilot\\frontend\\node_modules\\@rollup\\rollup-android-arm64'
106 silly reify ]
107 verbose reify failed optional dependency C:\Users\24833\Desktop\Complete_Info\PersonalProject\AutoPilot\frontend\node_modules\@rollup\rollup-android-arm-eabi
108 silly reify mark deleted [
108 silly reify   'C:\\Users\\24833\\Desktop\\Complete_Info\\PersonalProject\\AutoPilot\\frontend\\node_modules\\@rollup\\rollup-android-arm-eabi'
108 silly reify ]
109 verbose reify failed optional dependency C:\Users\24833\Desktop\Complete_Info\PersonalProject\AutoPilot\frontend\node_modules\@napi-rs\lzma-linux-x64-gnu
110 silly reify mark deleted [
110 silly reify   'C:\\Users\\24833\\Desktop\\Complete_Info\\PersonalProject\\AutoPilot\\frontend\\node_modules\\@napi-rs\\lzma-linux-x64-gnu'
110 silly reify ]
111 verbose reify failed optional dependency C:\Users\24833\Desktop\Complete_Info\PersonalProject\AutoPilot\frontend\node_modules\@esbuild\win32-ia32
112 silly reify mark deleted [
112 silly reify   'C:\\Users\\24833\\Desktop\\Complete_Info\\PersonalProject\\AutoPilot\\frontend\\node_modules\\@esbuild\\win32-ia32'
112 silly reify ]
113 verbose reify failed optional dependency C:\Users\24833\Desktop\Complete_Info\PersonalProject\AutoPilot\frontend\node_modules\@esbuild\win32-arm64
114 silly reify mark deleted [
114 silly reify   'C:\\Users\\24833\\Desktop\\Complete_Info\\PersonalProject\\AutoPilot\\frontend\\node_modules\\@esbuild\\win32-arm64'
114 silly reify ]
115 verbose reify failed optional dependency C:\Users\24833\Desktop\Complete_Info\PersonalProject\AutoPilot\frontend\node_modules\@esbuild\sunos-x64
116 silly reify mark deleted [
116 silly reify   'C:\\Users\\24833\\Desktop\\Complete_Info\\PersonalProject\\AutoPilot\\frontend\\node_modules\\@esbuild\\sunos-x64'
116 silly reify ]
117 verbose reify failed optional dependency C:\Users\24833\Desktop\Complete_Info\PersonalProject\AutoPilot\frontend\node_modules\@esbuild\openbsd-x64
118 silly reify mark deleted [
118 silly reify   'C:\\Users\\24833\\Desktop\\Complete_Info\\PersonalProject\\AutoPilot\\frontend\\node_modules\\@esbuild\\openbsd-x64'
118 silly reify ]
119 verbose reify failed optional dependency C:\Users\24833\Desktop\Complete_Info\PersonalProject\AutoPilot\frontend\node_modules\@esbuild\netbsd-x64
120 silly reify mark deleted [
120 silly reify   'C:\\Users\\24833\\Desktop\\Complete_Info\\PersonalProject\\AutoPilot\\frontend\\node_modules\\@esbuild\\netbsd-x64'
120 silly reify ]
121 verbose reify failed optional dependency C:\Users\24833\Desktop\Complete_Info\PersonalProject\AutoPilot\frontend\node_modules\@esbuild\linux-x64
122 silly reify mark deleted [
122 silly reify   'C:\\Users\\24833\\Desktop\\Complete_Info\\PersonalProject\\AutoPilot\\frontend\\node_modules\\@esbuild\\linux-x64'
122 silly reify ]
123 verbose reify failed optional dependency C:\Users\24833\Desktop\Complete_Info\PersonalProject\AutoPilot\frontend\node_modules\@esbuild\linux-s390x
124 silly reify mark deleted [
124 silly reify   'C:\\Users\\24833\\Desktop\\Complete_Info\\PersonalProject\\AutoPilot\\frontend\\node_modules\\@esbuild\\linux-s390x'
124 silly reify ]
125 verbose reify failed optional dependency C:\Users\24833\Desktop\Complete_Info\PersonalProject\AutoPilot\frontend\node_modules\@esbuild\linux-riscv64
126 silly reify mark deleted [
126 silly reify   'C:\\Users\\24833\\Desktop\\Complete_Info\\PersonalProject\\AutoPilot\\frontend\\node_modules\\@esbuild\\linux-riscv64'
126 silly reify ]
127 verbose reify failed optional dependency C:\Users\24833\Desktop\Complete_Info\PersonalProject\AutoPilot\frontend\node_modules\@esbuild\linux-ppc64
128 silly reify mark deleted [
128 silly reify   'C:\\Users\\24833\\Desktop\\Complete_Info\\PersonalProject\\AutoPilot\\frontend\\node_modules\\@esbuild\\linux-ppc64'
128 silly reify ]
129 verbose reify failed optional dependency C:\Users\24833\Desktop\Complete_Info\PersonalProject\AutoPilot\frontend\node_modules\@esbuild\linux-mips64el
130 silly reify mark deleted [
130 silly reify   'C:\\Users\\24833\\Desktop\\Complete_Info\\PersonalProject\\AutoPilot\\frontend\\node_modules\\@esbuild\\linux-mips64el'
130 silly reify ]
131 verbose reify failed optional dependency C:\Users\24833\Desktop\Complete_Info\PersonalProject\AutoPilot\frontend\node_modules\@esbuild\linux-loong64
132 silly reify mark deleted [
132 silly reify   'C:\\Users\\24833\\Desktop\\Complete_Info\\PersonalProject\\AutoPilot\\frontend\\node_modules\\@esbuild\\linux-loong64'
132 silly reify ]
133 verbose reify failed optional dependency C:\Users\24833\Desktop\Complete_Info\PersonalProject\AutoPilot\frontend\node_modules\@esbuild\linux-ia32
134 silly reify mark deleted [
134 silly reify   'C:\\Users\\24833\\Desktop\\Complete_Info\\PersonalProject\\AutoPilot\\frontend\\node_modules\\@esbuild\\linux-ia32'
134 silly reify ]
135 verbose reify failed optional dependency C:\Users\24833\Desktop\Complete_Info\PersonalProject\AutoPilot\frontend\node_modules\@esbuild\linux-arm64
136 silly reify mark deleted [
136 silly reify   'C:\\Users\\24833\\Desktop\\Complete_Info\\PersonalProject\\AutoPilot\\frontend\\node_modules\\@esbuild\\linux-arm64'
136 silly reify ]
137 verbose reify failed optional dependency C:\Users\24833\Desktop\Complete_Info\PersonalProject\AutoPilot\frontend\node_modules\@esbuild\linux-arm
138 silly reify mark deleted [
138 silly reify   'C:\\Users\\24833\\Desktop\\Complete_Info\\PersonalProject\\AutoPilot\\frontend\\node_modules\\@esbuild\\linux-arm'
138 silly reify ]
139 verbose reify failed optional dependency C:\Users\24833\Desktop\Complete_Info\PersonalProject\AutoPilot\frontend\node_modules\@esbuild\freebsd-x64
140 silly reify mark deleted [
140 silly reify   'C:\\Users\\24833\\Desktop\\Complete_Info\\PersonalProject\\AutoPilot\\frontend\\node_modules\\@esbuild\\freebsd-x64'
140 silly reify ]
141 verbose reify failed optional dependency C:\Users\24833\Desktop\Complete_Info\PersonalProject\AutoPilot\frontend\node_modules\@esbuild\freebsd-arm64
142 silly reify mark deleted [
142 silly reify   'C:\\Users\\24833\\Desktop\\Complete_Info\\PersonalProject\\AutoPilot\\frontend\\node_modules\\@esbuild\\freebsd-arm64'
142 silly reify ]
143 verbose reify failed optional dependency C:\Users\24833\Desktop\Complete_Info\PersonalProject\AutoPilot\frontend\node_modules\@esbuild\darwin-x64
144 silly reify mark deleted [
144 silly reify   'C:\\Users\\24833\\Desktop\\Complete_Info\\PersonalProject\\AutoPilot\\frontend\\node_modules\\@esbuild\\darwin-x64'
144 silly reify ]
145 verbose reify failed optional dependency C:\Users\24833\Desktop\Complete_Info\PersonalProject\AutoPilot\frontend\node_modules\@esbuild\darwin-arm64
146 silly reify mark deleted [
146 silly reify   'C:\\Users\\24833\\Desktop\\Complete_Info\\PersonalProject\\AutoPilot\\frontend\\node_modules\\@esbuild\\darwin-arm64'
146 silly reify ]
147 verbose reify failed optional dependency C:\Users\24833\Desktop\Complete_Info\PersonalProject\AutoPilot\frontend\node_modules\@esbuild\android-x64
148 silly reify mark deleted [
148 silly reify   'C:\\Users\\24833\\Desktop\\Complete_Info\\PersonalProject\\AutoPilot\\frontend\\node_modules\\@esbuild\\android-x64'
148 silly reify ]
149 verbose reify failed optional dependency C:\Users\24833\Desktop\Complete_Info\PersonalProject\AutoPilot\frontend\node_modules\@esbuild\android-arm64
150 silly reify mark deleted [
150 silly reify   'C:\\Users\\24833\\Desktop\\Complete_Info\\PersonalProject\\AutoPilot\\frontend\\node_modules\\@esbuild\\android-arm64'
150 silly reify ]
151 verbose reify failed optional dependency C:\Users\24833\Desktop\Complete_Info\PersonalProject\AutoPilot\frontend\node_modules\@esbuild\android-arm
152 silly reify mark deleted [
152 silly reify   'C:\\Users\\24833\\Desktop\\Complete_Info\\PersonalProject\\AutoPilot\\frontend\\node_modules\\@esbuild\\android-arm'
152 silly reify ]
153 verbose reify failed optional dependency C:\Users\24833\Desktop\Complete_Info\PersonalProject\AutoPilot\frontend\node_modules\@esbuild\aix-ppc64
154 silly reify mark deleted [
154 silly reify   'C:\\Users\\24833\\Desktop\\Complete_Info\\PersonalProject\\AutoPilot\\frontend\\node_modules\\@esbuild\\aix-ppc64'
154 silly reify ]
155 http cache acorn@https://registry.npmmirror.com/acorn/-/acorn-8.18.0.tgz 0ms (cache hit)
156 http cache unplugin@https://registry.npmmirror.com/unplugin/-/unplugin-1.16.1.tgz 0ms (cache hit)
157 http cache webpack-virtual-modules@https://registry.npmmirror.com/webpack-virtual-modules/-/webpack-virtual-modules-0.6.2.tgz 0ms (cache hit)
158 http cache @rollup/pluginutils@https://registry.npmmirror.com/@rollup/pluginutils/-/pluginutils-5.4.0.tgz 0ms (cache hit)
159 http cache picomatch@https://registry.npmmirror.com/picomatch/-/picomatch-4.0.5.tgz 0ms (cache hit)
160 silly tarball no local data for acorn@https://registry.npmmirror.com/acorn/-/acorn-8.18.0.tgz. Extracting by manifest.
161 silly tarball no local data for unplugin@https://registry.npmmirror.com/unplugin/-/unplugin-1.16.1.tgz. Extracting by manifest.
162 silly tarball no local data for webpack-virtual-modules@https://registry.npmmirror.com/webpack-virtual-modules/-/webpack-virtual-modules-0.6.2.tgz. Extracting by manifest.
163 silly tarball no local data for @rollup/pluginutils@https://registry.npmmirror.com/@rollup/pluginutils/-/pluginutils-5.4.0.tgz. Extracting by manifest.
164 silly tarball no local data for picomatch@https://registry.npmmirror.com/picomatch/-/picomatch-4.0.5.tgz. Extracting by manifest.
165 http cache es-module-lexer@https://registry.npmmirror.com/es-module-lexer/-/es-module-lexer-1.7.0.tgz 0ms (cache hit)
166 http cache highlight.js@https://registry.npmmirror.com/highlight.js/-/highlight.js-11.11.1.tgz 0ms (cache hit)
167 http cache unplugin-element-plus@https://registry.npmmirror.com/unplugin-element-plus/-/unplugin-element-plus-0.8.0.tgz 0ms (cache hit)
168 silly tarball no local data for es-module-lexer@https://registry.npmmirror.com/es-module-lexer/-/es-module-lexer-1.7.0.tgz. Extracting by manifest.
169 silly tarball no local data for highlight.js@https://registry.npmmirror.com/highlight.js/-/highlight.js-11.11.1.tgz. Extracting by manifest.
170 silly tarball no local data for unplugin-element-plus@https://registry.npmmirror.com/unplugin-element-plus/-/unplugin-element-plus-0.8.0.tgz. Extracting by manifest.
171 http fetch POST 404 https://registry.npmmirror.com/-/npm/v1/security/advisories/bulk 23ms
172 silly audit bulk request failed [object Object]
173 http fetch POST 404 https://registry.npmmirror.com/-/npm/v1/security/audits/quick 13ms
174 verbose audit error HttpErrorGeneral: 404 Not Found - POST https://registry.npmmirror.com/-/npm/v1/security/audits/quick - [NOT_IMPLEMENTED] /-/npm/v1/security/* not implemented yet
174 verbose audit error     at C:\Program Files\nodejs\node_modules\npm\node_modules\npm-registry-fetch\lib\check-response.js:103:15
174 verbose audit error     at process.processTicksAndRejections (node:internal/process/task_queues:105:5)
174 verbose audit error     at async [getReport] (C:\Program Files\nodejs\node_modules\npm\node_modules\@npmcli\arborist\lib\audit-report.js:336:21)
174 verbose audit error     at async AuditReport.run (C:\Program Files\nodejs\node_modules\npm\node_modules\@npmcli\arborist\lib\audit-report.js:106:19) {
174 verbose audit error   headers: [Object: null prototype] {
174 verbose audit error     server: [ 'Tengine' ],
174 verbose audit error     date: [ 'Fri, 07 Aug 2026 17:56:33 GMT' ],
174 verbose audit error     'content-type': [ 'application/json' ],
174 verbose audit error     'transfer-encoding': [ 'chunked' ],
174 verbose audit error     connection: [ 'keep-alive' ],
174 verbose audit error     'strict-transport-security': [ 'max-age=5184000' ],
174 verbose audit error     via: [ 'kunlun6.cn399[,404666]' ],
174 verbose audit error     'timing-allow-origin': [ '*' ],
174 verbose audit error     eagleid: [ '6f0c199a17861253936488429e' ],
174 verbose audit error     'x-fetch-attempts': [ '1' ]
174 verbose audit error   },
174 verbose audit error   statusCode: 404,
174 verbose audit error   code: 'E404',
174 verbose audit error   method: 'POST',
174 verbose audit error   uri: 'https://registry.npmmirror.com/-/npm/v1/security/audits/quick',
174 verbose audit error   body: {
174 verbose audit error     error: '[NOT_IMPLEMENTED] /-/npm/v1/security/* not implemented yet'
174 verbose audit error   },
174 verbose audit error   pkgid: undefined
174 verbose audit error }
175 silly audit error [object Object]
176 silly audit report null
177 http fetch GET 200 https://cdn.npmmirror.com/packages/picomatch/4.0.5/picomatch-4.0.5.tgz 312ms (cache miss)
178 http fetch GET 200 https://cdn.npmmirror.com/packages/webpack-virtual-modules/0.6.2/webpack-virtual-modules-0.6.2.tgz 360ms (cache miss)
179 http fetch GET 200 https://cdn.npmmirror.com/packages/unplugin-element-plus/0.8.0/unplugin-element-plus-0.8.0.tgz 355ms (cache miss)
180 http fetch GET 200 https://cdn.npmmirror.com/packages/es-module-lexer/1.7.0/es-module-lexer-1.7.0.tgz 363ms (cache miss)
181 http fetch GET 200 https://cdn.npmmirror.com/packages/unplugin/1.16.1/unplugin-1.16.1.tgz 383ms (cache miss)
182 http fetch GET 200 https://cdn.npmmirror.com/packages/acorn/8.18.0/acorn-8.18.0.tgz 388ms (cache miss)
183 http fetch GET 200 https://cdn.npmmirror.com/packages/%40rollup/pluginutils/5.4.0/pluginutils-5.4.0.tgz 391ms (cache miss)
184 http fetch GET 200 https://cdn.npmmirror.com/packages/highlight.js/11.11.1/highlight.js-11.11.1.tgz 4457ms (cache miss)
185 silly ADD node_modules/webpack-virtual-modules
186 silly ADD node_modules/acorn
187 silly ADD node_modules/picomatch
188 silly ADD node_modules/unplugin
189 silly ADD node_modules/es-module-lexer
190 silly ADD node_modules/@rollup/pluginutils
191 silly ADD node_modules/unplugin-element-plus
192 silly ADD node_modules/highlight.js
193 silly ADD
194 silly ADD
195 silly ADD
196 silly ADD
197 silly ADD
198 silly ADD
199 silly ADD
200 silly ADD
201 silly ADD
202 silly ADD
203 silly ADD
204 silly ADD
205 silly ADD
206 silly ADD
207 silly ADD
208 silly ADD
209 silly ADD
210 silly ADD
211 silly ADD
212 silly ADD
213 silly ADD
214 silly ADD
215 silly ADD
216 silly ADD
217 silly ADD
218 silly ADD
219 silly ADD
220 silly ADD
221 silly ADD
222 silly ADD
223 silly ADD
224 silly ADD
225 silly ADD
226 silly ADD
227 silly ADD
228 silly ADD
229 silly ADD
230 silly ADD
231 silly ADD
232 silly ADD
233 silly ADD
234 silly ADD
235 silly ADD
236 silly ADD
237 silly ADD
238 silly ADD
239 silly ADD
240 verbose cwd C:\Users\24833\Desktop\Complete_Info\PersonalProject\AutoPilot\frontend
241 verbose os Windows_NT 10.0.26200
242 verbose node v22.14.0
243 verbose npm  v10.9.2
244 verbose exit 0
245 info ok
