============================= test session starts =============================
platform win32 -- Python 3.13.3, pytest-9.1.1, pluggy-1.6.0 -- C:\Users\24833\Desktop\Complete_Info\PersonalProject\AutoPilot\backend\.venv\Scripts\python.exe
rootdir: C:\Users\24833\Desktop\Complete_Info\PersonalProject\AutoPilot\backend
configfile: pytest.ini
testpaths: tests
plugins: anyio-4.14.2, asyncio-1.4.0, cov-7.1.0, mock-3.15.1
asyncio: mode=Mode.AUTO, debug=False, asyncio_default_fixture_loop_scope=function, asyncio_default_test_loop_scope=function
collecting ... collected 1672 items

tests/integration/test_aitc_chain.py::test_chain_snapshot_draft_review_promote PASSED [  0%]
tests/integration/test_golden_path_real_chromium.py::test_golden_path_real_chromium PASSED [  0%]
tests/integration/test_integration_main.py::TestHealth::test_health_returns_ok PASSED [  0%]
tests/integration/test_integration_main.py::TestHealth::test_health_has_correct_structure PASSED [  0%]
tests/integration/test_integration_main.py::TestRoot::test_root_returns_links PASSED [  0%]
tests/integration/test_integration_main.py::TestCors::test_cors_headers_present PASSED [  0%]
tests/integration/test_integration_main.py::TestCors::test_cors_headers_on_api_endpoint PASSED [  0%]
tests/integration/test_integration_main.py::TestCors::test_cors_allow_credentials_header PASSED [  0%]
tests/integration/test_integration_main.py::TestFileAccess::test_upload_file_accessible_when_token_unset PASSED [  0%]
tests/integration/test_integration_main.py::TestFileAccess::test_report_file_accessible_when_token_unset PASSED [  0%]
tests/integration/test_integration_main.py::TestFileAccess::test_report_invalid_name_rejected PASSED [  0%]
tests/integration/test_integration_main.py::TestFileAccess::test_upload_nonexistent_returns_404 PASSED [  0%]
tests/integration/test_integration_main.py::TestFileAccessToken::test_missing_token_returns_401 PASSED [  0%]
tests/integration/test_integration_main.py::TestFileAccessToken::test_wrong_token_returns_401 PASSED [  0%]
tests/integration/test_integration_main.py::TestFileAccessToken::test_valid_token_serves_upload PASSED [  0%]
tests/integration/test_integration_main.py::TestFileAccessToken::test_valid_token_serves_report PASSED [  0%]
tests/integration/test_integration_main.py::TestFileAccessToken::test_path_traversal_rejected PASSED [  1%]
tests/integration/test_integration_main.py::TestFileAccessToken::test_encoded_path_traversal_rejected PASSED [  1%]
tests/integration/test_integration_main.py::TestFileAccessToken::test_encoded_absolute_path_rejected PASSED [  1%]
tests/integration/test_integration_main.py::TestFileAccessToken::test_uploads_missing_resource_id_rejected PASSED [  1%]
tests/integration/test_integration_main.py::TestFileAccessToken::test_symlink_escape_rejected SKIPPED [  1%]
tests/integration/test_integration_main.py::TestLifespan::test_startup_calls_db_init PASSED [  1%]
tests/integration/test_integration_main.py::TestLifespan::test_startup_calls_cleanup_old_reports PASSED [  1%]
tests/integration/test_integration_main.py::TestLifespan::test_lifespan_shutdown_logs PASSED [  1%]
tests/integration/test_integration_main.py::TestApiPrefix::test_all_api_endpoints_under_prefix PASSED [  1%]
tests/integration/test_integration_main.py::TestApiPrefix::test_api_prefix_404 PASSED [  1%]
tests/integration/test_integration_main.py::TestErrorHandlers::test_404_returns_json_not_html PASSED [  1%]
tests/integration/test_integration_main.py::TestErrorHandlers::test_422_returns_json PASSED [  1%]
tests/integration/test_integration_main.py::TestErrorHandlers::test_exception_handler_registered PASSED [  1%]
tests/integration/test_integration_pipeline.py::TestFullPipeline::test_full_pipeline_happy_path PASSED [  1%]
tests/integration/test_integration_pipeline.py::TestExceptionPipeline::test_crawl_failure_still_continues PASSED [  1%]
tests/integration/test_integration_pipeline.py::TestExceptionPipeline::test_all_generation_failed_execution_rejected PASSED [  1%]
tests/integration/test_integration_pipeline.py::TestExceptionPipeline::test_execution_stopped_no_report PASSED [  1%]
tests/integration/test_mock_injection.py::TestManifestCarriesMockServerId::test_admission_freezes_mock_server_id PASSED [  2%]
tests/integration/test_mock_injection.py::TestManifestCarriesMockServerId::test_admission_without_mock_server_id PASSED [  2%]
tests/integration/test_mock_injection.py::TestManifestCarriesMockServerId::test_env_from_manifest_reads_mock_server_id PASSED [  2%]
tests/integration/test_mock_injection.py::TestInjectionAtExecution::test_install_registers_and_fulfills PASSED [  2%]
tests/integration/test_mock_injection.py::TestInjectionAtExecution::test_unmatched_path_passes_through PASSED [  2%]
tests/integration/test_mock_injection.py::TestInjectionAtExecution::test_no_mock_server_id_no_registration PASSED [  2%]
tests/integration/test_mock_injection.py::TestInjectionAtExecution::test_disabled_server_no_registration PASSED [  2%]
tests/integration/test_schedule_admission.py::TestSchedulerAdmissionChain::test_due_trigger_goes_through_admission PASSED [  2%]
tests/integration/test_schedule_admission.py::TestDisableSemantics::test_disabled_schedule_not_triggered_after_disable PASSED [  2%]
tests/integration/test_schedule_admission.py::TestDisableSemantics::test_disable_keeps_running_execution_untouched PASSED [  2%]
tests/integration/test_schedule_admission.py::TestManualScheduledParity::test_manual_and_scheduled_share_entry PASSED [  2%]
tests/routers/test_ai_drafts.py::test_all_contract_paths_are_registered PASSED [  2%]
tests/routers/test_ai_drafts.py::test_generate_and_list_roundtrip PASSED [  2%]
tests/routers/test_mock.py::TestServerCrud::test_create_and_get PASSED   [  2%]
tests/routers/test_mock.py::TestServerCrud::test_create_unknown_project_404 PASSED [  2%]
tests/routers/test_mock.py::TestServerCrud::test_list PASSED             [  2%]
tests/routers/test_mock.py::TestServerCrud::test_update_and_delete PASSED [  2%]
tests/routers/test_mock.py::TestRuleCrud::test_create_returns_fields PASSED [  3%]
tests/routers/test_mock.py::TestRuleCrud::test_bad_path_pattern_422[] PASSED [  3%]
tests/routers/test_mock.py::TestRuleCrud::test_bad_path_pattern_422[api/users] PASSED [  3%]
tests/routers/test_mock.py::TestRuleCrud::test_bad_path_pattern_422[/api/ :id] PASSED [  3%]
tests/routers/test_mock.py::TestRuleCrud::test_bad_path_pattern_422[/api/x?y=1] PASSED [  3%]
tests/routers/test_mock.py::TestRuleCrud::test_bad_path_pattern_422[/api/:/z] PASSED [  3%]
tests/routers/test_mock.py::TestRuleCrud::test_bad_method_422 PASSED     [  3%]
tests/routers/test_mock.py::TestRuleCrud::test_list_update_delete PASSED [  3%]
tests/routers/test_mock.py::TestRuleCrud::test_unknown_server_404 PASSED [  3%]
tests/routers/test_mock.py::TestRuleCrud::test_update_unknown_rule_404 PASSED [  3%]
tests/routers/test_mock.py::TestDryRun::test_dry_run_matched PASSED      [  3%]
tests/routers/test_mock.py::TestDryRun::test_dry_run_unmatched PASSED    [  3%]
tests/routers/test_mock.py::TestDryRun::test_dry_run_has_no_side_effect PASSED [  3%]
tests/routers/test_pipelines.py::TestPipelineCrud::test_create_returns_fields PASSED [  3%]
tests/routers/test_pipelines.py::TestPipelineCrud::test_create_unknown_project_404 PASSED [  3%]
tests/routers/test_pipelines.py::TestPipelineCrud::test_create_empty_stages_422 PASSED [  3%]
tests/routers/test_pipelines.py::TestPipelineCrud::test_create_missing_name_422 PASSED [  4%]
tests/routers/test_pipelines.py::TestPipelineCrud::test_list_and_detail PASSED [  4%]
tests/routers/test_pipelines.py::TestPipelineCrud::test_update PASSED    [  4%]
tests/routers/test_pipelines.py::TestPipelineCrud::test_delete PASSED    [  4%]
tests/routers/test_pipelines.py::TestTriggerAndRuns::test_manual_trigger_creates_run PASSED [  4%]
tests/routers/test_pipelines.py::TestTriggerAndRuns::test_run_detail_stages PASSED [  4%]
tests/routers/test_pipelines.py::TestTriggerAndRuns::test_run_detail_unknown_404 PASSED [  4%]
tests/routers/test_pipelines.py::TestTriggerAndRuns::test_trigger_unknown_404 PASSED [  4%]
tests/routers/test_pipelines.py::TestRunStatsSameCaliberAsExecutions::test_stage_stats_match_execution_api PASSED [  4%]
tests/routers/test_routers_cases.py::TestImportCases::test_import_excel_valid PASSED [  4%]
tests/routers/test_routers_cases.py::TestImportCases::test_import_no_file PASSED [  4%]
tests/routers/test_routers_cases.py::TestListCases::test_list_cases PASSED [  4%]
tests/routers/test_routers_cases.py::TestListCases::test_filter_by_status PASSED [  4%]
tests/routers/test_routers_cases.py::TestListCases::test_filter_by_status_no_match PASSED [  4%]
tests/routers/test_routers_cases.py::TestListCases::test_filter_by_priority PASSED [  4%]
tests/routers/test_routers_cases.py::TestListCases::test_search_by_keyword PASSED [  4%]
tests/routers/test_routers_cases.py::TestListCases::test_search_by_keyword_no_match PASSED [  4%]
tests/routers/test_routers_cases.py::TestGetCaseDetail::test_get_detail PASSED [  5%]
tests/routers/test_routers_cases.py::TestGetCaseDetail::test_get_detail_nonexistent PASSED [  5%]
tests/routers/test_routers_cases.py::TestDeleteCase::test_delete_single PASSED [  5%]
tests/routers/test_routers_cases.py::TestBatchDeleteCases::test_batch_delete PASSED [  5%]
tests/routers/test_routers_elements.py::TestCrawlElements::test_crawl_elements PASSED [  5%]
tests/routers/test_routers_elements.py::TestCrawlElements::test_crawl_nonexistent_project PASSED [  5%]
tests/routers/test_routers_elements.py::TestCrawlAndroidElements::test_crawl_android_success PASSED [  5%]
tests/routers/test_routers_elements.py::TestCrawlAndroidElements::test_crawl_android_result_error PASSED [  5%]
tests/routers/test_routers_elements.py::TestCrawlAndroidElements::test_crawl_android_exception PASSED [  5%]
tests/routers/test_routers_elements.py::TestListElements::test_list_elements PASSED [  5%]
tests/routers/test_routers_elements.py::TestListElements::test_list_nonexistent_project PASSED [  5%]
tests/routers/test_routers_elements.py::TestListElements::test_filter_by_element_type PASSED [  5%]
tests/routers/test_routers_elements.py::TestListElements::test_filter_by_keyword PASSED [  5%]
tests/routers/test_routers_elements.py::TestListElements::test_filter_by_keyword_no_match PASSED [  5%]
tests/routers/test_routers_elements.py::TestClearElements::test_clear_elements PASSED [  5%]
tests/routers/test_routers_elements.py::TestClearElements::test_clear_nonexistent_project PASSED [  5%]
tests/routers/test_routers_executions.py::test_create_execution PASSED   [  5%]
tests/routers/test_routers_executions.py::test_execute_without_generated_code PASSED [  6%]
tests/routers/test_routers_executions.py::test_execute_invalid_mode PASSED [  6%]
tests/routers/test_routers_executions.py::test_list_executions PASSED    [  6%]
tests/routers/test_routers_executions.py::test_list_executions_realtime_aggregates_progress PASSED [  6%]
tests/routers/test_routers_executions.py::test_list_executions_ignores_cached_stats PASSED [  6%]
tests/routers/test_routers_executions.py::test_list_executions_no_steps_fallback_to_cached PASSED [  6%]
tests/routers/test_routers_executions.py::test_list_executions_progress_zero_when_total_zero PASSED [  6%]
tests/routers/test_routers_executions.py::test_list_executions_healing_mixed_steps_failed_wins PASSED [  6%]
tests/routers/test_routers_executions.py::test_list_executions_includes_progress_field PASSED [  6%]
tests/routers/test_routers_executions.py::test_get_execution_detail PASSED [  6%]
tests/routers/test_routers_executions.py::test_get_execution_detail_with_failed_case PASSED [  6%]
tests/routers/test_routers_executions.py::test_get_execution_detail_nonexistent PASSED [  6%]
tests/routers/test_routers_executions.py::test_get_execution_status PASSED [  6%]
tests/routers/test_routers_executions.py::test_stop_execution PASSED     [  6%]
tests/routers/test_routers_executions.py::test_stop_execution_already_completed PASSED [  6%]
tests/routers/test_routers_executions.py::test_get_execution_status_nonexistent PASSED [  6%]
tests/routers/test_routers_executions.py::test_stop_execution_nonexistent PASSED [  6%]
tests/routers/test_routers_executions.py::TestCreateExecutionEdgeCases::test_create_with_nonexistent_case PASSED [  7%]
tests/routers/test_routers_executions.py::TestCreateExecutionEdgeCases::test_create_orchestrator_error_wrapped PASSED [  7%]
tests/routers/test_routers_executions.py::TestCreateExecutionEdgeCases::test_create_case_without_code_returns_per_case_reason PASSED [  7%]
tests/routers/test_routers_executions.py::TestCrossProjectProtection::test_detail_project_mismatch PASSED [  7%]
tests/routers/test_routers_executions.py::TestCrossProjectProtection::test_status_project_mismatch PASSED [  7%]
tests/routers/test_routers_executions.py::TestCrossProjectProtection::test_stop_project_mismatch PASSED [  7%]
tests/routers/test_routers_executions.py::TestDetailStatusClassification::test_detail_case_status[running-pending] PASSED [  7%]
tests/routers/test_routers_executions.py::TestDetailStatusClassification::test_detail_case_status[pending-pending] PASSED [  7%]
tests/routers/test_routers_executions.py::TestDetailStatusClassification::test_detail_case_status[skipped-skipped] PASSED [  7%]
tests/routers/test_routers_executions.py::TestDetailStatusClassification::test_detail_case_status[weird_status-unknown] PASSED [  7%]
tests/routers/test_routers_executions.py::TestStatusPollingDetail::test_status_returns_current_case PASSED [  7%]
tests/routers/test_routers_executions.py::TestStatusPollingDetail::test_status_latest_screenshot_after PASSED [  7%]
tests/routers/test_routers_executions.py::TestStatusPollingDetail::test_status_latest_screenshot_fallback_before PASSED [  7%]
tests/routers/test_routers_generate.py::test_single_generate PASSED      [  7%]
tests/routers/test_routers_generate.py::test_single_generate_nonexistent_case PASSED [  7%]
tests/routers/test_routers_generate.py::test_batch_generate PASSED       [  7%]
tests/routers/test_routers_generate.py::test_batch_generate_status PASSED [  8%]
tests/routers/test_routers_generate.py::test_batch_generate_status_unknown PASSED [  8%]
tests/routers/test_routers_generate.py::test_get_latest_code PASSED      [  8%]
tests/routers/test_routers_generate.py::test_get_latest_code_no_code PASSED [  8%]
tests/routers/test_routers_heal.py::TestManualHeal::test_manual_heal PASSED [  8%]
tests/routers/test_routers_heal.py::TestManualHeal::test_manual_heal_terminal_rejected PASSED [  8%]
tests/routers/test_routers_heal.py::TestManualHeal::test_manual_heal_step_not_found PASSED [  8%]
tests/routers/test_routers_heal.py::TestManualHeal::test_manual_heal_step_not_failed PASSED [  8%]
tests/routers/test_routers_heal.py::TestHealRecords::test_get_heal_records PASSED [  8%]
tests/routers/test_routers_heal.py::TestHealRecords::test_get_heal_records_empty PASSED [  8%]
tests/routers/test_routers_init.py::TestRouterImport::test_import_all_routers PASSED [  8%]
tests/routers/test_routers_init.py::TestRouterImport::test_routers_init_exports_all PASSED [  8%]
tests/routers/test_routers_init.py::TestRouterImport::test_each_router_is_apirouter PASSED [  8%]
tests/routers/test_routers_init.py::TestRouterImport::test_main_app_includes_all_routers PASSED [  8%]
tests/routers/test_routers_projects.py::TestListProjects::test_empty_list PASSED [  8%]
tests/routers/test_routers_projects.py::TestListProjects::test_list_with_data PASSED [  8%]
tests/routers/test_routers_projects.py::TestCreateProject::test_create_valid PASSED [  8%]
tests/routers/test_routers_projects.py::TestCreateProject::test_create_empty_name PASSED [  9%]
tests/routers/test_routers_projects.py::TestCreateProject::test_create_missing_target_url PASSED [  9%]
tests/routers/test_routers_projects.py::TestGetProject::test_get_existing PASSED [  9%]
tests/routers/test_routers_projects.py::TestGetProject::test_get_nonexistent PASSED [  9%]
tests/routers/test_routers_projects.py::TestUpdateProject::test_update_partial PASSED [  9%]
tests/routers/test_routers_projects.py::TestUpdateProject::test_update_nonexistent PASSED [  9%]
tests/routers/test_routers_projects.py::TestDeleteProject::test_delete_existing PASSED [  9%]
tests/routers/test_routers_projects.py::TestDeleteProject::test_delete_nonexistent PASSED [  9%]
tests/routers/test_routers_reports.py::TestGenerateReport::test_generate_report PASSED [  9%]
tests/routers/test_routers_reports.py::TestGenerateReport::test_generate_report_no_execution PASSED [  9%]
tests/routers/test_routers_reports.py::TestGenerateReport::test_generate_report_cached PASSED [  9%]
tests/routers/test_routers_reports.py::TestGetReport::test_get_report PASSED [  9%]
tests/routers/test_routers_reports.py::TestGetReport::test_get_report_not_found PASSED [  9%]
tests/routers/test_schedules.py::TestScheduleCrud::test_create_returns_fields_and_next_run PASSED [  9%]
tests/routers/test_schedules.py::TestScheduleCrud::test_create_unknown_project_404 PASSED [  9%]
tests/routers/test_schedules.py::TestScheduleCrud::test_list_by_project PASSED [  9%]
tests/routers/test_schedules.py::TestScheduleCrud::test_get_detail PASSED [  9%]
tests/routers/test_schedules.py::TestScheduleCrud::test_update_cron_recomputes_next_run PASSED [ 10%]
tests/routers/test_schedules.py::TestScheduleCrud::test_update_bad_cron_422 PASSED [ 10%]
tests/routers/test_schedules.py::TestScheduleCrud::test_delete PASSED    [ 10%]
tests/routers/test_schedules.py::TestEnableDisable::test_disable_sets_flag_and_stop_requested_at PASSED [ 10%]
tests/routers/test_schedules.py::TestEnableDisable::test_enable_only_toggles_flag PASSED [ 10%]
tests/routers/test_schedules.py::TestEnableDisable::test_disable_does_not_touch_running_execution PASSED [ 10%]
tests/routers/test_schedules.py::TestManualTrigger::test_trigger_calls_orchestrator_entry PASSED [ 10%]
tests/routers/test_schedules.py::TestManualTrigger::test_trigger_unknown_404 PASSED [ 10%]
tests/services/test_admission_service.py::TestAdmitFullPass::test_all_pass_ok_and_manifest_fields PASSED [ 10%]
tests/services/test_admission_service.py::TestAdmitFullPass::test_materialize_single_transaction PASSED [ 10%]
tests/services/test_admission_service.py::TestAdmitFullPass::test_source_ambiguity_rejected PASSED [ 10%]
tests/services/test_admission_service.py::TestAdmissionChecks::test_1_project_not_found PASSED [ 10%]
tests/services/test_admission_service.py::TestAdmissionChecks::test_2_case_not_exist PASSED [ 10%]
tests/services/test_admission_service.py::TestAdmissionChecks::test_3_duplicate_case_id PASSED [ 10%]
tests/services/test_admission_service.py::TestAdmissionChecks::test_4_case_not_belong_to_project PASSED [ 10%]
tests/services/test_admission_service.py::TestAdmissionChecks::test_5_steps_empty_or_invalid_json PASSED [ 10%]
tests/services/test_admission_service.py::TestAdmissionChecks::test_6_step_structure_incomplete PASSED [ 11%]
tests/services/test_admission_service.py::TestAdmissionChecks::test_7_step_index_duplicate PASSED [ 11%]
tests/services/test_admission_service.py::TestAdmissionChecks::test_8_no_code_id PASSED [ 11%]
tests/services/test_admission_service.py::TestAdmissionChecks::test_9_code_is_mock_rejected PASSED [ 11%]
tests/services/test_admission_service.py::TestAdmissionChecks::test_10_source_steps_hash_mismatch PASSED [ 11%]
tests/services/test_admission_service.py::TestBatchAdmission::test_batch_full_pass PASSED [ 11%]
tests/services/test_admission_service.py::TestBatchAdmission::test_batch_subset_rejected PASSED [ 11%]
tests/services/test_admission_service.py::TestBatchAdmission::test_batch_not_finalized_rejected PASSED [ 11%]
tests/services/test_admission_service.py::TestBatchAdmission::test_batch_mock_case_rejected PASSED [ 11%]
tests/services/test_ai_case_promote.py::test_promote_creates_test_case_with_source_ai_draft PASSED [ 11%]
tests/services/test_ai_case_promote.py::test_promote_produces_zero_execution_side_effects PASSED [ 11%]
tests/services/test_ai_case_promote.py::test_promote_requires_approved_review PASSED [ 11%]
tests/services/test_batch_generate_service.py::test_two_workers_interleave_and_freeze PASSED [ 11%]
tests/services/test_batch_generate_service.py::test_case_processing_exception_marks_failed_and_not_hang PASSED [ 11%]
tests/services/test_batch_generate_service.py::test_worker_crash_aborts_inflight_completes_rest_skipped PASSED [ 11%]
tests/services/test_batch_generate_service.py::test_create_job_rejects_duplicate_case_ids PASSED [ 11%]
tests/services/test_batch_generate_service.py::test_status_project_mismatch_404 PASSED [ 11%]
tests/services/test_batch_generate_service.py::test_ttl_expired_marks_task_expired_with_history PASSED [ 12%]
tests/services/test_batch_generate_service.py::test_new_process_sees_task_lost_with_history PASSED [ 12%]
tests/services/test_batch_generate_service.py::test_no_history_returns_404 PASSED [ 12%]
tests/services/test_batch_generate_service.py::test_router_and_orchestrator_share_singleton PASSED [ 12%]
tests/services/test_element_extraction_coverage.py::TestWhitelistCoverage::test_whitelist_contains_form_controls PASSED [ 12%]
tests/services/test_element_extraction_coverage.py::TestWhitelistCoverage::test_whitelist_contains_other_interactive_controls PASSED [ 12%]
tests/services/test_element_extraction_coverage.py::TestWhitelistCoverage::test_extract_js_built_from_single_whitelist PASSED [ 12%]
tests/services/test_element_extraction_coverage.py::TestSaucedemoLikePage::test_saucedemo_login_page_extracts_3_elements PASSED [ 12%]
tests/services/test_element_extraction_coverage.py::TestNewTypesGenerateSelector::test_each_type_is_extracted_and_generates_selector PASSED [ 12%]
tests/services/test_element_extraction_coverage.py::TestNewTypesGenerateSelector::test_selector_uses_expected_attribute_level PASSED [ 12%]
tests/services/test_env_context_unified.py::TestBuildTargetUrl::test_join_normal PASSED [ 12%]
tests/services/test_env_context_unified.py::TestBuildTargetUrl::test_strips_extra_slashes PASSED [ 12%]
tests/services/test_env_context_unified.py::TestBuildTargetUrl::test_trailing_slash_kept PASSED [ 12%]
tests/services/test_env_context_unified.py::TestBuildTargetUrl::test_empty_yields_root PASSED [ 12%]
tests/services/test_env_context_unified.py::TestFiveUrlsConsistent::test_crawl_uses_project_context PASSED [ 12%]
tests/services/test_env_context_unified.py::TestFiveUrlsConsistent::test_prompt_uses_project_context PASSED [ 12%]
tests/services/test_env_context_unified.py::TestFiveUrlsConsistent::test_pre_check_uses_project_context PASSED [ 12%]
tests/services/test_env_context_unified.py::TestFiveUrlsConsistent::test_execution_goto_uses_manifest_and_ignores_project_change PASSED [ 13%]
tests/services/test_env_context_unified.py::TestFiveUrlsConsistent::test_heal_navigation_uses_manifest PASSED [ 13%]
tests/services/test_env_context_unified.py::TestThreeLaunchesFromManifest::test_main_execution_launch PASSED [ 13%]
tests/services/test_env_context_unified.py::TestThreeLaunchesFromManifest::test_auto_heal_launch PASSED [ 13%]
tests/services/test_env_context_unified.py::TestThreeLaunchesFromManifest::test_manual_heal_launch PASSED [ 13%]
tests/services/test_env_context_unified.py::TestSsrf::test_validate_blocks_metadata PASSED [ 13%]
tests/services/test_env_context_unified.py::TestSsrf::test_policy_blocks_metadata PASSED [ 13%]
tests/services/test_env_context_unified.py::TestNoHardcodedChromiumLaunch::test_no_chromium_launch_in_app PASSED [ 13%]
tests/services/test_env_context_unified.py::TestSsrfSnapshotFrozen::test_manifest_frozen_after_config_change PASSED [ 13%]
tests/services/test_execution_seal.py::TestSealGuard::test_guard_rejects_all_terminal_statuses[completed] PASSED [ 13%]
tests/services/test_execution_seal.py::TestSealGuard::test_guard_rejects_all_terminal_statuses[stopped] PASSED [ 13%]
tests/services/test_execution_seal.py::TestSealGuard::test_guard_rejects_all_terminal_statuses[failed] PASSED [ 13%]
tests/services/test_execution_seal.py::TestSealGuard::test_guard_rejects_all_terminal_statuses[interrupted] PASSED [ 13%]
tests/services/test_execution_seal.py::TestSealGuard::test_guard_allows_non_terminal PASSED [ 13%]
tests/services/test_execution_seal.py::TestSealGuard::test_guard_ignores_missing_execution PASSED [ 13%]
tests/services/test_execution_seal.py::TestSealGuard::test_heal_claim_rejected_on_sealed_execution PASSED [ 13%]
tests/services/test_execution_seal.py::TestTerminalCommitAtomicity::test_seal_failed_writes_runtime_state_and_counters_in_one_commit PASSED [ 13%]
tests/services/test_execution_seal.py::TestTerminalCommitAtomicity::test_seal_completed_normal_success PASSED [ 14%]
tests/services/test_execution_seal.py::TestTerminalCommitAtomicity::test_seal_preserves_existing_runtime_code_id PASSED [ 14%]
tests/services/test_execution_seal.py::TestTerminalCommitAtomicity::test_seal_stopped_user_stopped PASSED [ 14%]
tests/services/test_extractor_shared_by_crawl_and_heal.py::TestSharedImportPaths::test_element_service_imports_shared_extract PASSED [ 14%]
tests/services/test_extractor_shared_by_crawl_and_heal.py::TestSharedImportPaths::test_element_service_imports_shared_generate PASSED [ 14%]
tests/services/test_extractor_shared_by_crawl_and_heal.py::TestSharedImportPaths::test_element_service_imports_shared_is_unique PASSED [ 14%]
tests/services/test_extractor_shared_by_crawl_and_heal.py::TestSharedImportPaths::test_heal_service_imports_shared_extract PASSED [ 14%]
tests/services/test_extractor_shared_by_crawl_and_heal.py::TestSharedImportPaths::test_heal_service_imports_shared_generate PASSED [ 14%]
tests/services/test_extractor_shared_by_crawl_and_heal.py::TestSharedImportPaths::test_heal_service_imports_shared_is_unique PASSED [ 14%]
tests/services/test_extractor_shared_by_crawl_and_heal.py::TestSharedImportPaths::test_heal_service_has_no_copied_implementation PASSED [ 14%]
tests/services/test_extractor_shared_by_crawl_and_heal.py::TestSharedImportPaths::test_element_service_has_no_copied_implementation PASSED [ 14%]
tests/services/test_extractor_shared_by_crawl_and_heal.py::TestSharedImportPaths::test_shared_module_exports_required_api PASSED [ 14%]
tests/services/test_extractor_shared_by_crawl_and_heal.py::TestSharedBehavior::test_both_services_produce_same_selector PASSED [ 14%]
tests/services/test_extractor_shared_by_crawl_and_heal.py::TestSharedBehavior::test_heal_recrawl_uses_shared_extract_and_selector PASSED [ 14%]
tests/services/test_extractor_shared_by_crawl_and_heal.py::TestSharedBehavior::test_element_service_extract_delegates_to_shared PASSED [ 14%]
tests/services/test_extractor_shared_by_crawl_and_heal.py::TestSharedBehavior::test_element_extractor_module_is_thread_local_singleton PASSED [ 14%]
tests/services/test_heal_ai_attempt.py::TestAIAttemptMapping::test_success_maps_to_ok PASSED [ 15%]
tests/services/test_heal_ai_attempt.py::TestAIAttemptMapping::test_429_maps_to_rate_limited PASSED [ 15%]
tests/services/test_heal_ai_attempt.py::TestAIAttemptMapping::test_5xx_maps_to_server_error PASSED [ 15%]
tests/services/test_heal_ai_attempt.py::TestAIAttemptMapping::test_connect_reset_maps_to_connect_error PASSED [ 15%]
tests/services/test_heal_ai_attempt.py::TestAIAttemptMapping::test_timeout_maps_to_read_timeout PASSED [ 15%]
tests/services/test_heal_ai_attempt.py::TestAIAttemptMapping::test_non_retryable_maps_to_http_4xx PASSED [ 15%]
tests/services/test_heal_ai_attempt.py::TestAIAttemptMapping::test_budget_exhausted_skips_http PASSED [ 15%]
tests/services/test_heal_ai_attempt.py::TestAIAttemptMapping::test_deadline_exceeded_exception_maps PASSED [ 15%]
tests/services/test_heal_ai_attempt.py::TestAIAttemptMapping::test_admission_failure_returns_ai_request_failed PASSED [ 15%]
tests/services/test_heal_ai_attempt.py::TestRoundRetryAuthority::test_retryable_sequence_caps_http_at_max_retry PASSED [ 15%]
tests/services/test_heal_ai_attempt.py::TestRoundRetryAuthority::test_retryable_backoff_before_each_continue PASSED [ 15%]
tests/services/test_heal_ai_attempt.py::TestRoundRetryAuthority::test_non_retryable_breaks_immediately PASSED [ 15%]
tests/services/test_heal_ai_attempt.py::TestRoundRetryAuthority::test_budget_exhausted_closes_as_deadline PASSED [ 15%]
tests/services/test_heal_ai_attempt.py::TestRoundRetryAuthority::test_round_never_calls_private_heal_ai PASSED [ 15%]
tests/services/test_heal_candidate_isolation.py::TestCandidateIsolation::test_failed_candidate_not_in_generated_codes PASSED [ 15%]
tests/services/test_heal_candidate_isolation.py::TestCandidateIsolation::test_winning_candidate_persisted_as_healed PASSED [ 15%]
tests/services/test_heal_diagnose.py::TestDiagnoseFixture::test_three_records_match_fixture PASSED [ 15%]
tests/services/test_heal_diagnose.py::TestDiagnoseFixture::test_script_is_read_only PASSED [ 16%]
tests/services/test_heal_diagnose.py::TestDiagnoseFixture::test_inference_never_written_to_db PASSED [ 16%]
tests/services/test_heal_diagnose.py::TestAttemptsSchemaBranch::test_parse_a_schema PASSED [ 16%]
tests/services/test_heal_diagnose.py::TestAttemptsSchemaBranch::test_parse_b_schema PASSED [ 16%]
tests/services/test_heal_diagnose.py::TestAttemptsSchemaBranch::test_a_schema_record_classified_by_error_type PASSED [ 16%]
tests/services/test_heal_diagnose.py::TestAttemptsSchemaBranch::test_cancelled_maps_to_cancelled PASSED [ 16%]
tests/services/test_heal_diagnose.py::TestAttemptsSchemaBranch::test_unknown_schema_not_guessed PASSED [ 16%]
tests/services/test_heal_finalization.py::TestFinalization::test_phase_b_retry_without_recalling_ai PASSED [ 16%]
tests/services/test_heal_finalization.py::TestFinalization::test_retry_finalization_succeeds_and_commits PASSED [ 16%]
tests/services/test_heal_finalization.py::TestFinalization::test_phase_b_stop_cancels_finalization PASSED [ 16%]
tests/services/test_heal_finalization.py::TestFinalization::test_phase_a_failure_closes_heal_finalization_error PASSED [ 16%]
tests/services/test_heal_recovery.py::TestRecoveryConvergence::test_recovery_cancels_open_rounds PASSED [ 16%]
tests/services/test_heal_recovery.py::TestRecoveryConvergence::test_infra_rerun_failure_upgrades_execution_failed PASSED [ 16%]
tests/services/test_heal_recovery.py::TestRecoveryConvergence::test_heal_exhausted_mixed_failure PASSED [ 16%]
tests/services/test_heal_round_guard.py::TestClaimRoundGuard::test_concurrent_claim_only_one_succeeds PASSED [ 16%]
tests/services/test_heal_round_guard.py::TestClaimRoundGuard::test_duplicate_claim_rejected PASSED [ 16%]
tests/services/test_heal_round_guard.py::TestClaimRoundGuard::test_claim_rejected_when_execution_terminal PASSED [ 16%]
tests/services/test_heal_round_guard.py::TestClaimRoundGuard::test_no_failed_step_skips_heal PASSED [ 17%]
tests/services/test_manifest_immutable.py::TestManifestImmutable::test_admission_freeze_manifest_and_runtime PASSED [ 17%]
tests/services/test_manifest_immutable.py::TestManifestImmutable::test_drift_after_modification_rejects_start PASSED [ 17%]
tests/services/test_manifest_immutable.py::TestManifestImmutable::test_no_drift_allows_start PASSED [ 17%]
tests/services/test_mock_runs_under_new_rules.py::TestMockValidator::test_web_mock_passes_validator PASSED [ 17%]
tests/services/test_mock_runs_under_new_rules.py::TestMockValidator::test_android_mock_passes_validator PASSED [ 17%]
tests/services/test_mock_runs_under_new_rules.py::TestMockValidator::test_web_mock_no_external_dependencies PASSED [ 17%]
tests/services/test_mock_runs_under_new_rules.py::TestMockValidator::test_android_mock_no_external_dependencies PASSED [ 17%]
tests/services/test_mock_runs_under_new_rules.py::TestMockExecution::test_web_mock_executes_under_new_namespace PASSED [ 17%]
tests/services/test_mock_runs_under_new_rules.py::TestMockExecution::test_android_mock_executes_under_new_namespace PASSED [ 17%]
tests/services/test_mock_runs_under_new_rules.py::TestMockExecution::test_namespace_driver_is_proxy PASSED [ 17%]
tests/services/test_mock_service.py::TestHandler::test_matched_returns_custom_response PASSED [ 17%]
tests/services/test_mock_service.py::TestHandler::test_unmatched_passes_through PASSED [ 17%]
tests/services/test_mock_service.py::TestHandler::test_method_mismatch_passes_through PASSED [ 17%]
tests/services/test_mock_service.py::TestHandler::test_delay_ms_awaited_with_seconds PASSED [ 17%]
tests/services/test_mock_service.py::TestHandler::test_delay_ms_wall_clock_at_least_delay PASSED [ 17%]
tests/services/test_mock_service.py::TestInstall::test_install_registers_one_route PASSED [ 18%]
tests/services/test_mock_service.py::TestInstall::test_install_skips_disabled_server PASSED [ 18%]
tests/services/test_mock_service.py::TestInstall::test_install_skips_unknown_server PASSED [ 18%]
tests/services/test_mock_service.py::TestSourceNoAppiumTouch::test_source_has_no_appium_dependency PASSED [ 18%]
tests/services/test_no_import_in_namespace.py::TestAllowedBuiltinsNoImport::test_web_allowed_builtins_no_import PASSED [ 18%]
tests/services/test_no_import_in_namespace.py::TestAllowedBuiltinsNoImport::test_android_allowed_builtins_no_import PASSED [ 18%]
tests/services/test_no_import_in_namespace.py::TestAllowedBuiltinsNoImport::test_web_namespace_builtins_no_import PASSED [ 18%]
tests/services/test_no_import_in_namespace.py::TestAllowedBuiltinsNoImport::test_android_namespace_builtins_no_import PASSED [ 18%]
tests/services/test_no_import_in_namespace.py::TestNamespaceNoStdlibModules::test_web_namespace_no_stdlib_modules PASSED [ 18%]
tests/services/test_no_import_in_namespace.py::TestNamespaceNoStdlibModules::test_android_namespace_no_stdlib_modules PASSED [ 18%]
tests/services/test_no_import_in_namespace.py::TestAndroidNamespaceControlledDriver::test_namespace_driver_is_driver_proxy PASSED [ 18%]
tests/services/test_no_import_in_namespace.py::TestAndroidNamespaceControlledDriver::test_namespace_appiumby_is_wrapper PASSED [ 18%]
tests/services/test_no_import_in_namespace.py::TestAndroidNamespaceControlledDriver::test_namespace_has_controlled_sleep PASSED [ 18%]
tests/services/test_no_import_in_namespace.py::TestAndroidNamespaceControlledDriver::test_namespace_hooks_and_print PASSED [ 18%]
tests/services/test_no_import_in_namespace.py::TestDriverProxyElementProxy::test_find_element_returns_element_proxy PASSED [ 18%]
tests/services/test_no_import_in_namespace.py::TestDriverProxyElementProxy::test_find_elements_returns_element_proxy_list PASSED [ 18%]
tests/services/test_no_import_in_namespace.py::TestDriverProxyElementProxy::test_element_proxy_click_passthrough PASSED [ 18%]
tests/services/test_no_import_in_namespace.py::TestDriverProxyElementProxy::test_element_proxy_send_keys_passthrough PASSED [ 19%]
tests/services/test_no_import_in_namespace.py::TestDriverProxyElementProxy::test_element_proxy_get_attribute_returns_value PASSED [ 19%]
tests/services/test_no_import_in_namespace.py::TestDriverProxyElementProxy::test_element_proxy_recursive_find PASSED [ 19%]
tests/services/test_no_import_in_namespace.py::TestDriverProxyElementProxy::test_element_proxy_properties_data_only PASSED [ 19%]
tests/services/test_no_import_in_namespace.py::TestDriverProxyElementProxy::test_driver_proxy_reflection_escape_blocked PASSED [ 19%]
tests/services/test_no_import_in_namespace.py::TestDriverProxyElementProxy::test_driver_proxy_unknown_method_blocked PASSED [ 19%]
tests/services/test_no_import_in_namespace.py::TestDriverProxyElementProxy::test_element_proxy_reflection_escape_blocked PASSED [ 19%]
tests/services/test_no_latest_code_backdoor.py::TestNoLatestBackdoor::test_resolver_reads_frozen_runtime_state_not_latest PASSED [ 19%]
tests/services/test_no_latest_code_backdoor.py::TestNoLatestBackdoor::test_resolver_returns_none_when_runtime_state_missing PASSED [ 19%]
tests/services/test_no_latest_code_backdoor.py::TestNoLatestBackdoor::test_no_latest_code_backdoor_in_execution_heal_report_source PASSED [ 19%]
tests/services/test_no_latest_code_backdoor.py::TestNoLatestBackdoor::test_runtime_state_has_per_case_active_code PASSED [ 19%]
tests/services/test_no_latest_code_backdoor.py::TestNoBypassCreateExecution::test_executor_no_longer_creates_execution_rows PASSED [ 19%]
tests/services/test_no_latest_code_backdoor.py::TestNoBypassCreateExecution::test_admission_failure_no_partial_execution PASSED [ 19%]
tests/services/test_pipeline_service.py::TestTriggerThroughAdmission::test_trigger_goes_through_admission PASSED [ 19%]
tests/services/test_pipeline_service.py::TestReentryGuard::test_reentry_rejected_409 PASSED [ 19%]
tests/services/test_pipeline_service.py::TestReentryGuard::test_disabled_pipeline_rejected_409 PASSED [ 19%]
tests/services/test_pipeline_service.py::TestDerivedStatus::test_derive_status_matrix[statuses0-success] PASSED [ 19%]
tests/services/test_pipeline_service.py::TestDerivedStatus::test_derive_status_matrix[statuses1-failed] PASSED [ 20%]
tests/services/test_pipeline_service.py::TestDerivedStatus::test_derive_status_matrix[statuses2-failed] PASSED [ 20%]
tests/services/test_pipeline_service.py::TestDerivedStatus::test_derive_status_matrix[statuses3-failed] PASSED [ 20%]
tests/services/test_pipeline_service.py::TestDerivedStatus::test_derive_status_matrix[statuses4-running] PASSED [ 20%]
tests/services/test_pipeline_service.py::TestDerivedStatus::test_derive_status_matrix[statuses5-queued] PASSED [ 20%]
tests/services/test_pipeline_service.py::TestDerivedStatus::test_derive_status_no_execution_is_queued PASSED [ 20%]
tests/services/test_pipeline_service.py::TestSourceNoSecondContract::test_source_references_orchestrator_entry PASSED [ 20%]
tests/services/test_report_resolver_only.py::TestNoSelfJudgingBranch::test_whitelisted_resolver_is_referenced PASSED [ 20%]
tests/services/test_report_resolver_only.py::TestNoSelfJudgingBranch::test_no_forbidden_status_judger PASSED [ 20%]
tests/services/test_report_resolver_only.py::TestNoSelfJudgingBranch::test_no_self_judging_fallback PASSED [ 20%]
tests/services/test_report_resolver_only.py::TestRenderMatchesResolver::test_final_status_matches_resolver[interrupted-skip] PASSED [ 20%]
tests/services/test_report_resolver_only.py::TestRenderMatchesResolver::test_final_status_matches_resolver[user-stopped-skip] PASSED [ 20%]
tests/services/test_report_resolver_only.py::TestRenderMatchesResolver::test_final_status_matches_resolver[circuit-open-skip] PASSED [ 20%]
tests/services/test_report_resolver_only.py::TestRenderMatchesResolver::test_final_status_matches_resolver[plain-skip] PASSED [ 20%]
tests/services/test_report_resolver_only.py::TestRenderMatchesResolver::test_final_status_matches_resolver[business-failed] PASSED [ 20%]
tests/services/test_report_resolver_only.py::TestRenderMatchesResolver::test_final_status_matches_resolver[platform-failed] PASSED [ 20%]
tests/services/test_report_resolver_only.py::TestRenderMatchesResolver::test_final_status_matches_resolver[success] PASSED [ 20%]
tests/services/test_report_resolver_only.py::TestRenderMatchesResolver::test_final_status_matches_resolver[pending] PASSED [ 21%]
tests/services/test_report_resolver_only.py::TestRenderMatchesResolver::test_final_status_matches_resolver[malformed] PASSED [ 21%]
tests/services/test_report_resolver_only.py::TestRenderMatchesResolver::test_final_status_matches_resolver[incomplete] PASSED [ 21%]
tests/services/test_report_resolver_only.py::TestRenderMatchesResolver::test_sealed_case_status_not_trusted_over_resolver PASSED [ 21%]
tests/services/test_report_terminal.py::TestReportTypeMapping::test_mapping_pinned PASSED [ 21%]
tests/services/test_report_terminal.py::TestReportTypeMapping::test_non_terminal_falls_back_to_full PASSED [ 21%]
tests/services/test_report_terminal.py::TestReportTypeMapping::test_terminal_status_generates_matching_report[completed-full] PASSED [ 21%]
tests/services/test_report_terminal.py::TestReportTypeMapping::test_terminal_status_generates_matching_report[stopped-partial] PASSED [ 21%]
tests/services/test_report_terminal.py::TestReportTypeMapping::test_terminal_status_generates_matching_report[failed-diagnostic] PASSED [ 21%]
tests/services/test_report_terminal.py::TestReportTypeMapping::test_terminal_status_generates_matching_report[interrupted-interrupted] PASSED [ 21%]
tests/services/test_report_terminal.py::TestReportTypeMapping::test_single_execution_only_one_report_type PASSED [ 21%]
tests/services/test_report_terminal.py::TestReportManifestSnapshot::test_report_uses_manifest_snapshot_not_current_project PASSED [ 21%]
tests/services/test_report_terminal.py::TestReportClaimFencing::test_stale_token_writeback_does_not_override PASSED [ 21%]
tests/services/test_report_terminal.py::TestReportClaimFencing::test_stale_token_failed_writeback_does_not_override PASSED [ 21%]
tests/services/test_report_terminal.py::TestReportClaimFencing::test_generating_not_timed_out_conflicts PASSED [ 21%]
tests/services/test_report_terminal.py::TestReportClaimFencing::test_failed_can_reclaim PASSED [ 21%]
tests/services/test_scheduler.py::TestRunDue::test_due_schedule_triggers_via_orchestrator PASSED [ 22%]
tests/services/test_scheduler.py::TestRunDue::test_disabled_schedule_not_triggered PASSED [ 22%]
tests/services/test_scheduler.py::TestRunDue::test_future_schedule_not_triggered PASSED [ 22%]
tests/services/test_scheduler.py::TestRunDue::test_trigger_failure_isolated PASSED [ 22%]
tests/services/test_scheduler.py::TestManualTriggerSameEntry::test_trigger_now_uses_same_orchestrator_entry PASSED [ 22%]
tests/services/test_scheduler.py::TestSourceNoBypass::test_source_references_orchestrator_entry PASSED [ 22%]
tests/services/test_scheduler.py::TestSourceNoBypass::test_source_has_no_direct_execution_bypass PASSED [ 22%]
tests/services/test_screenshot_path_policy.py::TestScreenshotPathPolicyResolve::test_resolve_uploads_screenshots_ok PASSED [ 22%]
tests/services/test_screenshot_path_policy.py::TestScreenshotPathPolicyResolve::test_resolve_nested_relative_subpath PASSED [ 22%]
tests/services/test_screenshot_path_policy.py::TestScreenshotPathPolicyResolve::test_no_uploads_uploads_stacking PASSED [ 22%]
tests/services/test_screenshot_path_policy.py::TestScreenshotPathPolicyResolve::test_empty_path_returns_empty PASSED [ 22%]
tests/services/test_screenshot_path_policy.py::TestScreenshotPathPolicyResolve::test_backslash_normalized PASSED [ 22%]
tests/services/test_screenshot_path_policy.py::TestScreenshotPathPolicyRejects::test_rejects_reports_path PASSED [ 22%]
tests/services/test_screenshot_path_policy.py::TestScreenshotPathPolicyRejects::test_rejects_uploads_uploads_path PASSED [ 22%]
tests/services/test_screenshot_path_policy.py::TestScreenshotPathPolicyRejects::test_rejects_parent_traversal PASSED [ 22%]
tests/services/test_screenshot_path_policy.py::TestScreenshotPathPolicyRejects::test_rejects_absolute_path PASSED [ 22%]
tests/services/test_screenshot_path_policy.py::TestScreenshotPathPolicyRejects::test_rejects_bare_path PASSED [ 22%]
tests/services/test_screenshot_path_policy.py::TestIsScreenshotPath::test_true_for_valid_prefix PASSED [ 23%]
tests/services/test_screenshot_path_policy.py::TestIsScreenshotPath::test_false_for_others PASSED [ 23%]
tests/services/test_screenshot_path_policy.py::TestDriverProxySaveScreenshot::test_valid_path_delegates_resolved PASSED [ 23%]
tests/services/test_screenshot_path_policy.py::TestDriverProxySaveScreenshot::test_invalid_path_raises PASSED [ 23%]
tests/services/test_screenshot_path_policy.py::TestDriverProxySaveScreenshot::test_empty_path_raises PASSED [ 23%]
tests/services/test_selector_fallback_identity.py::TestHierarchyFallbackIdentity::test_nth_of_type_expands_upward_when_not_globally_unique PASSED [ 23%]
tests/services/test_selector_fallback_identity.py::TestHierarchyFallbackIdentity::test_count_1_but_other_element_rejected_and_expands PASSED [ 23%]
tests/services/test_selector_fallback_identity.py::TestHierarchyFallbackIdentity::test_no_identity_handle_degrades_to_xpath PASSED [ 23%]
tests/services/test_selector_fallback_identity.py::TestHierarchyFallbackIdentity::test_hierarchy_exhausted_degrades_to_xpath PASSED [ 23%]
tests/services/test_selector_fallback_identity.py::TestHierarchyFallbackIdentity::test_fallback_selector_never_uses_locator_nth PASSED [ 23%]
tests/services/test_selector_fallback_identity.py::TestIdentityContext::test_extract_elements_keeps_identity_handle_in_memory PASSED [ 23%]
tests/services/test_selector_uniqueness.py::TestIsUniqueWithHasText::test_has_text_unique_returns_true PASSED [ 23%]
tests/services/test_selector_uniqueness.py::TestIsUniqueWithHasText::test_has_text_multiple_returns_false PASSED [ 23%]
tests/services/test_selector_uniqueness.py::TestIsUniqueWithHasText::test_has_text_zero_returns_false PASSED [ 23%]
tests/services/test_selector_uniqueness.py::TestIsUniqueWithHasText::test_locator_error_returns_false PASSED [ 23%]
tests/services/test_selector_uniqueness.py::TestHasTextDegradation::test_same_text_two_buttons_degrades_to_hierarchy PASSED [ 23%]
tests/services/test_selector_uniqueness.py::TestHasTextDegradation::test_has_text_unique_selector_accepted PASSED [ 23%]
tests/services/test_service_ai.py::TestGenerateSingle::test_generate_single_valid_case PASSED [ 24%]
tests/services/test_service_ai.py::TestGenerateSingle::test_generate_single_nonexistent_case PASSED [ 24%]
tests/services/test_service_ai.py::TestGenerateSingle::test_generate_single_no_steps PASSED [ 24%]
tests/services/test_service_ai.py::TestGenerateSingle::test_generate_single_stores_code PASSED [ 24%]
tests/services/test_service_ai.py::TestGenerateSingle::test_generate_single_invalid_code PASSED [ 24%]
tests/services/test_service_ai.py::TestGenerateSingle::test_generate_single_network_error PASSED [ 24%]
tests/services/test_service_ai.py::TestGenerateSingle::test_generate_single_security_error PASSED [ 24%]
tests/services/test_service_ai.py::TestMatchElements::test_match_elements_exact_match PASSED [ 24%]
tests/services/test_service_ai.py::TestMatchElements::test_match_elements_no_match PASSED [ 24%]
tests/services/test_service_ai.py::TestMatchElements::test_match_elements_selector_pattern PASSED [ 24%]
tests/services/test_service_ai.py::TestMatchElements::test_match_elements_best_match PASSED [ 24%]
tests/services/test_service_ai.py::TestMatchElements::test_match_elements_empty_target PASSED [ 24%]
tests/services/test_service_ai.py::TestMatchElements::test_match_elements_by_placeholder PASSED [ 24%]
tests/services/test_service_ai.py::TestMatchElements::test_match_elements_by_name PASSED [ 24%]
tests/services/test_service_ai.py::TestMatchElements::test_match_elements_by_element_id PASSED [ 24%]
tests/services/test_service_ai.py::TestMatchElements::test_match_elements_by_class_name PASSED [ 24%]
tests/services/test_service_ai.py::TestMatchElements::test_match_elements_by_element_type PASSED [ 25%]
tests/services/test_service_ai.py::TestMatchElements::test_match_elements_empty_element_type_skipped PASSED [ 25%]
tests/services/test_service_ai.py::TestMatchElements::test_match_elements_empty_candidate_skipped PASSED [ 25%]
tests/services/test_service_ai.py::TestMatchElements::test_match_elements_clean_produces_empty PASSED [ 25%]
tests/services/test_service_ai.py::TestBuildPrompt::test_build_prompt_placeholders_filled PASSED [ 25%]
tests/services/test_service_ai.py::TestBuildPrompt::test_build_prompt_default_values PASSED [ 25%]
tests/services/test_service_ai.py::TestBuildPrompt::test_build_prompt_fallback_template PASSED [ 25%]
tests/services/test_service_ai.py::TestFormatElements::test_format_elements_empty PASSED [ 25%]
tests/services/test_service_ai.py::TestFormatElements::test_format_elements_all_fields PASSED [ 25%]
tests/services/test_service_ai.py::TestCallOpenAI::test_call_openai_no_api_key_returns_mock PASSED [ 25%]
tests/services/test_service_ai.py::TestCallOpenAI::test_call_openai_retry_success PASSED [ 25%]
tests/services/test_service_ai.py::TestCallOpenAI::test_call_openai_retry_exhausted PASSED [ 25%]
tests/services/test_service_ai.py::TestCallOpenAI::test_circuit_breaker_raises_when_quota_exhausted PASSED [ 25%]
tests/services/test_service_ai.py::TestCallOpenAI::test_mock_mode_does_not_consume_quota PASSED [ 25%]
tests/services/test_service_ai.py::TestVisionCall::test_vision_no_api_key_returns_empty PASSED [ 25%]
tests/services/test_service_ai.py::TestVisionCall::test_vision_success PASSED [ 25%]
tests/services/test_service_ai.py::TestVisionCall::test_vision_retry_then_success PASSED [ 25%]
tests/services/test_service_ai.py::TestVisionCall::test_vision_all_failed_returns_empty PASSED [ 26%]
tests/services/test_service_ai.py::TestVisionCall::test_vision_circuit_breaker_returns_empty PASSED [ 26%]
tests/services/test_service_ai.py::TestRateLimiter::test_acquire_returns_true_below_limit PASSED [ 26%]
tests/services/test_service_ai.py::TestRateLimiter::test_acquire_returns_false_when_full PASSED [ 26%]
tests/services/test_service_ai.py::TestRateLimiter::test_window_expiry_cleans_old_records PASSED [ 26%]
tests/services/test_service_ai.py::TestRateLimiter::test_recent_count_cleans_expired PASSED [ 26%]
tests/services/test_service_ai.py::TestExtractCode::test_extract_code_from_markdown_python PASSED [ 26%]
tests/services/test_service_ai.py::TestExtractCode::test_extract_code_from_markdown_plain PASSED [ 26%]
tests/services/test_service_ai.py::TestExtractCode::test_extract_code_plain PASSED [ 26%]
tests/services/test_service_ai.py::TestExtractCode::test_extract_code_whitespace PASSED [ 26%]
tests/services/test_service_ai.py::TestExtractCode::test_extract_code_no_closing_fence PASSED [ 26%]
tests/services/test_service_ai.py::TestValidateSyntax::test_validate_syntax_valid PASSED [ 26%]
tests/services/test_service_ai.py::TestValidateSyntax::test_validate_syntax_error PASSED [ 26%]
tests/services/test_service_ai.py::TestGenerateBatch::test_batch_partial_failure PASSED [ 26%]
tests/services/test_service_ai.py::TestGenerateBatch::test_batch_empty_list PASSED [ 26%]
tests/services/test_service_ai.py::TestGenerateBatch::test_batch_all_success PASSED [ 26%]
tests/services/test_service_ai.py::TestGenerateBatchSync::test_generate_batch_sync PASSED [ 26%]
tests/services/test_service_ai.py::TestGenerateBatchSync::test_generate_batch_sync_with_failure PASSED [ 27%]
tests/services/test_service_ai.py::TestGetLatestCode::test_get_latest_code_with_data PASSED [ 27%]
tests/services/test_service_ai.py::TestGetLatestCode::test_get_latest_code_no_code PASSED [ 27%]
tests/services/test_service_ai.py::TestGetLatestCode::test_get_latest_code_nonexistent_case PASSED [ 27%]
tests/services/test_service_ai.py::TestMockCode::test_mock_code_structure PASSED [ 27%]
tests/services/test_service_ai.py::TestMockCode::test_mock_code_with_steps PASSED [ 27%]
tests/services/test_service_ai.py::TestMockCode::test_mock_code_click_without_target PASSED [ 27%]
tests/services/test_service_ai.py::TestMockCode::test_mock_code_select_without_target PASSED [ 27%]
tests/services/test_service_ai.py::TestMockCode::test_mock_code_wait_action PASSED [ 27%]
tests/services/test_service_ai.py::TestMockCode::test_mock_code_screenshot_action PASSED [ 27%]
tests/services/test_service_ai.py::TestMockCode::test_mock_code_unrecognized_action PASSED [ 27%]
tests/services/test_service_ai.py::TestMockCode::test_mock_code_invalid_json PASSED [ 27%]
tests/services/test_service_ai.py::TestMockCode::test_mock_code_fill_without_target PASSED [ 27%]
tests/services/test_service_ai.py::TestMockCode::test_mock_code_select_with_target PASSED [ 27%]
tests/services/test_service_ai.py::TestMockAndroidCode::test_platform_android_dispatches_to_android PASSED [ 27%]
tests/services/test_service_ai.py::TestMockAndroidCode::test_mock_android_structure PASSED [ 27%]
tests/services/test_service_ai.py::TestMockAndroidCode::test_click_with_target PASSED [ 27%]
tests/services/test_service_ai.py::TestMockAndroidCode::test_click_without_target PASSED [ 28%]
tests/services/test_service_ai.py::TestMockAndroidCode::test_fill_with_target PASSED [ 28%]
tests/services/test_service_ai.py::TestMockAndroidCode::test_fill_without_target PASSED [ 28%]
tests/services/test_service_ai.py::TestMockAndroidCode::test_wait_with_numeric_value PASSED [ 28%]
tests/services/test_service_ai.py::TestMockAndroidCode::test_wait_with_non_numeric_value PASSED [ 28%]
tests/services/test_service_ai.py::TestMockAndroidCode::test_back_action PASSED [ 28%]
tests/services/test_service_ai.py::TestMockAndroidCode::test_screenshot_action PASSED [ 28%]
tests/services/test_service_ai.py::TestMockAndroidCode::test_unrecognized_action PASSED [ 28%]
tests/services/test_service_ai.py::TestMockAndroidCode::test_invalid_json PASSED [ 28%]
tests/services/test_service_ai.py::TestMockAndroidCode::test_special_chars_escaped PASSED [ 28%]
tests/services/test_service_ai.py::TestElementMatchingIntegration::test_match_elements_in_generate_single PASSED [ 28%]
tests/services/test_service_android_crawl.py::TestMapElementType::test_button PASSED [ 28%]
tests/services/test_service_android_crawl.py::TestMapElementType::test_edit_text PASSED [ 28%]
tests/services/test_service_android_crawl.py::TestMapElementType::test_checkbox PASSED [ 28%]
tests/services/test_service_android_crawl.py::TestMapElementType::test_radio_button PASSED [ 28%]
tests/services/test_service_android_crawl.py::TestMapElementType::test_switch PASSED [ 28%]
tests/services/test_service_android_crawl.py::TestMapElementType::test_toggle_button PASSED [ 29%]
tests/services/test_service_android_crawl.py::TestMapElementType::test_spinner PASSED [ 29%]
tests/services/test_service_android_crawl.py::TestMapElementType::test_image PASSED [ 29%]
tests/services/test_service_android_crawl.py::TestMapElementType::test_text_view PASSED [ 29%]
tests/services/test_service_android_crawl.py::TestMapElementType::test_clickable_fallback PASSED [ 29%]
tests/services/test_service_android_crawl.py::TestMapElementType::test_container_default PASSED [ 29%]
tests/services/test_service_android_crawl.py::TestGenerateSelector::test_resource_id_priority PASSED [ 29%]
tests/services/test_service_android_crawl.py::TestGenerateSelector::test_resource_id_without_slash PASSED [ 29%]
tests/services/test_service_android_crawl.py::TestGenerateSelector::test_content_desc_fallback PASSED [ 29%]
tests/services/test_service_android_crawl.py::TestGenerateSelector::test_content_desc_escapes_quote PASSED [ 29%]
tests/services/test_service_android_crawl.py::TestGenerateSelector::test_text_xpath_fallback PASSED [ 29%]
tests/services/test_service_android_crawl.py::TestGenerateSelector::test_text_xpath_escapes_quotes PASSED [ 29%]
tests/services/test_service_android_crawl.py::TestGenerateSelector::test_class_index_last_resort PASSED [ 29%]
tests/services/test_service_android_crawl.py::TestParseAttributes::test_hyphen_and_plain_attributes PASSED [ 29%]
tests/services/test_service_android_crawl.py::TestParseAttributes::test_namespace_prefix_stripped PASSED [ 29%]
tests/services/test_service_android_crawl.py::TestParsePageSource::test_parse_basic_elements PASSED [ 29%]
tests/services/test_service_android_crawl.py::TestParsePageSource::test_parse_empty_hierarchy PASSED [ 29%]
tests/services/test_service_android_crawl.py::TestParsePageSource::test_parse_invalid_xml_raises PASSED [ 30%]
tests/services/test_service_android_crawl.py::TestParsePageSource::test_dedup_identical_elements PASSED [ 30%]
tests/services/test_service_android_crawl.py::TestParsePageSource::test_clickable_non_interactive_class_included PASSED [ 30%]
tests/services/test_service_android_crawl.py::TestParsePageSource::test_depth_limit_skips_deep_nodes PASSED [ 30%]
tests/services/test_service_android_crawl.py::TestExtractElements::test_extract_elements_success PASSED [ 30%]
tests/services/test_service_android_crawl.py::TestExtractElements::test_extract_elements_quit_failure_ignored PASSED [ 30%]
tests/services/test_service_android_crawl.py::TestCrawl::test_crawl_project_not_found PASSED [ 30%]
tests/services/test_service_android_crawl.py::TestCrawl::test_crawl_rejects_web_project PASSED [ 30%]
tests/services/test_service_android_crawl.py::TestCrawl::test_crawl_success_saves_elements PASSED [ 30%]
tests/services/test_service_android_crawl.py::TestCrawl::test_crawl_clears_old_android_elements PASSED [ 30%]
tests/services/test_service_android_crawl.py::TestCrawl::test_crawl_extract_error_returns_result PASSED [ 30%]
tests/services/test_service_appium.py::TestAppiumExecuteCase::test_click PASSED [ 30%]
tests/services/test_service_appium.py::TestAppiumExecuteCase::test_input PASSED [ 30%]
tests/services/test_service_appium.py::TestAppiumExecuteCase::test_wait PASSED [ 30%]
tests/services/test_service_appium.py::TestAppiumExecuteCase::test_back PASSED [ 30%]
tests/services/test_service_appium.py::TestAppiumExecuteCase::test_start_activity PASSED [ 30%]
tests/services/test_service_appium.py::TestAppiumExecuteCase::test_screenshot PASSED [ 30%]
tests/services/test_service_appium.py::TestAppiumExecuteCase::test_failure_step_recorded PASSED [ 31%]
tests/services/test_service_appium.py::TestAppiumExecuteCase::test_failure_exception_type PASSED [ 31%]
tests/services/test_service_appium.py::TestAppiumExecuteCase::test_no_code_returns_false PASSED [ 31%]
tests/services/test_service_appium.py::TestAppiumExecuteCase::test_invalid_code_raises PASSED [ 31%]
tests/services/test_service_appium.py::TestAppiumExecuteSync::test_cleanup_driver_quit PASSED [ 31%]
tests/services/test_service_appium.py::TestAppiumExecuteSync::test_stop_flag_skips_execution PASSED [ 31%]
tests/services/test_service_appium.py::TestAppiumExecuteSync::test_stop_flag_during_execution PASSED [ 31%]
tests/services/test_service_appium.py::TestAppiumExecuteSync::test_execution_status_completed PASSED [ 31%]
tests/services/test_service_appium.py::TestAppiumCreateExecution::test_create_execution PASSED [ 31%]
tests/services/test_service_appium.py::TestAppiumSessionConfig::test_execute_sync_uses_config_json PASSED [ 31%]
tests/services/test_service_appium.py::TestAppiumSessionConfig::test_execute_sync_fallback_config PASSED [ 31%]
tests/services/test_service_appium.py::TestAppiumStartupFailure::test_remote_connection_failure PASSED [ 31%]
tests/services/test_service_appium.py::TestAppiumStartupFailure::test_driver_quit_on_startup_failure PASSED [ 31%]
tests/services/test_service_appium.py::TestAppiumCreateExecutionEdgeCases::test_create_execution_skips_invalid_json_steps PASSED [ 31%]
tests/services/test_service_appium.py::TestAppiumCreateExecutionEdgeCases::test_create_execution_skips_case_without_steps PASSED [ 31%]
tests/services/test_service_appium.py::TestAppiumExecuteSyncFailures::test_case_exception_triggers_healing PASSED [ 31%]
tests/services/test_service_appium.py::TestAppiumExecuteSyncFailures::test_driver_quit_exception_ignored PASSED [ 31%]
tests/services/test_service_appium.py::TestAppiumExecuteSyncFailures::test_project_not_found_uses_default_config PASSED [ 32%]
tests/services/test_service_appium.py::TestAppiumExecuteSyncFailures::test_case_returns_false_counts_failed PASSED [ 32%]
tests/services/test_service_appium.py::TestAppiumExecuteCaseEdgeCases::test_inject_security_exception_rejected PASSED [ 32%]
tests/services/test_service_appium.py::TestAppiumExecuteCaseEdgeCases::test_exec_compile_error_marks_failed PASSED [ 32%]
tests/services/test_service_appium.py::TestAppiumExecuteCaseEdgeCases::test_missing_run_test_marks_failed PASSED [ 32%]
tests/services/test_service_appium.py::TestAppiumExecuteCaseEdgeCases::test_run_test_returns_false_marks_failed PASSED [ 32%]
tests/services/test_service_appium.py::TestAppiumHelpers::test_init_steps_skips_case_without_steps PASSED [ 32%]
tests/services/test_service_appium.py::TestAppiumHelpers::test_init_steps_skips_invalid_json PASSED [ 32%]
tests/services/test_service_appium.py::TestAppiumHelpers::test_update_execution_not_found PASSED [ 32%]
tests/services/test_service_appium.py::TestAppiumHelpers::test_update_execution_db_error_logged PASSED [ 32%]
tests/services/test_service_appium.py::TestAppiumHelpers::test_update_execution_status_sets_end_time PASSED [ 32%]
tests/services/test_service_appium.py::TestAppiumHelpers::test_update_execution_status_not_found PASSED [ 32%]
tests/services/test_service_appium.py::TestAppiumHelpers::test_ensure_dir PASSED [ 32%]
tests/services/test_service_appium.py::TestSyncMonitorHooksEdgeCases::test_on_step_before_screenshot_fails PASSED [ 32%]
tests/services/test_service_appium.py::TestSyncMonitorHooksEdgeCases::test_on_step_after_passed_sets_success PASSED [ 32%]
tests/services/test_service_appium.py::TestSyncMonitorHooksEdgeCases::test_on_step_after_failed_without_error_msg PASSED [ 32%]
tests/services/test_service_appium.py::TestSyncMonitorHooksEdgeCases::test_on_step_after_failed_with_error_msg PASSED [ 33%]
tests/services/test_service_appium.py::TestSyncMonitorHooksEdgeCases::test_upsert_step_db_error_rolls_back PASSED [ 33%]
tests/services/test_service_appium.py::TestSyncMonitorHooksEdgeCases::test_on_step_after_screenshot_fails PASSED [ 33%]
tests/services/test_service_appium.py::TestSyncMonitorHooksEdgeCases::test_on_step_after_failed_without_exception_type PASSED [ 33%]
tests/services/test_service_appium.py::TestSyncMonitorHooksEdgeCases::test_upsert_step_rollback_failure_ignored PASSED [ 33%]
tests/services/test_service_case.py::TestCaseServiceImportExcel::test_import_json_steps PASSED [ 33%]
tests/services/test_service_case.py::TestCaseServiceImportExcel::test_import_plain_text_steps PASSED [ 33%]
tests/services/test_service_case.py::TestCaseServiceImportExcel::test_import_action_target_value_columns PASSED [ 33%]
tests/services/test_service_case.py::TestCaseServiceImportExcel::test_import_duplicate_case_no_skipped PASSED [ 33%]
tests/services/test_service_case.py::TestCaseServiceImportExcel::test_import_duplicate_case_no_within_file_skipped PASSED [ 33%]
tests/services/test_service_case.py::TestCaseServiceImportExcel::test_import_duplicate_case_name_within_file_skipped PASSED [ 33%]
tests/services/test_service_case.py::TestCaseServiceImportExcel::test_import_duplicate_case_name_against_db_skipped PASSED [ 33%]
tests/services/test_service_case.py::TestCaseServiceImportExcel::test_import_empty_file PASSED [ 33%]
tests/services/test_service_case.py::TestCaseServiceImportExcel::test_import_non_xlsx_extension PASSED [ 33%]
tests/services/test_service_case.py::TestCaseServiceImportExcel::test_import_large_file_handled PASSED [ 33%]
tests/services/test_service_case.py::TestCaseServiceImportExcel::test_import_missing_required_columns PASSED [ 33%]
tests/services/test_service_case.py::TestCaseServiceListPaginated::test_with_status_filter PASSED [ 33%]
tests/services/test_service_case.py::TestCaseServiceListPaginated::test_with_priority_filter PASSED [ 34%]
tests/services/test_service_case.py::TestCaseServiceListPaginated::test_with_keyword_search PASSED [ 34%]
tests/services/test_service_case.py::TestCaseServiceListPaginated::test_keyword_search_on_case_no PASSED [ 34%]
tests/services/test_service_case.py::TestCaseServiceListPaginated::test_keyword_search_on_steps PASSED [ 34%]
tests/services/test_service_case.py::TestCaseServiceListPaginated::test_steps_summary_only_first_3 PASSED [ 34%]
tests/services/test_service_case.py::TestCaseServiceGetDetail::test_full_steps_returned_not_truncated PASSED [ 34%]
tests/services/test_service_case.py::TestCaseServiceGetDetail::test_nonexistent_case_raises_not_found PASSED [ 34%]
tests/services/test_service_case.py::TestCaseServiceDelete::test_delete_one PASSED [ 34%]
tests/services/test_service_case.py::TestCaseServiceDelete::test_delete_one_nonexistent PASSED [ 34%]
tests/services/test_service_case.py::TestCaseServiceDelete::test_delete_batch PASSED [ 34%]
tests/services/test_service_case.py::TestCaseServiceDelete::test_delete_batch_some_ids_missing PASSED [ 34%]
tests/services/test_service_element.py::TestCrawl::test_project_not_found_raises_not_found PASSED [ 34%]
tests/services/test_service_element.py::TestCrawl::test_crawl_android_project_rejected PASSED [ 34%]
tests/services/test_service_element.py::TestCrawl::test_crawl_success_saves_elements_to_db PASSED [ 34%]
tests/services/test_service_element.py::TestCrawl::test_crawl_clears_old_data_before_insert PASSED [ 34%]
tests/services/test_service_element.py::TestCrawl::test_crawl_empty_page_returns_zero_elements PASSED [ 34%]
tests/services/test_service_element.py::TestCrawl::test_crawl_page_goto_failure_raises_playwright_exception PASSED [ 34%]
tests/services/test_service_element.py::TestCrawl::test_crawl_evaluate_failure_raises_playwright_exception PASSED [ 35%]
tests/services/test_service_element.py::TestCrawl::test_crawl_browser_launch_failure PASSED [ 35%]
tests/services/test_service_element.py::TestCrawl::test_crawl_url_construction_with_test_path PASSED [ 35%]
tests/services/test_service_element.py::TestExtractElements::test_extract_multiple_elements PASSED [ 35%]
tests/services/test_service_element.py::TestExtractElements::test_extract_empty_page_returns_empty_list PASSED [ 35%]
tests/services/test_service_element.py::TestExtractElements::test_extract_playwright_not_installed PASSED [ 35%]
tests/services/test_service_element.py::TestExtractElements::test_extract_browser_launch_failure PASSED [ 35%]
tests/services/test_service_element.py::TestExtractElements::test_extract_page_goto_failure PASSED [ 35%]
tests/services/test_service_element.py::TestExtractElements::test_extract_evaluate_failure PASSED [ 35%]
tests/services/test_service_element.py::TestAiAssistedNavigation::test_vision_unavailable_returns_false PASSED [ 35%]
tests/services/test_service_element.py::TestAiAssistedNavigation::test_need_pre_actions_executes_click_and_fill PASSED [ 35%]
tests/services/test_service_element.py::TestAiAssistedNavigation::test_no_pre_actions_returns_false PASSED [ 35%]
tests/services/test_service_element.py::TestAiAssistedNavigation::test_invalid_json_returns_false PASSED [ 35%]
tests/services/test_service_element.py::TestAiAssistedNavigation::test_markdown_wrapped_json_parsed PASSED [ 35%]
tests/services/test_service_element.py::TestAiAssistedNavigation::test_screenshot_failure_returns_false PASSED [ 35%]
tests/services/test_service_element.py::TestAiAssistedNavigation::test_operation_failure_does_not_raise PASSED [ 35%]
tests/services/test_service_element.py::TestGenerateSelector::test_level_1_data_testid PASSED [ 36%]
tests/services/test_service_element.py::TestGenerateSelector::test_level_2_id PASSED [ 36%]
tests/services/test_service_element.py::TestGenerateSelector::test_level_3_name PASSED [ 36%]
tests/services/test_service_element.py::TestGenerateSelector::test_level_4_placeholder_with_tag PASSED [ 36%]
tests/services/test_service_element.py::TestGenerateSelector::test_level_5_stable_class PASSED [ 36%]
tests/services/test_service_element.py::TestGenerateSelector::test_level_6_text_content PASSED [ 36%]
tests/services/test_service_element.py::TestGenerateSelector::test_level_7_hierarchy_fallback PASSED [ 36%]
tests/services/test_service_element.py::TestGenerateSelector::test_falls_through_to_id_when_data_testid_empty PASSED [ 36%]
tests/services/test_service_element.py::TestGenerateSelector::test_css_escape_applied_to_id PASSED [ 36%]
tests/services/test_service_element.py::TestGenerateSelector::test_level_5_filters_dynamic_classes PASSED [ 36%]
tests/services/test_service_element.py::TestIsUnique::test_unique_selector_returns_true PASSED [ 36%]
tests/services/test_service_element.py::TestIsUnique::test_non_unique_selector_returns_false PASSED [ 36%]
tests/services/test_service_element.py::TestIsUnique::test_zero_elements_returns_false PASSED [ 36%]
tests/services/test_service_element.py::TestIsUnique::test_locator_count_error_returns_false PASSED [ 36%]
tests/services/test_service_element.py::TestListPaginated::test_empty_project_returns_zero PASSED [ 36%]
tests/services/test_service_element.py::TestListPaginated::test_with_multiple_elements PASSED [ 36%]
tests/services/test_service_element.py::TestListPaginated::test_pagination PASSED [ 36%]
tests/services/test_service_element.py::TestListPaginated::test_filter_by_element_type PASSED [ 37%]
tests/services/test_service_element.py::TestListPaginated::test_filter_by_keyword_matches_text PASSED [ 37%]
tests/services/test_service_element.py::TestListPaginated::test_filter_by_keyword_matches_selector PASSED [ 37%]
tests/services/test_service_element.py::TestListPaginated::test_returns_crawled_element_objects PASSED [ 37%]
tests/services/test_service_element.py::TestClearAll::test_clear_all_removes_all_elements PASSED [ 37%]
tests/services/test_service_element.py::TestClearAll::test_clear_all_empty_project_returns_zero PASSED [ 37%]
tests/services/test_service_element.py::TestClearAll::test_clear_all_only_affects_target_project PASSED [ 37%]
tests/services/test_service_element.py::TestGetElement::test_get_element_by_id PASSED [ 37%]
tests/services/test_service_element.py::TestGetElement::test_get_nonexistent_element_returns_none PASSED [ 37%]
tests/services/test_service_element.py::TestGetElement::test_get_element_by_project_and_selector PASSED [ 37%]
tests/services/test_service_element.py::TestCssEscape::test_escape_colon PASSED [ 37%]
tests/services/test_service_element.py::TestCssEscape::test_escape_dot PASSED [ 37%]
tests/services/test_service_element.py::TestCssEscape::test_escape_hash PASSED [ 37%]
tests/services/test_service_element.py::TestCssEscape::test_escape_multiple_special_chars PASSED [ 37%]
tests/services/test_service_element.py::TestCssEscape::test_no_special_chars_returns_unchanged PASSED [ 37%]
tests/services/test_service_element.py::TestFilterStableClasses::test_filters_css_in_js_pattern PASSED [ 37%]
tests/services/test_service_element.py::TestFilterStableClasses::test_filters_underscore_hash_classes PASSED [ 37%]
tests/services/test_service_element.py::TestFilterStableClasses::test_filters_hex_suffix_classes PASSED [ 38%]
tests/services/test_service_element.py::TestFilterStableClasses::test_filters_styled_components PASSED [ 38%]
tests/services/test_service_element.py::TestFilterStableClasses::test_filters_long_ant_design_classes PASSED [ 38%]
tests/services/test_service_element.py::TestFilterStableClasses::test_keeps_short_ant_design_classes PASSED [ 38%]
tests/services/test_service_element.py::TestFilterStableClasses::test_filters_empty_and_single_char_classes PASSED [ 38%]
tests/services/test_service_element.py::TestFilterStableClasses::test_returns_all_stable_classes PASSED [ 38%]
tests/services/test_service_element.py::TestOrmToCrawled::test_converts_basic_fields PASSED [ 38%]
tests/services/test_service_element.py::TestOrmToCrawled::test_converts_with_json_fields PASSED [ 38%]
tests/services/test_service_element.py::TestOrmToCrawled::test_converts_none_bounding_box_to_empty_dict PASSED [ 38%]
tests/services/test_service_element.py::TestOrmToCrawled::test_converts_none_attributes_to_empty_dict PASSED [ 38%]
tests/services/test_service_element.py::TestOrmToCrawled::test_converts_is_visible_zero PASSED [ 38%]
tests/services/test_service_element.py::TestOrmToCrawled::test_converts_empty_element_id_to_none PASSED [ 38%]
tests/services/test_service_heal.py::TestClassifyError::test_timeout PASSED [ 38%]
tests/services/test_service_heal.py::TestClassifyError::test_element_not_found_locator PASSED [ 38%]
tests/services/test_service_heal.py::TestClassifyError::test_element_not_found_element PASSED [ 38%]
tests/services/test_service_heal.py::TestClassifyError::test_assertion_failed PASSED [ 38%]
tests/services/test_service_heal.py::TestClassifyError::test_assertion_expect PASSED [ 38%]
tests/services/test_service_heal.py::TestClassifyError::test_navigation_error PASSED [ 39%]
tests/services/test_service_heal.py::TestClassifyError::test_unknown PASSED [ 39%]
tests/services/test_service_heal.py::TestClassifyError::test_appium_stale_element PASSED [ 39%]
tests/services/test_service_heal.py::TestClassifyError::test_appium_stale_element_short PASSED [ 39%]
tests/services/test_service_heal.py::TestClassifyError::test_appium_no_such_element PASSED [ 39%]
tests/services/test_service_heal.py::TestClassifyError::test_appium_timeout_exception PASSED [ 39%]
tests/services/test_service_heal.py::TestClassifyError::test_appium_webdriver_exception PASSED [ 39%]
tests/services/test_service_heal.py::TestExtractCode::test_markdown_python PASSED [ 39%]
tests/services/test_service_heal.py::TestExtractCode::test_markdown_no_lang PASSED [ 39%]
tests/services/test_service_heal.py::TestExtractCode::test_plain_code PASSED [ 39%]
tests/services/test_service_heal.py::TestExtractCode::test_only_opening_backticks PASSED [ 39%]
tests/services/test_service_heal.py::TestExtractCode::test_markdown_multiline PASSED [ 39%]
tests/services/test_service_heal.py::TestValidateHealed::test_valid_code_returns_none PASSED [ 39%]
tests/services/test_service_heal.py::TestValidateHealed::test_dangerous_import_os PASSED [ 39%]
tests/services/test_service_heal.py::TestValidateHealed::test_dangerous_import_subprocess PASSED [ 39%]
tests/services/test_service_heal.py::TestValidateHealed::test_missing_run_test PASSED [ 39%]
tests/services/test_service_heal.py::TestValidateHealed::test_syntax_error PASSED [ 40%]
tests/services/test_service_heal.py::TestBuildHealPrompt::test_all_placeholders_filled PASSED [ 40%]
tests/services/test_service_heal.py::TestCallHealAI::test_no_api_key_returns_mock_response PASSED [ 40%]
tests/services/test_service_heal.py::TestSaveHealRecord::test_creates_heal_record_with_all_fields PASSED [ 40%]
tests/services/test_service_heal.py::TestUpdateHealRecord::test_updates_retry_status PASSED [ 40%]
tests/services/test_service_heal.py::TestInsertHealedCode::test_creates_generated_code_with_is_healed PASSED [ 40%]
tests/services/test_service_heal.py::TestCaptureFailureContext::test_captures_basic_context PASSED [ 40%]
tests/services/test_service_heal.py::TestCaptureFailureContext::test_captures_dom_snapshot PASSED [ 40%]
tests/services/test_service_heal.py::TestCaptureFailureContext::test_handles_dom_failure_gracefully PASSED [ 40%]
tests/services/test_service_heal.py::TestCaptureFailureContext::test_handles_elements_failure_gracefully PASSED [ 40%]
tests/services/test_service_heal.py::TestCaptureFailureContext::test_truncates_error_message PASSED [ 40%]
tests/services/test_service_heal.py::TestGetOriginalCode::test_returns_code_when_exists PASSED [ 40%]
tests/services/test_service_heal.py::TestGetOriginalCode::test_returns_empty_when_no_code PASSED [ 40%]
tests/services/test_service_heal.py::TestGetOriginalCode::test_returns_empty_when_code_invalid PASSED [ 40%]
tests/services/test_service_heal.py::TestRecrawlElements::test_returns_elements_list PASSED [ 40%]
tests/services/test_service_heal.py::TestRecrawlElements::test_returns_empty_list_when_no_elements PASSED [ 40%]
tests/services/test_service_heal.py::TestGenerateSelector::test_selector_by_data_testid PASSED [ 40%]
tests/services/test_service_heal.py::TestGenerateSelector::test_selector_by_id_when_no_testid PASSED [ 41%]
tests/services/test_service_heal.py::TestGenerateSelector::test_selector_by_name PASSED [ 41%]
tests/services/test_service_heal.py::TestGenerateSelector::test_selector_by_placeholder PASSED [ 41%]
tests/services/test_service_heal.py::TestGenerateSelector::test_selector_by_stable_class PASSED [ 41%]
tests/services/test_service_heal.py::TestGenerateSelector::test_selector_by_text PASSED [ 41%]
tests/services/test_service_heal.py::TestGenerateSelector::test_selector_fallback_hierarchy PASSED [ 41%]
tests/services/test_service_heal.py::TestGenerateSelector::test_selector_fallback_tag_only PASSED [ 41%]
tests/services/test_service_heal.py::TestIsUnique::test_unique_selector_returns_true PASSED [ 41%]
tests/services/test_service_heal.py::TestIsUnique::test_non_unique_selector_returns_false PASSED [ 41%]
tests/services/test_service_heal.py::TestIsUnique::test_locator_count_error_returns_false PASSED [ 41%]
tests/services/test_service_heal.py::TestFormatElementsCompact::test_formats_single_element PASSED [ 41%]
tests/services/test_service_heal.py::TestFormatElementsCompact::test_formats_multiple_elements PASSED [ 41%]
tests/services/test_service_heal.py::TestFormatElementsCompact::test_empty_list_returns_placeholder PASSED [ 41%]
tests/services/test_service_heal.py::TestFormatElementsCompact::test_skips_optional_fields PASSED [ 41%]
tests/services/test_service_heal.py::TestCallHealAIRetry::test_retry_then_success PASSED [ 41%]
tests/services/test_service_heal.py::TestCallHealAIRetry::test_all_retries_exhausted PASSED [ 41%]
tests/services/test_service_heal.py::TestCallHealAIRetry::test_retry_with_exponential_backoff PASSED [ 41%]
tests/services/test_service_heal.py::TestRetryExecution::test_execution_success PASSED [ 42%]
tests/services/test_service_heal.py::TestRetryExecution::test_execution_timeout PASSED [ 42%]
tests/services/test_service_heal.py::TestRetryExecution::test_execution_exception PASSED [ 42%]
tests/services/test_service_heal.py::TestRetryExecution::test_missing_run_test PASSED [ 42%]
tests/services/test_service_heal.py::TestRetryExecution::test_exec_failure_returns_false PASSED [ 42%]
tests/services/test_service_heal.py::TestTryHeal::test_heal_success_first_attempt PASSED [ 42%]
tests/services/test_service_heal.py::TestTryHeal::test_heal_fails_all_retries PASSED [ 42%]
tests/services/test_service_heal.py::TestTryHeal::test_heal_unable_to_heal PASSED [ 42%]
tests/services/test_service_heal.py::TestTryHeal::test_heal_ai_call_exception PASSED [ 42%]
tests/services/test_service_heal.py::TestTryHealManual::test_manual_heal_success PASSED [ 42%]
tests/services/test_service_heal.py::TestTryHealManual::test_manual_heal_fails_all_retries PASSED [ 42%]
tests/services/test_service_heal.py::TestTryHealManual::test_manual_heal_ai_exception PASSED [ 42%]
tests/services/test_service_heal.py::TestTryHealManual::test_manual_heal_unable_to_heal PASSED [ 42%]
tests/services/test_service_heal.py::TestTryHealManual::test_manual_heal_validation_error_then_success PASSED [ 42%]
tests/services/test_service_heal.py::TestCssEscape::test_escapes_colon PASSED [ 42%]
tests/services/test_service_heal.py::TestCssEscape::test_escapes_dot PASSED [ 42%]
tests/services/test_service_heal.py::TestCssEscape::test_escapes_hash PASSED [ 43%]
tests/services/test_service_heal.py::TestCssEscape::test_no_special_chars PASSED [ 43%]
tests/services/test_service_heal.py::TestFilterStableClasses::test_keeps_stable_classes PASSED [ 43%]
tests/services/test_service_heal.py::TestFilterStableClasses::test_filters_dynamic_css_modules PASSED [ 43%]
tests/services/test_service_heal.py::TestFilterStableClasses::test_filters_hash_like_classes PASSED [ 43%]
tests/services/test_service_heal.py::TestFilterStableClasses::test_filters_scoped_classes PASSED [ 43%]
tests/services/test_service_heal.py::TestFilterStableClasses::test_filters_short_classes PASSED [ 43%]
tests/services/test_service_heal.py::TestFilterStableClasses::test_filters_long_ant_classes PASSED [ 43%]
tests/services/test_service_heal.py::TestFilterStableClasses::test_empty_input PASSED [ 43%]
tests/services/test_service_heal.py::TestAndroidElements::test_parse_android_elements_basic PASSED [ 43%]
tests/services/test_service_heal.py::TestAndroidElements::test_parse_android_empty_source PASSED [ 43%]
tests/services/test_service_heal.py::TestAndroidElements::test_parse_android_no_tags PASSED [ 43%]
tests/services/test_service_heal.py::TestAndroidElements::test_format_android_elements PASSED [ 43%]
tests/services/test_service_heal.py::TestAndroidElements::test_format_android_elements_empty PASSED [ 43%]
tests/services/test_service_heal.py::TestHealAttempts::test_attempt_1_created PASSED [ 43%]
tests/services/test_service_heal.py::TestHealAttempts::test_attempt_2_updated PASSED [ 43%]
tests/services/test_service_heal.py::TestHealAttempts::test_attempts_order PASSED [ 43%]
tests/services/test_service_heal.py::TestHealAndroidContext::test_android_context_fields PASSED [ 44%]
tests/services/test_service_heal.py::TestHealAndroidContext::test_android_heal_prompt_build PASSED [ 44%]
tests/services/test_service_heal.py::TestHealHistoryPersistence::test_heal_record_persists PASSED [ 44%]
tests/services/test_service_heal.py::TestHealHistoryPersistence::test_heal_records_by_execution PASSED [ 44%]
tests/services/test_service_heal.py::TestHealOriginalCode::test_uses_original_code_from_db PASSED [ 44%]
tests/services/test_service_heal.py::TestHealOriginalCode::test_original_code_unchanged_across_attempts PASSED [ 44%]
tests/services/test_service_heal.py::TestCheckEnvReachable::test_web_reachable_returns_true PASSED [ 44%]
tests/services/test_service_heal.py::TestCheckEnvReachable::test_web_unreachable_returns_false PASSED [ 44%]
tests/services/test_service_heal.py::TestCheckEnvReachable::test_no_target_url_returns_true PASSED [ 44%]
tests/services/test_service_heal.py::TestCheckEnvReachable::test_android_reachable_returns_true PASSED [ 44%]
tests/services/test_service_heal.py::TestCheckEnvReachable::test_android_unreachable_returns_false PASSED [ 44%]
tests/services/test_service_heal.py::TestQuickFail::test_track_failure_increments_count PASSED [ 44%]
tests/services/test_service_heal.py::TestQuickFail::test_track_failure_respects_capacity PASSED [ 44%]
tests/services/test_service_heal.py::TestQuickFail::test_try_heal_skips_after_threshold PASSED [ 44%]
tests/services/test_service_heal.py::TestQuickFail::test_success_clears_failure_count PASSED [ 44%]
tests/services/test_service_heal.py::TestHealRateLimit::test_mock_mode_does_not_consume_quota PASSED [ 44%]
tests/services/test_service_heal.py::TestHealRateLimit::test_circuit_breaker_raises_when_window_full PASSED [ 44%]
tests/services/test_service_heal.py::TestTryHealEntryBoundaries::test_try_heal_env_unreachable_returns_false PASSED [ 45%]
tests/services/test_service_heal.py::TestTryHealEntryBoundaries::test_try_heal_validation_error_skips_retry PASSED [ 45%]
tests/services/test_service_heal.py::TestTryHealEntryBoundaries::test_try_heal_manual_env_unreachable PASSED [ 45%]
tests/services/test_service_heal.py::TestTryHealEntryBoundaries::test_try_heal_manual_quick_fail PASSED [ 45%]
tests/services/test_service_heal.py::TestAndroidContextFailure::test_page_source_failure_fallback PASSED [ 45%]
tests/services/test_service_heal.py::TestAndroidContextFailure::test_page_source_success_extracts_elements PASSED [ 45%]
tests/services/test_service_heal.py::TestBuildHealPromptFallback::test_fallback_template_when_file_missing PASSED [ 45%]
tests/services/test_service_heal.py::TestCallHealAIPlatform::test_mock_response_android PASSED [ 45%]
tests/services/test_service_heal.py::TestCallHealAIPlatform::test_mock_response_web PASSED [ 45%]
tests/services/test_service_heal.py::TestCallHealAIPlatform::test_android_system_message PASSED [ 45%]
tests/services/test_service_heal.py::TestRetryExecutionAndroid::test_android_dispatches_to_sync PASSED [ 45%]
tests/services/test_service_heal.py::TestRetryExecutionAndroid::test_inject_failure_uses_original_code PASSED [ 45%]
tests/services/test_service_heal.py::TestRetryExecutionSync::test_sync_success PASSED [ 45%]
tests/services/test_service_heal.py::TestRetryExecutionSync::test_sync_run_test_returns_false PASSED [ 45%]
tests/services/test_service_heal.py::TestRetryExecutionSync::test_sync_run_test_exception PASSED [ 45%]
tests/services/test_service_heal.py::TestRetryExecutionSync::test_sync_inject_failure_uses_original PASSED [ 45%]
tests/services/test_service_heal.py::TestUpdateHealRecordEdgeCases::test_record_not_found PASSED [ 45%]
tests/services/test_service_heal.py::TestUpdateHealRecordEdgeCases::test_invalid_attempts_json PASSED [ 46%]
tests/services/test_service_orchestrator.py::TestRunFullPipeline::test_all_pre_generated_returns_execution_id PASSED [ 46%]
tests/services/test_service_orchestrator.py::TestRunFullPipeline::test_need_generation_returns_generated_count PASSED [ 46%]
tests/services/test_service_orchestrator.py::TestRunFullPipeline::test_generation_partial_failure_blocks_execution PASSED [ 46%]
tests/services/test_service_orchestrator.py::TestRunFullPipeline::test_generation_infra_failure_blocks_execution PASSED [ 46%]
tests/services/test_service_orchestrator.py::TestRunGenerateOnly::test_returns_generated_and_failed_counts PASSED [ 46%]
tests/services/test_service_orchestrator.py::TestRunExecuteOnly::test_returns_execution_id PASSED [ 46%]
tests/services/test_service_orchestrator.py::TestCheckCasesNeedGeneration::test_returns_cases_without_valid_code PASSED [ 46%]
tests/services/test_service_orchestrator.py::TestCheckCasesNeedGeneration::test_db_error_falls_back_to_all_case_ids PASSED [ 46%]
tests/services/test_service_orchestrator.py::TestEmptyOrchestrator::test_no_services_does_not_crash_on_attribute_access PASSED [ 46%]
tests/services/test_service_orchestrator.py::TestThreadStart::test_thread_start_called PASSED [ 46%]
tests/services/test_service_orchestrator.py::TestClearStopFlag::test_clear_stop_flag_called_before_execution PASSED [ 46%]
tests/services/test_service_orchestrator.py::TestRunFullPipelineEdgeCases::test_all_cases_need_generation_all_succeed PASSED [ 46%]
tests/services/test_service_orchestrator.py::TestRunFullPipelineEdgeCases::test_background_thread_exception_fallback PASSED [ 46%]
tests/services/test_service_orchestrator.py::TestRunFullPipelineEdgeCases::test_background_thread_fallback_db_error_pass PASSED [ 46%]
tests/services/test_service_orchestrator.py::TestRunExecuteOnlyEdgeCases::test_background_thread_exception_fallback PASSED [ 46%]
tests/services/test_service_orchestrator.py::TestRunExecuteOnlyEdgeCases::test_background_thread_fallback_db_error_pass PASSED [ 47%]
tests/services/test_service_orchestrator.py::TestRunExecuteOnlyEdgeCases::test_without_batch_name_still_works PASSED [ 47%]
tests/services/test_service_orchestrator.py::TestCheckCasesNeedGenerationEdgeCases::test_case_with_invalid_code_needs_generation PASSED [ 47%]
tests/services/test_service_orchestrator.py::TestCheckCasesNeedGenerationEdgeCases::test_all_cases_have_valid_code_returns_empty PASSED [ 47%]
tests/services/test_service_orchestrator.py::TestCheckCasesNeedGenerationEdgeCases::test_mixed_valid_invalid_and_no_code PASSED [ 47%]
tests/services/test_service_orchestrator.py::TestMonitorAndGenerateReport::test_completed_status_generates_report PASSED [ 47%]
tests/services/test_service_orchestrator.py::TestMonitorAndGenerateReport::test_stopped_status_generates_report PASSED [ 47%]
tests/services/test_service_orchestrator.py::TestMonitorAndGenerateReport::test_failed_status_generates_report PASSED [ 47%]
tests/services/test_service_orchestrator.py::TestMonitorAndGenerateReport::test_db_query_exception_continues_polling PASSED [ 47%]
tests/services/test_service_orchestrator.py::TestMonitorAndGenerateReport::test_execution_is_none_continues_polling PASSED [ 47%]
tests/services/test_service_orchestrator.py::TestMonitorAndGenerateReport::test_cancelled_error_is_caught PASSED [ 47%]
tests/services/test_service_orchestrator.py::TestMonitorAndGenerateReport::test_monitor_exception_is_caught PASSED [ 47%]
tests/services/test_service_orchestrator.py::TestMonitorAndGenerateReport::test_report_generation_failure_is_handled PASSED [ 47%]
tests/services/test_service_orchestrator.py::TestMonitorAndGenerateReport::test_timeout_exits_loop_normally PASSED [ 47%]
tests/services/test_service_orchestrator.py::TestGetExecutionStatus::test_returns_status_for_existing_execution PASSED [ 47%]
tests/services/test_service_orchestrator.py::TestGetExecutionStatus::test_returns_none_for_missing_execution PASSED [ 47%]
tests/services/test_service_orchestrator.py::TestGetExecutionStatus::test_db_error_returns_none PASSED [ 47%]
tests/services/test_service_orchestrator.py::TestGetExecutor::test_get_executor_web PASSED [ 48%]
tests/services/test_service_orchestrator.py::TestGetExecutor::test_get_executor_android PASSED [ 48%]
tests/services/test_service_orchestrator.py::TestGetExecutor::test_get_executor_default PASSED [ 48%]
tests/services/test_service_orchestrator.py::TestGetExecutor::test_get_executor_with_appium_service PASSED [ 48%]
tests/services/test_service_orchestrator.py::TestRunExecuteOnlyPlatform::test_run_execute_only_web PASSED [ 48%]
tests/services/test_service_orchestrator.py::TestRunExecuteOnlyPlatform::test_run_execute_only_android PASSED [ 48%]
tests/services/test_service_orchestrator.py::TestRunFullPipelinePlatform::test_full_pipeline_web PASSED [ 48%]
tests/services/test_service_orchestrator.py::TestRunFullPipelinePlatform::test_full_pipeline_android PASSED [ 48%]
tests/services/test_service_orchestrator.py::TestPreExecutionCheck::test_disabled_returns_none PASSED [ 48%]
tests/services/test_service_orchestrator.py::TestPreExecutionCheck::test_project_not_found_returns_error PASSED [ 48%]
tests/services/test_service_orchestrator.py::TestPreExecutionCheck::test_web_unreachable_returns_error PASSED [ 48%]
tests/services/test_service_orchestrator.py::TestPreExecutionCheck::test_web_reachable_returns_none PASSED [ 48%]
tests/services/test_service_orchestrator.py::TestPreExecutionCheck::test_no_target_url_returns_none PASSED [ 48%]
tests/services/test_service_orchestrator.py::TestPreExecutionCheck::test_android_unreachable_returns_error PASSED [ 48%]
tests/services/test_service_orchestrator.py::TestRunExecuteOnlyHealthCheck::test_pre_check_failure_raises_validation PASSED [ 48%]
tests/services/test_service_orchestrator.py::TestRunExecuteOnlyHealthCheck::test_pre_check_ok_creates_execution PASSED [ 48%]
tests/services/test_service_playwright.py::TestCreateExecution::test_create_execution_returns_id PASSED [ 48%]
tests/services/test_service_playwright.py::TestCreateExecution::test_create_execution_creates_steps PASSED [ 49%]
tests/services/test_service_playwright.py::TestCreateExecution::test_create_execution_invalid_case_skipped PASSED [ 49%]
tests/services/test_service_playwright.py::TestCreateExecution::test_create_execution_invalid_json_steps_skipped PASSED [ 49%]
tests/services/test_service_playwright.py::TestInitSteps::test_init_steps_creates_pending_records PASSED [ 49%]
tests/services/test_service_playwright.py::TestInitSteps::test_init_steps_no_case PASSED [ 49%]
tests/services/test_service_playwright.py::TestInitSteps::test_init_steps_invalid_json PASSED [ 49%]
tests/services/test_service_playwright.py::TestUpdateExecution::test_update_execution_heartbeat_only PASSED [ 49%]
tests/services/test_service_playwright.py::TestUpdateExecution::test_update_execution_not_found PASSED [ 49%]
tests/services/test_service_playwright.py::TestUpdateExecution::test_update_execution_db_error_logged PASSED [ 49%]
tests/services/test_service_playwright.py::TestUpdateExecutionStatus::test_update_execution_status PASSED [ 49%]
tests/services/test_service_playwright.py::TestUpdateExecutionStatus::test_update_execution_status_not_found PASSED [ 49%]
tests/services/test_service_playwright.py::TestEnsureDir::test_ensure_dir_creates_and_returns PASSED [ 49%]
tests/services/test_service_playwright.py::TestStopFlag::test_set_stop_flag_and_check PASSED [ 49%]
tests/services/test_service_playwright.py::TestStopFlag::test_clear_stop_flag PASSED [ 49%]
tests/services/test_service_playwright.py::TestMonitorHooks::test_on_step_before_creates_record PASSED [ 49%]
tests/services/test_service_playwright.py::TestMonitorHooks::test_on_step_after_success PASSED [ 49%]
tests/services/test_service_playwright.py::TestMonitorHooks::test_on_step_after_failure PASSED [ 50%]
tests/services/test_service_playwright.py::TestMonitorHooks::test_upsert_step_creates_new_record PASSED [ 50%]
tests/services/test_service_playwright.py::TestMonitorHooks::test_upsert_step_rollback_failure_ignored PASSED [ 50%]
tests/services/test_service_playwright.py::TestBuildNamespace::test_build_namespace_contains_key_modules PASSED [ 50%]
tests/services/test_service_playwright.py::TestBuildNamespace::test_build_namespace_banned_builtins_excluded PASSED [ 50%]
tests/services/test_service_playwright.py::TestBuildNamespace::test_build_namespace_safe_builtins_included PASSED [ 50%]
tests/services/test_service_playwright.py::TestExecuteCase::test_execute_case_success PASSED [ 50%]
tests/services/test_service_playwright.py::TestExecuteCase::test_execute_case_no_generated_code PASSED [ 50%]
tests/services/test_service_playwright.py::TestExecuteCase::test_execute_case_validation_fails PASSED [ 50%]
tests/services/test_service_playwright.py::TestExecuteCase::test_execute_case_exec_compile_error PASSED [ 50%]
tests/services/test_service_playwright.py::TestExecuteCase::test_execute_case_missing_run_test PASSED [ 50%]
tests/services/test_service_playwright.py::TestExecuteCase::test_execute_case_run_test_returns_false PASSED [ 50%]
tests/services/test_service_playwright.py::TestExecuteCase::test_execute_case_timeout PASSED [ 50%]
tests/services/test_service_playwright.py::TestExecuteCase::test_execute_case_inject_security_exception PASSED [ 50%]
tests/services/test_service_playwright.py::TestExecuteCase::test_execute_case_run_test_raises PASSED [ 50%]
tests/services/test_service_playwright.py::TestExecuteAsync::test_execute_async_installs_ssrf_network_policy PASSED [ 50%]
tests/services/test_service_playwright.py::TestExecuteAsync::test_execute_async_all_pass PASSED [ 50%]
tests/services/test_service_playwright.py::TestExecuteAsync::test_execute_async_with_failures PASSED [ 51%]
tests/services/test_service_playwright.py::TestExecuteAsync::test_execute_async_stop_flag PASSED [ 51%]
tests/services/test_service_playwright.py::TestExecuteAsync::test_execute_async_browser_launch_fails PASSED [ 51%]
tests/services/test_service_playwright.py::TestExecuteAsync::test_execute_async_goto_fails_continues PASSED [ 51%]
tests/services/test_service_playwright.py::TestExecuteAsync::test_execute_async_case_raises_counts_failed PASSED [ 51%]
tests/services/test_service_playwright.py::TestExecuteEntry::test_execute_exception_sets_failed PASSED [ 51%]
tests/services/test_service_playwright.py::TestMonitorHooksErrorHandling::test_upsert_step_db_commit_error PASSED [ 51%]
tests/services/test_service_playwright.py::TestMonitorHooksErrorHandling::test_on_step_before_screenshot_fails PASSED [ 51%]
tests/services/test_service_playwright.py::TestMonitorHooksErrorHandling::test_on_step_after_screenshot_fails PASSED [ 51%]
tests/services/test_service_playwright.py::TestBuildNamespaceEdgeCases::test_build_namespace_contains_all_allowed_builtins PASSED [ 51%]
tests/services/test_service_project.py::TestProjectServiceCreate::test_create_with_valid_data PASSED [ 51%]
tests/services/test_service_project.py::TestProjectServiceCreate::test_create_with_name_and_target_url_only PASSED [ 51%]
tests/services/test_service_project.py::TestProjectServiceCreate::test_create_invalid_browser_type PASSED [ 51%]
tests/services/test_service_project.py::TestProjectServiceCreate::test_create_ssrf_banned_target_url_rejected PASSED [ 51%]
tests/services/test_service_project.py::TestProjectServiceCreate::test_create_ssrf_non_http_scheme_rejected PASSED [ 51%]
tests/services/test_service_project.py::TestProjectServiceCreate::test_create_ssrf_non_default_port_rejected PASSED [ 51%]
tests/services/test_service_project.py::TestProjectServiceCreate::test_create_ssrf_port_allowed_via_config PASSED [ 51%]
tests/services/test_service_project.py::TestProjectServiceCreate::test_create_ssrf_android_not_checked PASSED [ 52%]
tests/services/test_service_project.py::TestProjectServiceGetOr404::test_get_existing_project PASSED [ 52%]
tests/services/test_service_project.py::TestProjectServiceGetOr404::test_get_nonexistent_raises_not_found PASSED [ 52%]
tests/services/test_service_project.py::TestProjectServiceListPaginated::test_with_multiple_projects PASSED [ 52%]
tests/services/test_service_project.py::TestProjectServiceListPaginated::test_with_zero_projects PASSED [ 52%]
tests/services/test_service_project.py::TestProjectServiceListPaginated::test_includes_case_count PASSED [ 52%]
tests/services/test_service_project.py::TestProjectServiceUpdate::test_update_partial_fields PASSED [ 52%]
tests/services/test_service_project.py::TestProjectServiceUpdate::test_update_nonexistent_raises_not_found PASSED [ 52%]
tests/services/test_service_project.py::TestProjectServiceUpdate::test_update_headless_bool_stored_as_int PASSED [ 52%]
tests/services/test_service_project.py::TestProjectServiceUpdate::test_update_ssrf_banned_target_url_rejected PASSED [ 52%]
tests/services/test_service_project.py::TestProjectServiceUpdate::test_update_ssrf_valid_target_url_passes PASSED [ 52%]
tests/services/test_service_project.py::TestProjectServiceDelete::test_delete_existing PASSED [ 52%]
tests/services/test_service_project.py::TestProjectServiceDelete::test_delete_nonexistent_raises_not_found PASSED [ 52%]
tests/services/test_service_report.py::TestGenerate::test_execution_not_found_raises_value_error PASSED [ 52%]
tests/services/test_service_report.py::TestGenerate::test_existing_report_returns_cached PASSED [ 52%]
tests/services/test_service_report.py::TestGenerate::test_new_report_generates_html_and_db_record PASSED [ 52%]
tests/services/test_service_report.py::TestGenerate::test_generate_concurrent_calls_serialized_by_lock PASSED [ 52%]
tests/services/test_service_report.py::TestAnalyzeErrors::test_correct_error_type_counts PASSED [ 53%]
tests/services/test_service_report.py::TestAnalyzeErrors::test_no_errors_returns_empty PASSED [ 53%]
tests/services/test_service_report.py::TestClassifyErrorType::test_timeout PASSED [ 53%]
tests/services/test_service_report.py::TestClassifyErrorType::test_element_not_found PASSED [ 53%]
tests/services/test_service_report.py::TestClassifyErrorType::test_element_locator PASSED [ 53%]
tests/services/test_service_report.py::TestClassifyErrorType::test_assertion PASSED [ 53%]
tests/services/test_service_report.py::TestClassifyErrorType::test_expect PASSED [ 53%]
tests/services/test_service_report.py::TestClassifyErrorType::test_navigation PASSED [ 53%]
tests/services/test_service_report.py::TestClassifyErrorType::test_navigation_word PASSED [ 53%]
tests/services/test_service_report.py::TestClassifyErrorType::test_other PASSED [ 53%]
tests/services/test_service_report.py::TestTopFailedSelectors::test_returns_top_n_by_failure_count PASSED [ 53%]
tests/services/test_service_report.py::TestTopFailedSelectors::test_no_failed_steps_returns_empty PASSED [ 53%]
tests/services/test_service_report.py::TestPriorityDistribution::test_pass_fail_counts_per_priority PASSED [ 53%]
tests/services/test_service_report.py::TestRelativePath::test_converts_to_relative PASSED [ 53%]
tests/services/test_service_report.py::TestGetReportInfo::test_existing_returns_dict_with_summary PASSED [ 53%]
tests/services/test_service_report.py::TestGetReportInfo::test_nonexistent_returns_none PASSED [ 53%]
tests/services/test_service_report.py::TestCleanupOldReports::test_no_reports_dir_returns_zero PASSED [ 54%]
tests/services/test_service_report.py::TestCleanupOldReports::test_cleans_old_reports PASSED [ 54%]
tests/services/test_service_report.py::TestReportHealed::test_report_with_healed_steps PASSED [ 54%]
tests/services/test_service_report.py::TestReportHealed::test_healed_count_in_report PASSED [ 54%]
tests/services/test_service_report.py::TestReportExceptionTypes::test_nosuchelement_exception PASSED [ 54%]
tests/services/test_service_report.py::TestReportExceptionTypes::test_staleelement_exception PASSED [ 54%]
tests/services/test_service_report.py::TestReportExceptionTypes::test_timeout_exception PASSED [ 54%]
tests/services/test_service_report.py::TestReportExceptionTypes::test_webdriver_exception PASSED [ 54%]
tests/services/test_service_report.py::TestReportExceptionTypes::test_unknown_exception PASSED [ 54%]
tests/services/test_service_report.py::TestReportTrend::test_trend_data_returns_list PASSED [ 54%]
tests/services/test_service_report.py::TestReportTrend::test_trend_data_has_required_fields PASSED [ 54%]
tests/services/test_service_report.py::TestReportTrend::test_trend_by_project_id PASSED [ 54%]
tests/services/test_service_report.py::TestReportTrend::test_trend_empty_for_no_data PASSED [ 54%]
tests/services/test_stop_semantics.py::TestRunningStop::test_running_stop_only_sets_stop_requested_at PASSED [ 54%]
tests/services/test_stop_semantics.py::TestRunningStop::test_loop_end_seals_stopped_six_steps PASSED [ 54%]
tests/services/test_stop_semantics.py::TestQueuedStop::test_queued_stop_seals_immediately PASSED [ 54%]
tests/services/test_stop_semantics.py::TestRepeatStop::test_repeat_stop_running_idempotent PASSED [ 54%]
tests/services/test_stop_semantics.py::TestRepeatStop::test_repeat_stop_queued_after_sealed PASSED [ 55%]
tests/services/test_stop_semantics.py::TestRecoveryStopPath::test_recovery_stop_in_flight_recovered_after_stop PASSED [ 55%]
tests/services/test_stop_semantics.py::TestRecoveryStopPath::test_recovery_stop_remaining_pending_skipped PASSED [ 55%]
tests/services/test_stop_semantics.py::TestRecoveryStopPath::test_recovery_stop_preserves_real_failure_evidence PASSED [ 55%]
tests/services/test_stop_semantics.py::TestRecoveryStopPath::test_recovery_no_stop_still_interrupted PASSED [ 55%]
tests/services/test_stop_semantics.py::TestLoopEndStopPrecedence::test_stop_requested_loop_end_skips_healing PASSED [ 55%]
tests/services/test_stop_semantics.py::TestAtomicStateMachine::test_conditional_start_queued_to_running PASSED [ 55%]
tests/services/test_stop_semantics.py::TestAtomicStateMachine::test_conditional_start_on_terminal_returns_false PASSED [ 55%]
tests/services/test_stop_semantics.py::TestAtomicStateMachine::test_stop_decision_queries_db_not_memory_flag PASSED [ 55%]
tests/services/test_stop_semantics.py::TestAtomicStateMachine::test_stop_decision_db_null_without_flag_returns_false PASSED [ 55%]
tests/services/test_terminal_convergence.py::TestSealPaths::test_seal_completed PASSED [ 55%]
tests/services/test_terminal_convergence.py::TestSealPaths::test_seal_stopped_user_stopped PASSED [ 55%]
tests/services/test_terminal_convergence.py::TestSealPaths::test_seal_failed_incomplete PASSED [ 55%]
tests/services/test_terminal_convergence.py::TestSealPaths::test_seal_interrupted_skipped PASSED [ 55%]
tests/services/test_terminal_convergence.py::TestIntegrityAnomaly::test_malformed_step_forces_integrity PASSED [ 55%]
tests/services/test_terminal_convergence.py::TestIntegrityAnomaly::test_integrity_kept_across_stop PASSED [ 55%]
tests/services/test_terminal_convergence.py::TestCountersAndIdempotency::test_counters_match_resolver PASSED [ 55%]
tests/services/test_terminal_convergence.py::TestCountersAndIdempotency::test_seal_idempotent_snapshot PASSED [ 56%]
tests/services/test_terminal_convergence.py::TestCountersAndIdempotency::test_seal_unknown_execution PASSED [ 56%]
tests/services/test_terminal_convergence.py::TestHealRoundCancel::test_open_heal_round_cancelled PASSED [ 56%]
tests/services/test_terminal_convergence.py::TestHealRoundCancel::test_terminal_heal_round_untouched PASSED [ 56%]
tests/services/test_terminal_convergence.py::TestEvidencePriority::test_business_beats_stop_context PASSED [ 56%]
tests/services/test_terminal_convergence.py::TestEvidencePriority::test_pending_skip_reason_pre_start_drift PASSED [ 56%]
tests/services/test_validator_rejects_all_imports.py::TestValidatorRejectsAllImports::test_any_import_rejected_at_validator_stage[web-async def run_test(page) -> dict:\n    steps_result = []\n    await safe.goto("https://example.com")\n    steps_result.append({"step": 1, "status": "passed"})\n    return {"success": True, "message": "ok", "steps": steps_result}\n-import os-os] PASSED [ 56%]
tests/services/test_validator_rejects_all_imports.py::TestValidatorRejectsAllImports::test_any_import_rejected_at_validator_stage[web-async def run_test(page) -> dict:\n    steps_result = []\n    await safe.goto("https://example.com")\n    steps_result.append({"step": 1, "status": "passed"})\n    return {"success": True, "message": "ok", "steps": steps_result}\n-import json-json] PASSED [ 56%]
tests/services/test_validator_rejects_all_imports.py::TestValidatorRejectsAllImports::test_any_import_rejected_at_validator_stage[web-async def run_test(page) -> dict:\n    steps_result = []\n    await safe.goto("https://example.com")\n    steps_result.append({"step": 1, "status": "passed"})\n    return {"success": True, "message": "ok", "steps": steps_result}\n-import time-time] PASSED [ 56%]
tests/services/test_validator_rejects_all_imports.py::TestValidatorRejectsAllImports::test_any_import_rejected_at_validator_stage[web-async def run_test(page) -> dict:\n    steps_result = []\n    await safe.goto("https://example.com")\n    steps_result.append({"step": 1, "status": "passed"})\n    return {"success": True, "message": "ok", "steps": steps_result}\n-import requests-requests] PASSED [ 56%]
tests/services/test_validator_rejects_all_imports.py::TestValidatorRejectsAllImports::test_any_import_rejected_at_validator_stage[web-async def run_test(page) -> dict:\n    steps_result = []\n    await safe.goto("https://example.com")\n    steps_result.append({"step": 1, "status": "passed"})\n    return {"success": True, "message": "ok", "steps": steps_result}\n-import socket-socket] PASSED [ 56%]
tests/services/test_validator_rejects_all_imports.py::TestValidatorRejectsAllImports::test_any_import_rejected_at_validator_stage[web-async def run_test(page) -> dict:\n    steps_result = []\n    await safe.goto("https://example.com")\n    steps_result.append({"step": 1, "status": "passed"})\n    return {"success": True, "message": "ok", "steps": steps_result}\n-from datetime import datetime-datetime] PASSED [ 56%]
tests/services/test_validator_rejects_all_imports.py::TestValidatorRejectsAllImports::test_any_import_rejected_at_validator_stage[web-async def run_test(page) -> dict:\n    steps_result = []\n    await safe.goto("https://example.com")\n    steps_result.append({"step": 1, "status": "passed"})\n    return {"success": True, "message": "ok", "steps": steps_result}\n-from playwright.async_api import Page-Page] PASSED [ 56%]
tests/services/test_validator_rejects_all_imports.py::TestValidatorRejectsAllImports::test_any_import_rejected_at_validator_stage[web-async def run_test(page) -> dict:\n    steps_result = []\n    await safe.goto("https://example.com")\n    steps_result.append({"step": 1, "status": "passed"})\n    return {"success": True, "message": "ok", "steps": steps_result}\n-from app.config import settings-settings] PASSED [ 56%]
tests/services/test_validator_rejects_all_imports.py::TestValidatorRejectsAllImports::test_any_import_rejected_at_validator_stage[android-def run_test(driver) -> dict:\n    steps_result = []\n    try:\n        print("[\u6267\u884c] \u6d4b\u8bd5")\n        driver.find_element(AppiumBy.ID, "btn").click()\n        steps_result.append({"step": 1, "status": "passed"})\n    except Exception as e:\n        return {"success": False, "message": str(e), "steps": steps_result}\n    return {"success": True, "message": "\u6d4b\u8bd5\u901a\u8fc7", "steps": steps_result}\n-import os-os] PASSED [ 56%]
tests/services/test_validator_rejects_all_imports.py::TestValidatorRejectsAllImports::test_any_import_rejected_at_validator_stage[android-def run_test(driver) -> dict:\n    steps_result = []\n    try:\n        print("[\u6267\u884c] \u6d4b\u8bd5")\n        driver.find_element(AppiumBy.ID, "btn").click()\n        steps_result.append({"step": 1, "status": "passed"})\n    except Exception as e:\n        return {"success": False, "message": str(e), "steps": steps_result}\n    return {"success": True, "message": "\u6d4b\u8bd5\u901a\u8fc7", "steps": steps_result}\n-import json-json] PASSED [ 56%]
tests/services/test_validator_rejects_all_imports.py::TestValidatorRejectsAllImports::test_any_import_rejected_at_validator_stage[android-def run_test(driver) -> dict:\n    steps_result = []\n    try:\n        print("[\u6267\u884c] \u6d4b\u8bd5")\n        driver.find_element(AppiumBy.ID, "btn").click()\n        steps_result.append({"step": 1, "status": "passed"})\n    except Exception as e:\n        return {"success": False, "message": str(e), "steps": steps_result}\n    return {"success": True, "message": "\u6d4b\u8bd5\u901a\u8fc7", "steps": steps_result}\n-import time-time] PASSED [ 56%]
tests/services/test_validator_rejects_all_imports.py::TestValidatorRejectsAllImports::test_any_import_rejected_at_validator_stage[android-def run_test(driver) -> dict:\n    steps_result = []\n    try:\n        print("[\u6267\u884c] \u6d4b\u8bd5")\n        driver.find_element(AppiumBy.ID, "btn").click()\n        steps_result.append({"step": 1, "status": "passed"})\n    except Exception as e:\n        return {"success": False, "message": str(e), "steps": steps_result}\n    return {"success": True, "message": "\u6d4b\u8bd5\u901a\u8fc7", "steps": steps_result}\n-import requests-requests] PASSED [ 57%]
tests/services/test_validator_rejects_all_imports.py::TestValidatorRejectsAllImports::test_any_import_rejected_at_validator_stage[android-def run_test(driver) -> dict:\n    steps_result = []\n    try:\n        print("[\u6267\u884c] \u6d4b\u8bd5")\n        driver.find_element(AppiumBy.ID, "btn").click()\n        steps_result.append({"step": 1, "status": "passed"})\n    except Exception as e:\n        return {"success": False, "message": str(e), "steps": steps_result}\n    return {"success": True, "message": "\u6d4b\u8bd5\u901a\u8fc7", "steps": steps_result}\n-import socket-socket] PASSED [ 57%]
tests/services/test_validator_rejects_all_imports.py::TestValidatorRejectsAllImports::test_any_import_rejected_at_validator_stage[android-def run_test(driver) -> dict:\n    steps_result = []\n    try:\n        print("[\u6267\u884c] \u6d4b\u8bd5")\n        driver.find_element(AppiumBy.ID, "btn").click()\n        steps_result.append({"step": 1, "status": "passed"})\n    except Exception as e:\n        return {"success": False, "message": str(e), "steps": steps_result}\n    return {"success": True, "message": "\u6d4b\u8bd5\u901a\u8fc7", "steps": steps_result}\n-from datetime import datetime-datetime] PASSED [ 57%]
tests/services/test_validator_rejects_all_imports.py::TestValidatorRejectsAllImports::test_any_import_rejected_at_validator_stage[android-def run_test(driver) -> dict:\n    steps_result = []\n    try:\n        print("[\u6267\u884c] \u6d4b\u8bd5")\n        driver.find_element(AppiumBy.ID, "btn").click()\n        steps_result.append({"step": 1, "status": "passed"})\n    except Exception as e:\n        return {"success": False, "message": str(e), "steps": steps_result}\n    return {"success": True, "message": "\u6d4b\u8bd5\u901a\u8fc7", "steps": steps_result}\n-from playwright.async_api import Page-Page] PASSED [ 57%]
tests/services/test_validator_rejects_all_imports.py::TestValidatorRejectsAllImports::test_any_import_rejected_at_validator_stage[android-def run_test(driver) -> dict:\n    steps_result = []\n    try:\n        print("[\u6267\u884c] \u6d4b\u8bd5")\n        driver.find_element(AppiumBy.ID, "btn").click()\n        steps_result.append({"step": 1, "status": "passed"})\n    except Exception as e:\n        return {"success": False, "message": str(e), "steps": steps_result}\n    return {"success": True, "message": "\u6d4b\u8bd5\u901a\u8fc7", "steps": steps_result}\n-from app.config import settings-settings] PASSED [ 57%]
tests/services/test_validator_rejects_all_imports.py::TestValidatorRejectsAllImports::test_valid_web_code_without_import_passes PASSED [ 57%]
tests/services/test_validator_rejects_all_imports.py::TestValidatorRejectsAllImports::test_valid_android_code_without_import_passes PASSED [ 57%]
tests/services/test_validator_rejects_all_imports.py::TestValidatorRejectsAllImports::test_import_in_middle_of_body_rejected PASSED [ 57%]
tests/services/test_validator_rejects_all_imports.py::TestValidatorRejectsAllImports::test_multiline_import_rejected PASSED [ 57%]
tests/unit/test_ai_case_service.py::test_missing_required_field_is_invalid PASSED [ 57%]
tests/unit/test_ai_case_service.py::test_self_invented_action_is_invalid PASSED [ 57%]
tests/unit/test_ai_case_service.py::test_whitelist_actions_all_accepted PASSED [ 57%]
tests/unit/test_ai_case_service.py::test_three_dimensions_are_independent_columns PASSED [ 57%]
tests/unit/test_ai_case_service.py::test_snapshot_drift_sets_needs_review_not_rejected PASSED [ 57%]
tests/unit/test_ai_case_service.py::test_needs_edit_creates_new_version_and_invalidates_old_approval PASSED [ 57%]
tests/unit/test_ai_case_service.py::test_canonicalizer_signature_takes_steps_only PASSED [ 57%]
tests/unit/test_ai_case_service.py::test_same_steps_different_source_give_same_hash PASSED [ 58%]
tests/unit/test_ai_deadline_propagation.py::TestRemainingShortCircuit::test_deadline_zero_raises_without_request PASSED [ 58%]
tests/unit/test_ai_deadline_propagation.py::TestRemainingShortCircuit::test_chat_http_attempt_remaining_zero_deadline PASSED [ 58%]
tests/unit/test_ai_deadline_propagation.py::TestRemainingShortCircuit::test_request_timeout_short_circuits PASSED [ 58%]
tests/unit/test_ai_deadline_propagation.py::TestRemainingPropagation::test_request_timeout_read_bounded_by_small_remaining PASSED [ 58%]
tests/unit/test_ai_deadline_propagation.py::TestRemainingPropagation::test_remaining_reflects_deadline PASSED [ 58%]
tests/unit/test_ai_deadline_propagation.py::TestWallClockChunkedTermination::test_chunked_stream_exceeds_deadline_produces_deadline_exceeded PASSED [ 58%]
tests/unit/test_ai_deadline_propagation.py::TestWallClockChunkedTermination::test_wallclock_cancellation_reaches_request_coroutine PASSED [ 58%]
tests/unit/test_ai_limiter_semantics.py::TestAcquireAttemptAtomic::test_success_consumes_one_quota_and_holds_slot PASSED [ 58%]
tests/unit/test_ai_limiter_semantics.py::TestAcquireAttemptAtomic::test_quota_exhausted_does_not_consume_extra PASSED [ 58%]
tests/unit/test_ai_limiter_semantics.py::TestAcquireAttemptAtomic::test_slot_failure_rolls_back_quota PASSED [ 58%]
tests/unit/test_ai_limiter_semantics.py::TestAcquireAttemptAtomic::test_slot_failure_does_not_backoff PASSED [ 58%]
tests/unit/test_ai_limiter_semantics.py::TestAcquireAttemptAtomic::test_each_attempt_consumes_one_quota_one_slot_and_backoff_releases_slot PASSED [ 58%]
tests/unit/test_ai_limiter_semantics.py::TestQuotaSlotErrorSemantics::test_quota_timeout_raises_non_retryable PASSED [ 58%]
tests/unit/test_ai_limiter_semantics.py::TestQuotaSlotErrorSemantics::test_slot_timeout_raises_non_retryable PASSED [ 58%]
tests/unit/test_ai_rate_limiter.py::TestConcurrencySemaphore::test_concurrency_limits_active_calls PASSED [ 58%]
tests/unit/test_ai_rate_limiter.py::TestConcurrencySemaphore::test_concurrency_waits_for_release PASSED [ 58%]
tests/unit/test_ai_rate_limiter.py::TestConcurrencySemaphore::test_slot_timeout_returns_false PASSED [ 59%]
tests/unit/test_ai_rate_limiter.py::TestConcurrencySemaphore::test_active_count_tracks_inflight PASSED [ 59%]
tests/unit/test_ai_rate_limiter.py::TestConcurrencySemaphore::test_rate_acquire_thread_safe PASSED [ 59%]
tests/unit/test_ai_rate_limiter.py::TestSharedLimiter::test_ai_and_heal_share_same_limiter PASSED [ 59%]
tests/unit/test_ai_rate_limiter.py::TestSharedLimiter::test_get_limiter_returns_shared_instance PASSED [ 59%]
tests/unit/test_ai_rate_limiter.py::TestBatchConcurrencyEndToEnd::test_100_concurrent_calls_rate_and_concurrency PASSED [ 59%]
tests/unit/test_ai_rate_limiter.py::TestBatchConcurrencyEndToEnd::test_failure_does_not_retry_infinitely_and_releases_slot PASSED [ 59%]
tests/unit/test_ai_retry_classification.py::TestRetryAfter::test_429_is_retryable_and_retry_after_captured PASSED [ 59%]
tests/unit/test_ai_retry_classification.py::TestRetryAfter::test_retry_wait_clamps_to_remaining PASSED [ 59%]
tests/unit/test_ai_retry_classification.py::TestRetryAfter::test_retry_wait_respects_retry_after_when_smaller PASSED [ 59%]
tests/unit/test_ai_retry_classification.py::TestRetryAfter::test_invalid_retry_after_falls_back_to_backoff PASSED [ 59%]
tests/unit/test_ai_retry_classification.py::TestNonRetryable::test_4xx_no_retry_fast[401] PASSED [ 59%]
tests/unit/test_ai_retry_classification.py::TestNonRetryable::test_4xx_no_retry_fast[400] PASSED [ 59%]
tests/unit/test_ai_retry_classification.py::TestNonRetryable::test_5xx_is_retryable PASSED [ 59%]
tests/unit/test_ai_retry_classification.py::TestReadTimeoutCompression::test_request_timeout_read_bounded_by_remaining PASSED [ 59%]
tests/unit/test_ai_retry_classification.py::TestReadTimeoutCompression::test_request_timeout_short_circuits_when_no_remaining PASSED [ 59%]
tests/unit/test_ai_retry_classification.py::TestStructuredLog::test_success_logs_structured_line PASSED [ 59%]
tests/unit/test_ai_retry_classification.py::TestStructuredLog::test_failure_logs_structured_line PASSED [ 60%]
tests/unit/test_ai_timeout_no_hang.py::TestWatchdogHardTermination::test_cancel_immune_post_does_not_hang PASSED [ 60%]
tests/unit/test_ai_timeout_no_hang.py::TestWatchdogHardTermination::test_never_completing_post_does_not_hang PASSED [ 60%]
tests/unit/test_ai_timeout_no_hang.py::TestWatchdogHardTermination::test_immediate_deadline_short_circuits PASSED [ 60%]
tests/unit/test_ai_timeout_no_hang.py::TestResponsesAfterDeadline::test_slow_ok_response_marked_deadline_exceeded PASSED [ 60%]
tests/unit/test_alembic_migration.py::TestSQLiteMigration::test_empty_sqlite_upgrade_head PASSED [ 60%]
tests/unit/test_alembic_migration.py::TestSQLiteMigration::test_sqlite_downgrade_base_drops_tables PASSED [ 60%]
tests/unit/test_alembic_migration.py::TestSQLiteMigration::test_ai_case_drafts_0004_upgrade_and_downgrade PASSED [ 60%]
tests/unit/test_alembic_migration.py::TestSQLiteMigration::test_schedules_0005_upgrade_and_downgrade PASSED [ 60%]
tests/unit/test_alembic_migration.py::TestSQLiteMigration::test_pipelines_0006_upgrade_and_downgrade PASSED [ 60%]
tests/unit/test_alembic_migration.py::TestSQLiteMigration::test_mock_services_0007_upgrade_and_downgrade PASSED [ 60%]
tests/unit/test_alembic_migration.py::TestSQLiteMigration::test_sqlite_upgrade_smooth_on_legacy_schema PASSED [ 60%]
tests/unit/test_alembic_migration.py::TestSQLiteMigration::test_alembic_revision_autogenerate PASSED [ 60%]
tests/unit/test_alembic_migration.py::TestMySQLMigration::test_mysql_upgrade_head_and_downgrade PASSED [ 60%]
tests/unit/test_alembic_migration.py::TestMySQLOffline::test_mysql_offline_sql_generation PASSED [ 60%]
tests/unit/test_appium_caps.py::test_build_caps_base_defaults PASSED     [ 60%]
tests/unit/test_appium_caps.py::test_build_caps_optional_fields_only_when_set PASSED [ 61%]
tests/unit/test_appium_caps.py::test_build_caps_optional_fields_absent_when_missing PASSED [ 61%]
tests/unit/test_appium_caps.py::test_build_caps_extra_caps_override PASSED [ 61%]
tests/unit/test_appium_caps.py::test_build_caps_extra_caps_non_dict_ignored PASSED [ 61%]
tests/unit/test_appium_caps.py::test_build_caps_forces_skip_caps PASSED  [ 61%]
tests/unit/test_appium_caps.py::test_build_caps_does_not_mutate_input PASSED [ 61%]
tests/unit/test_batch_persistence.py::test_batch_cases_rows_match_memory_terminal PASSED [ 61%]
tests/unit/test_batch_persistence.py::test_batch_records_upsert_idempotent PASSED [ 61%]
tests/unit/test_batch_persistence.py::test_finalize_failure_retries_until_eventually_consistent PASSED [ 61%]
tests/unit/test_batch_persistence.py::test_finalize_permanent_failure_never_enters_terminal PASSED [ 61%]
tests/unit/test_batch_persistence.py::test_restart_reads_batch_records_as_task_lost PASSED [ 61%]
tests/unit/test_batch_persistence.py::test_batch_cases_immutable_after_terminal PASSED [ 61%]
tests/unit/test_batch_persistence.py::test_kpi_bucket_counts_mock_deadline_slot_and_valid PASSED [ 61%]
tests/unit/test_batch_persistence.py::test_resume_open_job_skips_terminal_and_regenerates_rest PASSED [ 61%]
tests/unit/test_batch_persistence.py::test_resume_no_open_jobs_returns_zero PASSED [ 61%]
tests/unit/test_case_deadline.py::test_batch_deadline_short_circuit_before_claim PASSED [ 61%]
tests/unit/test_case_deadline.py::test_inflight_overrun_valid_code_persisted_not_kpi PASSED [ 61%]
tests/unit/test_case_state_resolver.py::TestTruthTable::test_all_pending PASSED [ 62%]
tests/unit/test_case_state_resolver.py::TestTruthTable::test_success_plus_pending_running PASSED [ 62%]
tests/unit/test_case_state_resolver.py::TestTruthTable::test_success_plus_running_running PASSED [ 62%]
tests/unit/test_case_state_resolver.py::TestTruthTable::test_success_plus_skipped_failed PASSED [ 62%]
tests/unit/test_case_state_resolver.py::TestTruthTable::test_has_failed PASSED [ 62%]
tests/unit/test_case_state_resolver.py::TestTruthTable::test_all_skipped PASSED [ 62%]
tests/unit/test_case_state_resolver.py::TestTruthTable::test_malformed_unknown PASSED [ 62%]
tests/unit/test_case_state_resolver.py::TestTruthTable::test_empty_steps_pending PASSED [ 62%]
tests/unit/test_case_state_resolver.py::TestPairInvariant::test_bare_status_no_evidence[success] PASSED [ 62%]
tests/unit/test_case_state_resolver.py::TestPairInvariant::test_bare_status_no_evidence[failed] PASSED [ 62%]
tests/unit/test_case_state_resolver.py::TestPairInvariant::test_bare_status_no_evidence[skipped] PASSED [ 62%]
tests/unit/test_case_state_resolver.py::TestPairInvariant::test_failed_no_evidence_with_normal_success_context PASSED [ 62%]
tests/unit/test_case_state_resolver.py::TestPairInvariant::test_skipped_with_normal_success_context PASSED [ 62%]
tests/unit/test_case_state_resolver.py::TestPairInvariant::test_success_context_never_leaks_to_failed PASSED [ 62%]
tests/unit/test_case_state_resolver.py::TestPairInvariant::test_pending_running_reason_null PASSED [ 62%]
tests/unit/test_case_state_resolver.py::TestSkipReasonMapping::test_user_stopped PASSED [ 62%]
tests/unit/test_case_state_resolver.py::TestSkipReasonMapping::test_interrupted PASSED [ 62%]
tests/unit/test_case_state_resolver.py::TestSkipReasonMapping::test_execution_failed_skips[circuit_open] PASSED [ 63%]
tests/unit/test_case_state_resolver.py::TestSkipReasonMapping::test_execution_failed_skips[deadline_exceeded] PASSED [ 63%]
tests/unit/test_case_state_resolver.py::TestSkipReasonMapping::test_execution_failed_skips[worker_failed] PASSED [ 63%]
tests/unit/test_case_state_resolver.py::TestSkipReasonMapping::test_execution_failed_skips[pre_start_drift] PASSED [ 63%]
tests/unit/test_case_state_resolver.py::TestSkipReasonMapping::test_success_plus_skipped_user_stopped PASSED [ 63%]
tests/unit/test_case_state_resolver.py::TestSkipReasonMapping::test_success_plus_skipped_execution_failed PASSED [ 63%]
tests/unit/test_case_state_resolver.py::TestContextMapping::test_completed_normal_success PASSED [ 63%]
tests/unit/test_case_state_resolver.py::TestContextMapping::test_stopped_user_stopped PASSED [ 63%]
tests/unit/test_case_state_resolver.py::TestContextMapping::test_interrupted_context PASSED [ 63%]
tests/unit/test_case_state_resolver.py::TestContextMapping::test_failed_context_execution_failed PASSED [ 63%]
tests/unit/test_case_state_resolver.py::TestContextMapping::test_unknown_context PASSED [ 63%]
tests/unit/test_case_state_resolver.py::TestPriority::test_integrity_beats_execution PASSED [ 63%]
tests/unit/test_case_state_resolver.py::TestPriority::test_execution_beats_business PASSED [ 63%]
tests/unit/test_case_state_resolver.py::TestPriority::test_business_beats_user_stopped PASSED [ 63%]
tests/unit/test_case_state_resolver.py::TestPriority::test_business_beats_context_user_stopped PASSED [ 63%]
tests/unit/test_case_state_resolver.py::TestPriority::test_user_stopped_beats_interrupted PASSED [ 63%]
tests/unit/test_case_state_resolver.py::TestPriority::test_business_alone PASSED [ 63%]
tests/unit/test_case_state_resolver.py::TestExceptionHints::test_timeout_worker_deadline_circuit_execution[TimeoutError] PASSED [ 64%]
tests/unit/test_case_state_resolver.py::TestExceptionHints::test_timeout_worker_deadline_circuit_execution[asyncio.TimeoutError] PASSED [ 64%]
tests/unit/test_case_state_resolver.py::TestExceptionHints::test_timeout_worker_deadline_circuit_execution[WorkerFailed] PASSED [ 64%]
tests/unit/test_case_state_resolver.py::TestExceptionHints::test_timeout_worker_deadline_circuit_execution[DeadlineExceeded] PASSED [ 64%]
tests/unit/test_case_state_resolver.py::TestExceptionHints::test_timeout_worker_deadline_circuit_execution[CircuitOpenError] PASSED [ 64%]
tests/unit/test_case_state_resolver.py::TestExceptionHints::test_bare_failed_defaults_execution PASSED [ 64%]
tests/unit/test_case_state_resolver.py::TestExceptionHints::test_business_assertion_with_assertion_error PASSED [ 64%]
tests/unit/test_case_state_resolver.py::TestExceptionHints::test_incomplete_execution_is_neutral PASSED [ 64%]
tests/unit/test_case_state_resolver.py::TestExceptionHints::test_incomplete_execution_alone_falls_back_execution PASSED [ 64%]
tests/unit/test_circuit.py::test_three_consecutive_retryable_failures_open_circuit PASSED [ 64%]
tests/unit/test_circuit.py::test_success_resets_streak PASSED            [ 64%]
tests/unit/test_circuit.py::test_mock_success_does_not_break_streak PASSED [ 64%]
tests/unit/test_circuit.py::test_slot_timeout_not_counted_streak_or_cohort PASSED [ 64%]
tests/unit/test_circuit.py::test_circuit_skip_not_counted_streak_or_cohort PASSED [ 64%]
tests/unit/test_code_validator_unified.py::TestGenerateSingleUnifiedValidation::test_getattr_code_now_invalid PASSED [ 64%]
tests/unit/test_code_validator_unified.py::TestGenerateSingleUnifiedValidation::test_source_steps_hash_persisted PASSED [ 64%]
tests/unit/test_code_validator_unified.py::TestGetEffectiveCodeNullSource::test_null_source_steps_hash_returns_none PASSED [ 65%]
tests/unit/test_code_validator_unified.py::TestGetEffectiveCodeHashMismatch::test_no_fallback_to_older_matching_version PASSED [ 65%]
tests/unit/test_code_validator_unified.py::TestGetEffectiveCodeValidateOnLoad::test_invalid_stored_row_rewritten PASSED [ 65%]
tests/unit/test_code_validator_unified.py::TestGetEffectiveCodeValidateOnLoad::test_valid_matching_row_returned PASSED [ 65%]
tests/unit/test_config.py::TestSettingsDefaults::test_default_database_url_is_mysql PASSED [ 65%]
tests/unit/test_config.py::TestSettingsDefaults::test_default_openai_api_key_is_empty_string PASSED [ 65%]
tests/unit/test_config.py::TestSettingsDefaults::test_default_openai_model_is_deepseek PASSED [ 65%]
tests/unit/test_config.py::TestSettingsDefaults::test_default_playwright_timeout_is_30000 PASSED [ 65%]
tests/unit/test_config.py::TestSettingsDefaults::test_default_playwright_headless_is_true PASSED [ 65%]
tests/unit/test_config.py::TestSettingsDefaults::test_default_upload_dir PASSED [ 65%]
tests/unit/test_config.py::TestSettingsDefaults::test_default_report_dir PASSED [ 65%]
tests/unit/test_config.py::TestSettingsDefaults::test_default_screenshot_dir PASSED [ 65%]
tests/unit/test_config.py::TestSettingsDefaults::test_default_video_dir PASSED [ 65%]
tests/unit/test_config.py::TestSettingsDefaults::test_default_excel_dir PASSED [ 65%]
tests/unit/test_config.py::TestSettingsDefaults::test_default_cors_origins_includes_localhost_5173 PASSED [ 65%]
tests/unit/test_config.py::TestSettingsDefaults::test_default_app_title PASSED [ 65%]
tests/unit/test_config.py::TestSettingsDefaults::test_default_app_version PASSED [ 65%]
tests/unit/test_config.py::TestSettingsDefaults::test_default_api_prefix PASSED [ 66%]
tests/unit/test_config.py::TestSettingsDefaults::test_default_host PASSED [ 66%]
tests/unit/test_config.py::TestSettingsDefaults::test_default_port PASSED [ 66%]
tests/unit/test_config.py::TestSettingsDefaults::test_default_max_heal_retry PASSED [ 66%]
tests/unit/test_config.py::TestSettingsDefaults::test_default_openai_base_url_is_deepseek PASSED [ 66%]
tests/unit/test_config.py::TestSettingsDefaults::test_default_openai_max_calls_per_min PASSED [ 66%]
tests/unit/test_config.py::TestSettingsDefaults::test_default_heal_max_retry_same_error PASSED [ 66%]
tests/unit/test_config.py::TestSettingsDefaults::test_default_pre_execution_check PASSED [ 66%]
tests/unit/test_config.py::TestEnvVarOverride::test_env_var_overrides_database_url PASSED [ 66%]
tests/unit/test_config.py::TestEnvVarOverride::test_env_var_overrides_openai_api_key PASSED [ 66%]
tests/unit/test_config.py::TestEnvVarOverride::test_env_var_overrides_openai_model PASSED [ 66%]
tests/unit/test_config.py::TestEnvVarOverride::test_env_var_overrides_playwright_timeout PASSED [ 66%]
tests/unit/test_config.py::TestEnvVarOverride::test_env_var_overrides_playwright_headless_false PASSED [ 66%]
tests/unit/test_config.py::TestEnvVarOverride::test_env_var_overrides_upload_dir PASSED [ 66%]
tests/unit/test_config.py::TestEnvVarOverride::test_env_var_overrides_port PASSED [ 66%]
tests/unit/test_config.py::TestEnvVarOverride::test_env_var_overrides_app_title PASSED [ 66%]
tests/unit/test_config.py::TestEnvVarOverride::test_multiple_env_var_overrides PASSED [ 66%]
tests/unit/test_config.py::TestLoadSettings::test_load_settings_creates_directories PASSED [ 67%]
tests/unit/test_config.py::TestLoadSettings::test_load_settings_warns_when_openai_api_key_empty PASSED [ 67%]
tests/unit/test_config.py::TestLoadSettings::test_load_settings_creates_all_required_dirs PASSED [ 67%]
tests/unit/test_config.py::TestLoadSettings::test_load_settings_mkdir_with_parents PASSED [ 67%]
tests/unit/test_config.py::TestSettingsEdgeCases::test_settings_config_has_env_file PASSED [ 67%]
tests/unit/test_config.py::TestSettingsEdgeCases::test_settings_model_dump PASSED [ 67%]
tests/unit/test_config.py::TestSettingsEdgeCases::test_secret_key_default PASSED [ 67%]
tests/unit/test_config.py::TestProductionSecretKey::test_app_env_alias_sets_env PASSED [ 67%]
tests/unit/test_config.py::TestProductionSecretKey::test_legacy_env_alias_still_works PASSED [ 67%]
tests/unit/test_config.py::TestProductionSecretKey::test_production_rejects_default_secret_key PASSED [ 67%]
tests/unit/test_config.py::TestProductionSecretKey::test_production_accepts_explicit_secret_key PASSED [ 67%]
tests/unit/test_config.py::TestDeadConfigRemoved::test_heal_skill_enabled_field_removed PASSED [ 67%]
tests/unit/test_config.py::TestDeadConfigRemoved::test_settings_has_no_heal_skill_attribute PASSED [ 67%]
tests/unit/test_config.py::TestDeadConfigRemoved::test_other_heal_flags_still_present PASSED [ 67%]
tests/unit/test_cron_validation.py::TestValidateCronUnit::test_is_valid_cron_rejects_bad_expr[-\u7a7a\u8868\u8fbe\u5f0f] PASSED [ 67%]
tests/unit/test_cron_validation.py::TestValidateCronUnit::test_is_valid_cron_rejects_bad_expr[* * * *-\u6bb5\u6570\u4e0d\u8db3\uff084 \u6bb5\uff09] PASSED [ 67%]
tests/unit/test_cron_validation.py::TestValidateCronUnit::test_is_valid_cron_rejects_bad_expr[* * * * * *-\u6bb5\u6570\u8fc7\u591a\uff086 \u6bb5\uff0ccroniter \u9ed8\u8ba4\u63a5\u53d7\u79d2\u6bb5\uff0c\u987b\u663e\u5f0f\u62d2\u7edd\uff09] PASSED [ 68%]
tests/unit/test_cron_validation.py::TestValidateCronUnit::test_is_valid_cron_rejects_bad_expr[60 * * * *-\u5206\u949f\u8d8a\u754c 60] PASSED [ 68%]
tests/unit/test_cron_validation.py::TestValidateCronUnit::test_is_valid_cron_rejects_bad_expr[* 25 * * *-\u5c0f\u65f6\u8d8a\u754c 25] PASSED [ 68%]
tests/unit/test_cron_validation.py::TestValidateCronUnit::test_is_valid_cron_rejects_bad_expr[not a cron-\u975e cron \u6587\u672c] PASSED [ 68%]
tests/unit/test_cron_validation.py::TestValidateCronUnit::test_validate_cron_raises_with_detail[-\u7a7a\u8868\u8fbe\u5f0f] PASSED [ 68%]
tests/unit/test_cron_validation.py::TestValidateCronUnit::test_validate_cron_raises_with_detail[* * * *-\u6bb5\u6570\u4e0d\u8db3\uff084 \u6bb5\uff09] PASSED [ 68%]
tests/unit/test_cron_validation.py::TestValidateCronUnit::test_validate_cron_raises_with_detail[* * * * * *-\u6bb5\u6570\u8fc7\u591a\uff086 \u6bb5\uff0ccroniter \u9ed8\u8ba4\u63a5\u53d7\u79d2\u6bb5\uff0c\u987b\u663e\u5f0f\u62d2\u7edd\uff09] PASSED [ 68%]
tests/unit/test_cron_validation.py::TestValidateCronUnit::test_validate_cron_raises_with_detail[60 * * * *-\u5206\u949f\u8d8a\u754c 60] PASSED [ 68%]
tests/unit/test_cron_validation.py::TestValidateCronUnit::test_validate_cron_raises_with_detail[* 25 * * *-\u5c0f\u65f6\u8d8a\u754c 25] PASSED [ 68%]
tests/unit/test_cron_validation.py::TestValidateCronUnit::test_validate_cron_raises_with_detail[not a cron-\u975e cron \u6587\u672c] PASSED [ 68%]
tests/unit/test_cron_validation.py::TestValidateCronUnit::test_good_expr_accepted[*/5 * * * *] PASSED [ 68%]
tests/unit/test_cron_validation.py::TestValidateCronUnit::test_good_expr_accepted[0 9 * * 1-5] PASSED [ 68%]
tests/unit/test_cron_validation.py::TestValidateCronUnit::test_good_expr_accepted[30 2 1 * *] PASSED [ 68%]
tests/unit/test_cron_validation.py::TestValidateCronUnit::test_compute_next_run_strictly_future_and_aligned PASSED [ 68%]
tests/unit/test_cron_validation.py::TestCronRejectedByApi::test_create_schedule_bad_cron_returns_422[-\u7a7a\u8868\u8fbe\u5f0f] PASSED [ 68%]
tests/unit/test_cron_validation.py::TestCronRejectedByApi::test_create_schedule_bad_cron_returns_422[* * * *-\u6bb5\u6570\u4e0d\u8db3\uff084 \u6bb5\uff09] PASSED [ 68%]
tests/unit/test_cron_validation.py::TestCronRejectedByApi::test_create_schedule_bad_cron_returns_422[* * * * * *-\u6bb5\u6570\u8fc7\u591a\uff086 \u6bb5\uff0ccroniter \u9ed8\u8ba4\u63a5\u53d7\u79d2\u6bb5\uff0c\u987b\u663e\u5f0f\u62d2\u7edd\uff09] PASSED [ 68%]
tests/unit/test_cron_validation.py::TestCronRejectedByApi::test_create_schedule_bad_cron_returns_422[60 * * * *-\u5206\u949f\u8d8a\u754c 60] PASSED [ 69%]
tests/unit/test_cron_validation.py::TestCronRejectedByApi::test_create_schedule_bad_cron_returns_422[* 25 * * *-\u5c0f\u65f6\u8d8a\u754c 25] PASSED [ 69%]
tests/unit/test_cron_validation.py::TestCronRejectedByApi::test_create_schedule_bad_cron_returns_422[not a cron-\u975e cron \u6587\u672c] PASSED [ 69%]
tests/unit/test_cron_validation.py::TestCronRejectedByApi::test_create_schedule_good_cron_ok PASSED [ 69%]
tests/unit/test_database.py::TestDatabaseInit::test_init_runs_legacy_bridge_then_alembic_upgrade PASSED [ 69%]
tests/unit/test_database.py::TestDatabaseInit::test_init_propagates_bridge_failure PASSED [ 69%]
tests/unit/test_database.py::TestDatabaseInit::test_init_propagates_alembic_failure PASSED [ 69%]
tests/unit/test_database.py::TestLegacyBridge::test_alembic_managed_db_returns_without_structural_change PASSED [ 69%]
tests/unit/test_database.py::TestLegacyBridge::test_empty_db_returns_without_structural_change PASSED [ 69%]
tests/unit/test_database.py::TestLegacyBridge::test_legacy_compatible_db_stamps_baseline PASSED [ 69%]
tests/unit/test_database.py::TestLegacyBridge::test_legacy_incompatible_db_raises_with_diff_list PASSED [ 69%]
tests/unit/test_database.py::TestSqliteForeignKeyPragma::test_connect_listener_enables_foreign_keys PASSED [ 69%]
tests/unit/test_database.py::TestGetDb::test_get_db_yields_session_and_closes PASSED [ 69%]
tests/unit/test_database.py::TestGetDb::test_get_db_closes_on_exception PASSED [ 69%]
tests/unit/test_database.py::TestEngineCreation::test_base_has_metadata PASSED [ 69%]
tests/unit/test_database.py::TestEngineCreation::test_session_local_is_callable PASSED [ 69%]
tests/unit/test_dependencies.py::TestPaginationParams::test_defaults PASSED [ 69%]
tests/unit/test_dependencies.py::TestPaginationParams::test_page_1_size_20_offset_0 PASSED [ 70%]
tests/unit/test_dependencies.py::TestPaginationParams::test_page_3_size_10_offset_20 PASSED [ 70%]
tests/unit/test_dependencies.py::TestPaginationParams::test_page_2_size_50_offset_50 PASSED [ 70%]
tests/unit/test_dependencies.py::TestPaginationParams::test_page_5_size_100_offset_400 PASSED [ 70%]
tests/unit/test_dependencies.py::TestPaginationParams::test_page_1_size_1_offset_0 PASSED [ 70%]
tests/unit/test_dependencies.py::TestPaginationParams::test_page_10_size_1000_offset_9000 PASSED [ 70%]
tests/unit/test_dependencies.py::TestPaginate::test_paginate_25_items_page_1_size_10 PASSED [ 70%]
tests/unit/test_dependencies.py::TestPaginate::test_paginate_25_items_page_3_size_10 PASSED [ 70%]
tests/unit/test_dependencies.py::TestPaginate::test_paginate_zero_items PASSED [ 70%]
tests/unit/test_dependencies.py::TestPaginate::test_paginate_items_less_than_page_size PASSED [ 70%]
tests/unit/test_dependencies.py::TestPaginate::test_paginate_single_item_page_1_size_20 PASSED [ 70%]
tests/unit/test_dependencies.py::TestPaginate::test_paginate_page_beyond_total_returns_empty PASSED [ 70%]
tests/unit/test_dependencies.py::TestPaginate::test_paginate_100_items_page_1_size_10 PASSED [ 70%]
tests/unit/test_dependencies.py::TestPaginate::test_paginate_100_items_page_5_size_10 PASSED [ 70%]
tests/unit/test_dependencies.py::TestPaginate::test_paginate_items_are_in_order PASSED [ 70%]
tests/unit/test_dependencies.py::TestGetProjectOr404::test_existing_project_returns_project PASSED [ 70%]
tests/unit/test_dependencies.py::TestGetProjectOr404::test_nonexistent_project_raises_not_found PASSED [ 70%]
tests/unit/test_dependencies.py::TestGetProjectOr404::test_multiple_existing_projects_returns_correct_one PASSED [ 71%]
tests/unit/test_dependencies.py::TestGetProjectOr404::test_deleted_project_raises_not_found PASSED [ 71%]
tests/unit/test_element_locator.py::TestElementLocatorPriority::test_element_with_resource_id PASSED [ 71%]
tests/unit/test_element_locator.py::TestElementLocatorPriority::test_element_with_content_desc PASSED [ 71%]
tests/unit/test_element_locator.py::TestElementLocatorPriority::test_element_with_text PASSED [ 71%]
tests/unit/test_element_locator.py::TestElementLocatorPriority::test_element_xpath_fallback PASSED [ 71%]
tests/unit/test_element_locator.py::TestElementMissingLocator::test_element_without_selector_type PASSED [ 71%]
tests/unit/test_element_locator.py::TestElementMissingLocator::test_element_without_platform_defaults_to_web PASSED [ 71%]
tests/unit/test_element_locator.py::TestElementMissingLocator::test_element_with_empty_selector PASSED [ 71%]
tests/unit/test_element_locator.py::TestElementPlatformMismatch::test_web_element_not_visible_to_android PASSED [ 71%]
tests/unit/test_element_locator.py::TestElementPlatformMismatch::test_android_element_not_visible_to_web PASSED [ 71%]
tests/unit/test_element_locator.py::TestElementPlatformMismatch::test_mixed_platform_elements_query PASSED [ 71%]
tests/unit/test_evidence_sanitizer.py::test_seven_sensitive_classes_are_redacted PASSED [ 71%]
tests/unit/test_evidence_sanitizer.py::test_placeholder_present_and_shape_preserved PASSED [ 71%]
tests/unit/test_evidence_sanitizer.py::test_input_not_mutated_in_place PASSED [ 71%]
tests/unit/test_evidence_sanitizer.py::test_prompt_after_sanitize_contains_no_raw_secret PASSED [ 71%]
tests/unit/test_exceptions.py::TestAppException::test_defaults PASSED    [ 72%]
tests/unit/test_exceptions.py::TestAppException::test_custom_code PASSED [ 72%]
tests/unit/test_exceptions.py::TestAppException::test_custom_message PASSED [ 72%]
tests/unit/test_exceptions.py::TestAppException::test_custom_status_code PASSED [ 72%]
tests/unit/test_exceptions.py::TestAppException::test_all_custom PASSED  [ 72%]
tests/unit/test_exceptions.py::TestAppException::test_is_instance_of_exception PASSED [ 72%]
tests/unit/test_exceptions.py::TestNotFoundException::test_defaults PASSED [ 72%]
tests/unit/test_exceptions.py::TestNotFoundException::test_custom_message PASSED [ 72%]
tests/unit/test_exceptions.py::TestNotFoundException::test_is_subclass_of_app_exception PASSED [ 72%]
tests/unit/test_exceptions.py::TestValidationException::test_defaults PASSED [ 72%]
tests/unit/test_exceptions.py::TestValidationException::test_custom_message PASSED [ 72%]
tests/unit/test_exceptions.py::TestValidationException::test_is_subclass_of_app_exception PASSED [ 72%]
tests/unit/test_exceptions.py::TestAIException::test_defaults PASSED     [ 72%]
tests/unit/test_exceptions.py::TestAIException::test_custom_message PASSED [ 72%]
tests/unit/test_exceptions.py::TestAIException::test_is_subclass_of_app_exception PASSED [ 72%]
tests/unit/test_exceptions.py::TestPlaywrightException::test_defaults PASSED [ 72%]
tests/unit/test_exceptions.py::TestPlaywrightException::test_custom_message PASSED [ 72%]
tests/unit/test_exceptions.py::TestPlaywrightException::test_is_subclass_of_app_exception PASSED [ 73%]
tests/unit/test_exceptions.py::TestSecurityException::test_defaults PASSED [ 73%]
tests/unit/test_exceptions.py::TestSecurityException::test_custom_message PASSED [ 73%]
tests/unit/test_exceptions.py::TestSecurityException::test_is_subclass_of_app_exception PASSED [ 73%]
tests/unit/test_exceptions.py::TestAppExceptionHandler::test_returns_json_response_with_correct_format PASSED [ 73%]
tests/unit/test_exceptions.py::TestAppExceptionHandler::test_with_not_found_exception PASSED [ 73%]
tests/unit/test_exceptions.py::TestAppExceptionHandler::test_with_ai_exception PASSED [ 73%]
tests/unit/test_exceptions.py::TestHttpExceptionHandler::test_returns_json_response_with_correct_format PASSED [ 73%]
tests/unit/test_exceptions.py::TestHttpExceptionHandler::test_with_500_status PASSED [ 73%]
tests/unit/test_exceptions.py::TestHttpExceptionHandler::test_with_403_status PASSED [ 73%]
tests/unit/test_exceptions.py::TestValidationExceptionHandler::test_single_field_error PASSED [ 73%]
tests/unit/test_exceptions.py::TestValidationExceptionHandler::test_multiple_field_errors_aggregated_with_semicolons PASSED [ 73%]
tests/unit/test_exceptions.py::TestValidationExceptionHandler::test_nested_loc_path PASSED [ 73%]
tests/unit/test_exceptions.py::TestValidationExceptionHandler::test_empty_errors PASSED [ 73%]
tests/unit/test_exceptions.py::TestGeneralExceptionHandler::test_wraps_message_with_prefix PASSED [ 73%]
tests/unit/test_exceptions.py::TestGeneralExceptionHandler::test_with_runtime_error PASSED [ 73%]
tests/unit/test_exceptions.py::TestGeneralExceptionHandler::test_with_empty_message_exception PASSED [ 73%]
tests/unit/test_execution_recovery.py::TestRecoverOrphanExecutions::test_queued_becomes_interrupted PASSED [ 74%]
tests/unit/test_execution_recovery.py::TestRecoverOrphanExecutions::test_running_with_stale_heartbeat_becomes_interrupted PASSED [ 74%]
tests/unit/test_execution_recovery.py::TestRecoverOrphanExecutions::test_running_without_heartbeat_becomes_interrupted PASSED [ 74%]
tests/unit/test_execution_recovery.py::TestRecoverOrphanExecutions::test_running_with_fresh_heartbeat_kept PASSED [ 74%]
tests/unit/test_execution_recovery.py::TestRecoverOrphanExecutions::test_healing_with_stale_heartbeat_becomes_interrupted PASSED [ 74%]
tests/unit/test_execution_recovery.py::TestRecoverOrphanExecutions::test_terminal_states_untouched PASSED [ 74%]
tests/unit/test_execution_recovery.py::TestRecoverOrphanExecutions::test_mixed_recovery_count PASSED [ 74%]
tests/unit/test_execution_recovery.py::TestExecutionHeartbeat::test_execute_updates_progress_and_heartbeat PASSED [ 74%]
tests/unit/test_fk_enforcement.py::TestPragmaEnforcement::test_delete_project_with_execution_raises_integrity_error PASSED [ 74%]
tests/unit/test_fk_enforcement.py::TestPragmaEnforcement::test_pragma_is_on PASSED [ 74%]
tests/unit/test_fk_enforcement.py::TestOrmDeleteEnforcement::test_delete_test_case_with_generated_code_blocked PASSED [ 74%]
tests/unit/test_fk_enforcement.py::TestOrmDeleteEnforcement::test_delete_execution_with_steps_blocked PASSED [ 74%]
tests/unit/test_fk_enforcement.py::TestOrmDeleteEnforcement::test_delete_execution_with_report_blocked PASSED [ 74%]
tests/unit/test_fk_enforcement.py::TestOrmDeleteEnforcement::test_delete_step_with_heal_record_blocked PASSED [ 74%]
tests/unit/test_fk_enforcement.py::TestOrmDeleteEnforcement::test_delete_generated_code_used_as_original_code_id_blocked PASSED [ 74%]
tests/unit/test_fk_enforcement.py::TestOrmDeleteEnforcement::test_orphan_delete_still_allowed PASSED [ 74%]
tests/unit/test_fk_enforcement.py::TestBatchFacts::test_batch_record_project_restrict PASSED [ 75%]
tests/unit/test_fk_enforcement.py::TestBatchFacts::test_batch_case_case_restrict PASSED [ 75%]
tests/unit/test_fk_enforcement.py::TestBatchFacts::test_batch_case_code_id_nullable PASSED [ 75%]
tests/unit/test_kpi_eligibility.py::test_non_mock_success_is_kpi_eligible PASSED [ 75%]
tests/unit/test_kpi_eligibility.py::test_mock_success_not_kpi_eligible PASSED [ 75%]
tests/unit/test_kpi_eligibility.py::test_slot_timeout_not_kpi_eligible PASSED [ 75%]
tests/unit/test_kpi_eligibility.py::test_validation_failure_in_cohort_but_not_first_gen_valid PASSED [ 75%]
tests/unit/test_metrics.py::TestFirstGenerationSuccessRate::test_aggregates_batch_records_summary PASSED [ 75%]
tests/unit/test_metrics.py::TestFirstGenerationSuccessRate::test_ignores_generated_codes_valid_flag PASSED [ 75%]
tests/unit/test_metrics.py::TestFirstGenerationSuccessRate::test_empty_returns_none PASSED [ 75%]
tests/unit/test_metrics.py::TestFirstGenerationSuccessRate::test_kpi_eligible_denominator_zero_returns_none PASSED [ 75%]
tests/unit/test_metrics.py::TestFinalSuccessRate::test_denominator_excludes_user_stopped_and_interrupted PASSED [ 75%]
tests/unit/test_metrics.py::TestFinalSuccessRate::test_skips_entries_without_terminal_reason PASSED [ 75%]
tests/unit/test_metrics.py::TestFinalSuccessRate::test_non_terminal_executions_excluded PASSED [ 75%]
tests/unit/test_metrics.py::TestFinalSuccessRate::test_kpi_eligible_does_not_leak_into_85 PASSED [ 75%]
tests/unit/test_metrics.py::TestFinalSuccessRate::test_project_filter PASSED [ 75%]
tests/unit/test_metrics.py::TestCoverage::test_execution_start_coverage PASSED [ 75%]
tests/unit/test_metrics.py::TestCoverage::test_pipeline_coverage PASSED  [ 76%]
tests/unit/test_metrics.py::TestOverview::test_overview_returns_four_metrics PASSED [ 76%]
tests/unit/test_middlewares.py::TestTimingMiddleware::test_timing_middleware_adds_header PASSED [ 76%]
tests/unit/test_middlewares.py::TestTimingMiddleware::test_timing_middleware_on_api_endpoint PASSED [ 76%]
tests/unit/test_middlewares.py::TestLoggingMiddleware::test_logging_middleware_does_not_break_request PASSED [ 76%]
tests/unit/test_middlewares.py::TestLoggingMiddleware::test_logging_middleware_with_404 PASSED [ 76%]
tests/unit/test_middlewares.py::TestLoggingMiddleware::test_logging_middleware_does_not_leak_sensitive_data PASSED [ 76%]
tests/unit/test_middlewares.py::TestBothMiddlewares::test_both_middlewares_on_health PASSED [ 76%]
tests/unit/test_middlewares.py::TestBothMiddlewares::test_both_middlewares_on_api PASSED [ 76%]
tests/unit/test_migration.py::TestLegacyBridgeNoStructuralChange::test_source_contains_no_structural_mutation PASSED [ 76%]
tests/unit/test_migration.py::TestLegacyBridgeNoStructuralChange::test_init_only_bridge_and_alembic PASSED [ 76%]
tests/unit/test_migration.py::TestLegacyBridgeBehavior::test_legacy_compatible_db_stamped_and_upgraded PASSED [ 76%]
tests/unit/test_migration.py::TestLegacyBridgeBehavior::test_legacy_incompatible_db_rejected PASSED [ 76%]
tests/unit/test_migration.py::TestLegacyBridgeBehavior::test_stamp_does_not_execute_migration PASSED [ 76%]
tests/unit/test_migration.py::TestLegacyTypeDialectNormalization::test_mysql_string_family_normalized_to_one_bucket PASSED [ 76%]
tests/unit/test_migration.py::TestLegacyTypeDialectNormalization::test_mysql_dialect_legacy_db_passes_compatibility_check PASSED [ 76%]
tests/unit/test_migration.py::TestLegacyTypeDialectNormalization::test_non_string_type_mismatch_still_rejected PASSED [ 76%]
tests/unit/test_migration_preflight.py::TestPreflightClean::test_clean_legacy_db_passes PASSED [ 77%]
tests/unit/test_migration_preflight.py::TestPreflightOrphanRows::test_orphan_execution_detected_with_samples PASSED [ 77%]
tests/unit/test_migration_preflight.py::TestPreflightOrphanRows::test_orphan_case_reference_detected PASSED [ 77%]
tests/unit/test_migration_preflight.py::TestPreflightOrphanRows::test_null_fk_ignored PASSED [ 77%]
tests/unit/test_migration_preflight.py::TestPreflightUniqueConflicts::test_execution_steps_unique_conflict_detected PASSED [ 77%]
tests/unit/test_migration_preflight.py::TestPreflightUniqueConflicts::test_execution_reports_unique_conflict_detected PASSED [ 77%]
tests/unit/test_migration_preflight.py::TestPreflightUniqueConflicts::test_unique_check_skips_missing_columns PASSED [ 77%]
tests/unit/test_mock_matching.py::TestPathPatternValidation::test_is_valid_rejects_bad[-\u7a7a\u6a21\u5f0f] PASSED [ 77%]
tests/unit/test_mock_matching.py::TestPathPatternValidation::test_is_valid_rejects_bad[api/users-\u4e0d\u4ee5 / \u5f00\u5934] PASSED [ 77%]
tests/unit/test_mock_matching.py::TestPathPatternValidation::test_is_valid_rejects_bad[/api/ :id-\u542b\u7a7a\u767d] PASSED [ 77%]
tests/unit/test_mock_matching.py::TestPathPatternValidation::test_is_valid_rejects_bad[/api/users?x=1-\u542b\u67e5\u8be2\u4e32] PASSED [ 77%]
tests/unit/test_mock_matching.py::TestPathPatternValidation::test_is_valid_rejects_bad[/api/users#frag-\u542b\u7247\u6bb5] PASSED [ 77%]
tests/unit/test_mock_matching.py::TestPathPatternValidation::test_is_valid_rejects_bad[/api/:/users-\u7a7a\u5360\u4f4d\u540d] PASSED [ 77%]
tests/unit/test_mock_matching.py::TestPathPatternValidation::test_is_valid_rejects_bad[/api/a:b-\u6bb5\u5185\u5192\u53f7\u4f4d\u7f6e\u975e\u6cd5] PASSED [ 77%]
tests/unit/test_mock_matching.py::TestPathPatternValidation::test_validate_raises[-\u7a7a\u6a21\u5f0f] PASSED [ 77%]
tests/unit/test_mock_matching.py::TestPathPatternValidation::test_validate_raises[api/users-\u4e0d\u4ee5 / \u5f00\u5934] PASSED [ 77%]
tests/unit/test_mock_matching.py::TestPathPatternValidation::test_validate_raises[/api/ :id-\u542b\u7a7a\u767d] PASSED [ 77%]
tests/unit/test_mock_matching.py::TestPathPatternValidation::test_validate_raises[/api/users?x=1-\u542b\u67e5\u8be2\u4e32] PASSED [ 78%]
tests/unit/test_mock_matching.py::TestPathPatternValidation::test_validate_raises[/api/users#frag-\u542b\u7247\u6bb5] PASSED [ 78%]
tests/unit/test_mock_matching.py::TestPathPatternValidation::test_validate_raises[/api/:/users-\u7a7a\u5360\u4f4d\u540d] PASSED [ 78%]
tests/unit/test_mock_matching.py::TestPathPatternValidation::test_validate_raises[/api/a:b-\u6bb5\u5185\u5192\u53f7\u4f4d\u7f6e\u975e\u6cd5] PASSED [ 78%]
tests/unit/test_mock_matching.py::TestPathPatternValidation::test_good_pattern_accepted[/api/users/:id] PASSED [ 78%]
tests/unit/test_mock_matching.py::TestPathPatternValidation::test_good_pattern_accepted[/health] PASSED [ 78%]
tests/unit/test_mock_matching.py::TestPathPatternValidation::test_good_pattern_accepted[/a/:id/b/:name] PASSED [ 78%]
tests/unit/test_mock_matching.py::TestPathPatternValidation::test_good_pattern_accepted[/v1/orders/:orderId/items] PASSED [ 78%]
tests/unit/test_mock_matching.py::TestMatching::test_match_path[/api/users/:id-/api/users/123-True] PASSED [ 78%]
tests/unit/test_mock_matching.py::TestMatching::test_match_path[/api/users/:id-/api/users/-False] PASSED [ 78%]
tests/unit/test_mock_matching.py::TestMatching::test_match_path[/api/users/:id-/api/users/1/extra-False] PASSED [ 78%]
tests/unit/test_mock_matching.py::TestMatching::test_match_path[/api/users/:id-/api/users-False] PASSED [ 78%]
tests/unit/test_mock_matching.py::TestMatching::test_match_path[/health-/health-True] PASSED [ 78%]
tests/unit/test_mock_matching.py::TestMatching::test_match_path[/health-/healthz-False] PASSED [ 78%]
tests/unit/test_mock_matching.py::TestMatching::test_match_path[/a/:id/b/:name-/a/1/b/x-True] PASSED [ 78%]
tests/unit/test_mock_matching.py::TestMatching::test_match_path[/a/:id/b/:name-/a/1/c/x-False] PASSED [ 78%]
tests/unit/test_mock_matching.py::TestMatching::test_match_path[/-/-True] PASSED [ 79%]
tests/unit/test_mock_matching.py::TestMatching::test_normalize_and_strip_base_path PASSED [ 79%]
tests/unit/test_mock_matching.py::TestMatching::test_build_route_glob PASSED [ 79%]
tests/unit/test_mock_matching.py::TestSelectRule::test_first_enabled_match_wins PASSED [ 79%]
tests/unit/test_mock_matching.py::TestSelectRule::test_method_mismatch_skipped PASSED [ 79%]
tests/unit/test_mock_matching.py::TestSelectRule::test_disabled_skipped PASSED [ 79%]
tests/unit/test_models.py::TestProjectModel::test_create_project_all_fields PASSED [ 79%]
tests/unit/test_models.py::TestProjectModel::test_project_defaults PASSED [ 79%]
tests/unit/test_models.py::TestProjectModel::test_project_name_not_null_skip SKIPPED [ 79%]
tests/unit/test_models.py::TestPageElementModel::test_create_with_project_fk PASSED [ 79%]
tests/unit/test_models.py::TestPageElementModel::test_json_fields_stored_as_text PASSED [ 79%]
tests/unit/test_models.py::TestTestCaseModel::test_create_with_steps_json PASSED [ 79%]
tests/unit/test_models.py::TestTestCaseModel::test_steps_json_round_trip PASSED [ 79%]
tests/unit/test_models.py::TestGeneratedCodeModel::test_create_with_case_fk PASSED [ 79%]
tests/unit/test_models.py::TestGeneratedCodeModel::test_is_valid_and_is_healed_defaults PASSED [ 79%]
tests/unit/test_models.py::TestExecutionModel::test_default_status_queued PASSED [ 79%]
tests/unit/test_models.py::TestExecutionModel::test_datetime_fields PASSED [ 79%]
tests/unit/test_models.py::TestExecutionStepModel::test_create_with_all_action_types PASSED [ 80%]
tests/unit/test_models.py::TestReportModel::test_create_report PASSED    [ 80%]
tests/unit/test_models.py::TestReportModel::test_unique_execution_and_type PASSED [ 80%]
tests/unit/test_models.py::TestHealRecordModel::test_create_heal_record PASSED [ 80%]
tests/unit/test_models.py::TestCascadeDelete::test_delete_project_removes_related_elements PASSED [ 80%]
tests/unit/test_models.py::TestCascadeDelete::test_cascade_delete_project_from_db PASSED [ 80%]
tests/unit/test_models.py::TestDateTimeAutoPopulation::test_created_at_set_on_creation PASSED [ 80%]
tests/unit/test_models.py::TestDateTimeAutoPopulation::test_updated_at_changes_on_update PASSED [ 80%]
tests/unit/test_models.py::TestStrRepr::test_models_have_str_or_repr PASSED [ 80%]
tests/unit/test_pipeline_token.py::TestWebhookTokenRejected::test_missing_token_401_no_run PASSED [ 80%]
tests/unit/test_pipeline_token.py::TestWebhookTokenRejected::test_wrong_token_401_no_run PASSED [ 80%]
tests/unit/test_pipeline_token.py::TestWebhookTokenRejected::test_token_not_configured_401 PASSED [ 80%]
tests/unit/test_pipeline_token.py::TestWebhookTokenRejected::test_unknown_pipeline_404 PASSED [ 80%]
tests/unit/test_pipeline_token.py::TestConstantTimeCompareSource::test_source_uses_compare_digest PASSED [ 80%]
tests/unit/test_platform.py::TestPlatformCreate::test_create_web_project PASSED [ 80%]
tests/unit/test_platform.py::TestPlatformCreate::test_create_android_project PASSED [ 80%]
tests/unit/test_platform.py::TestPlatformCreate::test_create_unknown_platform_raises PASSED [ 80%]
tests/unit/test_platform.py::TestPlatformCreate::test_invalid_platform_raises PASSED [ 81%]
tests/unit/test_platform.py::TestPlatformCreate::test_create_default_platform PASSED [ 81%]
tests/unit/test_platform.py::TestPlatformUpdateProtection::test_cannot_update_platform_web_to_android PASSED [ 81%]
tests/unit/test_platform.py::TestPlatformUpdateProtection::test_cannot_update_platform_android_to_web PASSED [ 81%]
tests/unit/test_platform.py::TestPlatformUpdateProtection::test_other_fields_still_updatable PASSED [ 81%]
tests/unit/test_platform.py::TestPlatformUpdateProtection::test_platform_immutable_after_persist PASSED [ 81%]
tests/unit/test_platform.py::TestPlatformQuery::test_list_contains_platform PASSED [ 81%]
tests/unit/test_security_hardening.py::TestExcelInputLimits::test_row_limit_rejected PASSED [ 81%]
tests/unit/test_security_hardening.py::TestExcelInputLimits::test_sheet_limit_rejected PASSED [ 81%]
tests/unit/test_security_hardening.py::TestExcelInputLimits::test_long_cell_truncated PASSED [ 81%]
tests/unit/test_security_hardening.py::TestExcelInputLimits::test_normal_excel_still_works PASSED [ 81%]
tests/unit/test_security_hardening.py::TestReportHtmlSafety::test_html_in_case_fields_is_escaped PASSED [ 81%]
tests/unit/test_security_hardening.py::TestReportHtmlSafety::test_report_json_script_breakout_prevented PASSED [ 81%]
tests/unit/test_security_hardening.py::TestReportHtmlSafety::test_report_contains_csp_meta PASSED [ 81%]
tests/unit/test_security_hardening.py::TestFileResponseSecurityHeaders::test_report_response_has_csp_and_nosniff PASSED [ 81%]
tests/unit/test_slot_async.py::test_wait_does_not_block_loop PASSED      [ 81%]
tests/unit/test_slot_async.py::test_cancelled_wait_releases_late_acquire PASSED [ 81%]
tests/unit/test_slot_async.py::test_wait_respects_deadline PASSED        [ 82%]
tests/unit/test_step_canonicalizer.py::TestCanonicalizeSteps::test_same_steps_different_key_order_same_canonical PASSED [ 82%]
tests/unit/test_step_canonicalizer.py::TestCanonicalizeSteps::test_same_steps_whitespace_irrelevant PASSED [ 82%]
tests/unit/test_step_canonicalizer.py::TestCanonicalizeSteps::test_business_string_content_preserved PASSED [ 82%]
tests/unit/test_step_canonicalizer.py::TestCanonicalizeSteps::test_list_order_preserved PASSED [ 82%]
tests/unit/test_step_canonicalizer.py::TestHashSteps::test_returns_sha256_hex_length PASSED [ 82%]
tests/unit/test_step_canonicalizer.py::TestHashSteps::test_same_steps_same_hash PASSED [ 82%]
tests/unit/test_step_canonicalizer.py::TestHashSteps::test_semantically_different_different_hash PASSED [ 82%]
tests/unit/test_terminal_reason.py::test_map_terminal_reason_table[None-normal_success] PASSED [ 82%]
tests/unit/test_terminal_reason.py::test_map_terminal_reason_table[success-normal_success] PASSED [ 82%]
tests/unit/test_terminal_reason.py::test_map_terminal_reason_table[business_assertion_failed-business_failure] PASSED [ 82%]
tests/unit/test_terminal_reason.py::test_map_terminal_reason_table[user_stopped-user_stopped] PASSED [ 82%]
tests/unit/test_terminal_reason.py::test_map_terminal_reason_table[interrupted-interrupted] PASSED [ 82%]
tests/unit/test_terminal_reason.py::test_map_terminal_reason_table[incomplete_execution-execution_failed] PASSED [ 82%]
tests/unit/test_terminal_reason.py::test_map_terminal_reason_table[circuit_open-execution_failed] PASSED [ 82%]
tests/unit/test_terminal_reason.py::test_map_terminal_reason_table[deadline_exceeded-execution_failed] PASSED [ 82%]
tests/unit/test_terminal_reason.py::test_map_terminal_reason_table[worker_failed-execution_failed] PASSED [ 83%]
tests/unit/test_terminal_reason.py::test_map_terminal_reason_table[an_unknown_error_type-integrity_anomaly] PASSED [ 83%]
tests/unit/test_terminal_reason.py::test_status_success_forced_to_normal PASSED [ 83%]
tests/unit/test_terminal_reason.py::test_six_classes_are_frozen PASSED   [ 83%]
tests/unit/test_terminal_reason.py::test_error_type_layer_maps_to_execution_failed PASSED [ 83%]
tests/unit/test_utils_appium_injector.py::TestAppiumCodeInjectorInject::test_inject_chain_click_has_monitors PASSED [ 83%]
tests/unit/test_utils_appium_injector.py::TestAppiumCodeInjectorInject::test_inject_chain_input_has_monitors PASSED [ 83%]
tests/unit/test_utils_appium_injector.py::TestAppiumCodeInjectorInject::test_inject_driver_back_has_monitors PASSED [ 83%]
tests/unit/test_utils_appium_injector.py::TestAppiumCodeInjectorInject::test_inject_driver_screenshot_has_monitors PASSED [ 83%]
tests/unit/test_utils_appium_injector.py::TestAppiumCodeInjectorInject::test_inject_text_attr_has_monitors PASSED [ 83%]
tests/unit/test_utils_appium_injector.py::TestAppiumCodeInjectorInject::test_injected_code_is_valid_python[def run_test(driver):\n    driver.find_element(AppiumBy.ID, "com.example:id/btn").click()\n    return {"success": True, "steps": []}\n] PASSED [ 83%]
tests/unit/test_utils_appium_injector.py::TestAppiumCodeInjectorInject::test_injected_code_is_valid_python[def run_test(driver):\n    driver.find_element(AppiumBy.ACCESSIBILITY_ID, "username").send_keys("admin")\n    return {"success": True, "steps": []}\n] PASSED [ 83%]
tests/unit/test_utils_appium_injector.py::TestAppiumCodeInjectorInject::test_injected_code_is_valid_python[def run_test(driver):\n    driver.back()\n    return {"success": True, "steps": []}\n] PASSED [ 83%]
tests/unit/test_utils_appium_injector.py::TestAppiumCodeInjectorInject::test_injected_code_is_valid_python[def run_test(driver):\n    driver.save_screenshot("/sdcard/screen.png")\n    return {"success": True, "steps": []}\n] PASSED [ 83%]
tests/unit/test_utils_appium_injector.py::TestAppiumCodeInjectorInject::test_injected_code_is_valid_python[def run_test(driver):\n    text = driver.find_element(AppiumBy.ID, "com.example:id/label").text\n    return {"success": True, "steps": []}\n] PASSED [ 83%]
tests/unit/test_utils_appium_injector.py::TestAppiumCodeInjectorInject::test_unsupported_action_returns_original PASSED [ 83%]
tests/unit/test_utils_appium_injector.py::TestAppiumCodeInjectorInject::test_syntax_error_raises_security_exception PASSED [ 83%]
tests/unit/test_utils_appium_injector.py::TestAppiumCodeInjectorInject::test_monitor_injection_all_steps PASSED [ 84%]
tests/unit/test_utils_appium_injector.py::TestAppiumCodeInjectorInject::test_monitor_contains_step_numbers PASSED [ 84%]
tests/unit/test_utils_appium_injector.py::TestAppiumCodeInjectorInject::test_monitor_contains_action_names PASSED [ 84%]
tests/unit/test_utils_appium_injector.py::TestAppiumCodeInjectorInject::test_no_playwright_imports_in_injected PASSED [ 84%]
tests/unit/test_utils_appium_injector.py::TestAppiumCodeInjectorInject::test_error_handler_contains_exception_type PASSED [ 84%]
tests/unit/test_utils_appium_injector.py::TestAppiumCodeInjectorStepCount::test_single_step_count_one PASSED [ 84%]
tests/unit/test_utils_appium_injector.py::TestAppiumCodeInjectorStepCount::test_multi_step_counts PASSED [ 84%]
tests/unit/test_utils_appium_injector.py::TestAppiumCodeInjectorCodeStyle::test_injector_does_not_reject_intermediate_assignments PASSED [ 84%]
tests/unit/test_utils_appium_injector.py::TestAppiumCodeInjectorCodeStyle::test_injector_handles_bare_assignments PASSED [ 84%]
tests/unit/test_utils_appium_injector.py::TestAppiumCodeInjectorEdgeCases::test_inject_chain_clear PASSED [ 84%]
tests/unit/test_utils_appium_injector.py::TestAppiumCodeInjectorEdgeCases::test_inject_chain_submit PASSED [ 84%]
tests/unit/test_utils_appium_injector.py::TestAppiumCodeInjectorEdgeCases::test_inject_chain_is_displayed PASSED [ 84%]
tests/unit/test_utils_appium_injector.py::TestAppiumCodeInjectorEdgeCases::test_inject_chain_get_attribute PASSED [ 84%]
tests/unit/test_utils_appium_injector.py::TestAppiumCodeInjectorEdgeCases::test_inject_driver_swipe PASSED [ 84%]
tests/unit/test_utils_appium_injector.py::TestAppiumCodeInjectorEdgeCases::test_inject_driver_get_screenshot_as_file PASSED [ 84%]
tests/unit/test_utils_appium_injector.py::TestAppiumCodeInjectorEdgeCases::test_inject_driver_launch_app PASSED [ 84%]
tests/unit/test_utils_appium_injector.py::TestAppiumCodeInjectorEdgeCases::test_inject_driver_activate_app PASSED [ 84%]
tests/unit/test_utils_appium_injector.py::TestAppiumCodeInjectorEdgeCases::test_inject_driver_implicitly_wait PASSED [ 85%]
tests/unit/test_utils_appium_injector.py::TestAppiumCodeInjectorEdgeCases::test_inject_driver_current_activity PASSED [ 85%]
tests/unit/test_utils_appium_injector.py::TestAppiumCodeInjectorEdgeCases::test_inject_driver_property_access_not_injected PASSED [ 85%]
tests/unit/test_utils_appium_injector.py::TestAppiumCodeInjectorEdgeCases::test_inject_fstring_target PASSED [ 85%]
tests/unit/test_utils_appium_injector.py::TestAppiumCodeInjectorEdgeCases::test_inject_nested_function_not_injected PASSED [ 85%]
tests/unit/test_utils_appium_injector.py::TestAppiumCodeInjectorEdgeCases::test_inject_non_driver_chain_not_injected PASSED [ 85%]
tests/unit/test_utils_appium_injector.py::TestAppiumCodeInjectorEdgeCases::test_inject_driver_unknown_method_not_injected PASSED [ 85%]
tests/unit/test_utils_appium_injector.py::TestAppiumCodeInjectorEdgeCases::test_inject_visit_error_raises_security PASSED [ 85%]
tests/unit/test_utils_appium_injector.py::TestAppiumCodeInjectorEdgeCases::test_inject_unparse_error_raises_security PASSED [ 85%]
tests/unit/test_utils_excel.py::TestParseJsonSteps::test_json_steps_parsed PASSED [ 85%]
tests/unit/test_utils_excel.py::TestParseJsonSteps::test_json_steps_with_description PASSED [ 85%]
tests/unit/test_utils_excel.py::TestParsePlainTextSteps::test_numbered_text_steps PASSED [ 85%]
tests/unit/test_utils_excel.py::TestParsePlainTextSteps::test_numbered_steps_with_chinese_dot PASSED [ 85%]
tests/unit/test_utils_excel.py::TestParseActionTargetValueColumns::test_three_column_merge PASSED [ 85%]
tests/unit/test_utils_excel.py::TestParseActionTargetValueColumns::test_three_column_with_value PASSED [ 85%]
tests/unit/test_utils_excel.py::TestParseActionTargetValueColumns::test_three_column_english_headers PASSED [ 85%]
tests/unit/test_utils_excel.py::TestChineseColumnNames::test_chinese_column_names PASSED [ 86%]
tests/unit/test_utils_excel.py::TestChineseColumnNames::test_alternative_chinese_column_names PASSED [ 86%]
tests/unit/test_utils_excel.py::TestFuzzyColumnMatching::test_slight_typo_in_header PASSED [ 86%]
tests/unit/test_utils_excel.py::TestFuzzyColumnMatching::test_extra_spaces_in_header PASSED [ 86%]
tests/unit/test_utils_excel.py::TestActionNormalization::test_chinese_action_normalized[\u70b9\u51fb-click] PASSED [ 86%]
tests/unit/test_utils_excel.py::TestActionNormalization::test_chinese_action_normalized[\u8f93\u5165-fill] PASSED [ 86%]
tests/unit/test_utils_excel.py::TestActionNormalization::test_chinese_action_normalized[\u6253\u5f00-navigate] PASSED [ 86%]
tests/unit/test_utils_excel.py::TestActionNormalization::test_chinese_action_normalized[\u5bfc\u822a-navigate] PASSED [ 86%]
tests/unit/test_utils_excel.py::TestActionNormalization::test_chinese_action_normalized[\u9009\u62e9-select] PASSED [ 86%]
tests/unit/test_utils_excel.py::TestActionNormalization::test_chinese_action_normalized[\u60ac\u505c-hover] PASSED [ 86%]
tests/unit/test_utils_excel.py::TestActionNormalization::test_chinese_action_normalized[\u9a8c\u8bc1-assert_text] PASSED [ 86%]
tests/unit/test_utils_excel.py::TestActionNormalization::test_chinese_action_normalized[\u622a\u56fe-screenshot] PASSED [ 86%]
tests/unit/test_utils_excel.py::TestActionNormalization::test_chinese_action_normalized[\u7b49\u5f85-wait] PASSED [ 86%]
tests/unit/test_utils_excel.py::TestActionNormalization::test_english_action_preserved PASSED [ 86%]
tests/unit/test_utils_excel.py::TestPriorityNormalization::test_priority_normalized[\u9ad8-P0] PASSED [ 86%]
tests/unit/test_utils_excel.py::TestPriorityNormalization::test_priority_normalized[HIGH-P0] PASSED [ 86%]
tests/unit/test_utils_excel.py::TestPriorityNormalization::test_priority_normalized[\u4e2d-P2] PASSED [ 86%]
tests/unit/test_utils_excel.py::TestPriorityNormalization::test_priority_normalized[\u4f4e-P3] PASSED [ 87%]
tests/unit/test_utils_excel.py::TestPriorityNormalization::test_priority_normalized[P0-P0] PASSED [ 87%]
tests/unit/test_utils_excel.py::TestPriorityNormalization::test_priority_normalized[P1-P1] PASSED [ 87%]
tests/unit/test_utils_excel.py::TestPriorityNormalization::test_priority_normalized[P2-P2] PASSED [ 87%]
tests/unit/test_utils_excel.py::TestPriorityNormalization::test_priority_normalized[P3-P3] PASSED [ 87%]
tests/unit/test_utils_excel.py::TestPriorityNormalization::test_priority_normalized[-P1] PASSED [ 87%]
tests/unit/test_utils_excel.py::TestDuplicateCaseNo::test_duplicate_case_no_accepted PASSED [ 87%]
tests/unit/test_utils_excel.py::TestStepCountValidation::test_step_count_matches PASSED [ 87%]
tests/unit/test_utils_excel.py::TestStepCountValidation::test_step_count_mismatch_rejected PASSED [ 87%]
tests/unit/test_utils_excel.py::TestStepCountValidation::test_step_count_handles_suffix_text PASSED [ 87%]
tests/unit/test_utils_excel.py::TestEmptyFileValidation::test_only_header_row_returns_error PASSED [ 87%]
tests/unit/test_utils_excel.py::TestEmptyFileValidation::test_empty_case_name_counted_as_failed PASSED [ 87%]
tests/unit/test_utils_excel.py::TestMissingRequiredColumns::test_missing_case_name_column PASSED [ 87%]
tests/unit/test_utils_excel.py::TestMissingRequiredColumns::test_missing_steps_column_without_merge PASSED [ 87%]
tests/unit/test_utils_excel.py::TestNonXlsxValidation::test_invalid_bytes_raises_exception PASSED [ 87%]
tests/unit/test_utils_excel.py::TestNonXlsxValidation::test_garbage_bytes_raises PASSED [ 87%]
tests/unit/test_utils_excel.py::TestMultipleRows::test_multiple_cases_parsed PASSED [ 87%]
tests/unit/test_utils_excel.py::TestMultipleRows::test_mixed_success_and_failure PASSED [ 88%]
tests/unit/test_utils_excel.py::TestXlsExtension::test_xls_extension_tries_xlrd PASSED [ 88%]
tests/unit/test_utils_excel.py::TestReadSheetReturnsNone::test_read_sheet_returns_none PASSED [ 88%]
tests/unit/test_utils_excel.py::TestStepsColumnIsMergeColumn::test_steps_column_is_merge_column PASSED [ 88%]
tests/unit/test_utils_excel.py::TestNoStepsAndNoMerge::test_no_steps_no_merge_columns PASSED [ 88%]
tests/unit/test_utils_excel.py::TestStepValidationErrors::test_invalid_action_in_json_steps PASSED [ 88%]
tests/unit/test_utils_excel.py::TestStepValidationErrors::test_invalid_action_in_merge_columns PASSED [ 88%]
tests/unit/test_utils_excel.py::TestRowProcessingException::test_exception_during_row_processing PASSED [ 88%]
tests/unit/test_utils_excel.py::TestEmptySteps::test_empty_steps_cell PASSED [ 88%]
tests/unit/test_utils_excel.py::TestMalformedJsonSteps::test_malformed_json_falls_through PASSED [ 88%]
tests/unit/test_utils_excel.py::TestMalformedJsonSteps::test_json_array_with_invalid_syntax PASSED [ 88%]
tests/unit/test_utils_excel.py::TestMalformedJsonSteps::test_json_array_with_non_dict_items PASSED [ 88%]
tests/unit/test_utils_excel.py::TestFallbackPlainTextPerLine::test_plain_text_per_line_fallback PASSED [ 88%]
tests/unit/test_utils_excel.py::TestTextStepsEmptyLine::test_empty_line_between_numbered_steps PASSED [ 88%]
tests/unit/test_utils_excel.py::TestClassifyTextStepBranches::test_select_action PASSED [ 88%]
tests/unit/test_utils_excel.py::TestClassifyTextStepBranches::test_hover_action PASSED [ 88%]
tests/unit/test_utils_excel.py::TestClassifyTextStepBranches::test_assert_text_action PASSED [ 88%]
tests/unit/test_utils_excel.py::TestClassifyTextStepBranches::test_screenshot_action PASSED [ 89%]
tests/unit/test_utils_excel.py::TestClassifyTextStepBranches::test_wait_action PASSED [ 89%]
tests/unit/test_utils_excel.py::TestClassifyTextStepBranches::test_fallback_text_action PASSED [ 89%]
tests/unit/test_utils_excel.py::TestMultiLineMergeColumns::test_multi_line_action_target_value PASSED [ 89%]
tests/unit/test_utils_excel.py::TestEmptyStepsAfterValidation::test_empty_steps_after_validation PASSED [ 89%]
tests/unit/test_utils_excel.py::TestXlrdFallback::test_xls_with_xlrd_not_installed PASSED [ 89%]
tests/unit/test_utils_excel.py::TestXlrdFallback::test_xls_with_xlrd_available PASSED [ 89%]
tests/unit/test_utils_excel.py::TestFloatCellValue::test_float_cell_value_via_cell_function PASSED [ 89%]
tests/unit/test_utils_excel.py::TestFloatCellValue::test_float_cell_value_in_excel_parsing PASSED [ 89%]
tests/unit/test_utils_excel.py::TestLevenshteinEmpty::test_levenshtein_empty_s2 PASSED [ 89%]
tests/unit/test_utils_excel.py::TestFindMergeIndicesLevenshtein::test_merge_indices_with_typo_in_action_header PASSED [ 89%]
tests/unit/test_utils_excel.py::TestFindMergeIndicesLevenshtein::test_merge_indices_with_typo_in_target_header PASSED [ 89%]
tests/unit/test_utils_excel.py::TestNavigateWithoutUrl::test_navigate_without_url PASSED [ 89%]
tests/unit/test_utils_excel.py::TestFillTextStep::test_fill_text_step_with_target_and_value PASSED [ 89%]
tests/unit/test_utils_excel.py::TestAssertVisibleAction::test_assert_visible_action PASSED [ 89%]
tests/unit/test_utils_excel.py::TestPriorityNumericMapping::test_priority_numeric_and_english[0-P0] PASSED [ 89%]
tests/unit/test_utils_excel.py::TestPriorityNumericMapping::test_priority_numeric_and_english[1-P1] PASSED [ 90%]
tests/unit/test_utils_excel.py::TestPriorityNumericMapping::test_priority_numeric_and_english[2-P2] PASSED [ 90%]
tests/unit/test_utils_excel.py::TestPriorityNumericMapping::test_priority_numeric_and_english[3-P3] PASSED [ 90%]
tests/unit/test_utils_excel.py::TestPriorityNumericMapping::test_priority_numeric_and_english[MEDIUM-P2] PASSED [ 90%]
tests/unit/test_utils_excel.py::TestPriorityNumericMapping::test_priority_numeric_and_english[LOW-P3] PASSED [ 90%]
tests/unit/test_utils_excel.py::TestPriorityNumericMapping::test_priority_unknown_fallback PASSED [ 90%]
tests/unit/test_utils_excel.py::TestActionNormalizationExtra::test_extra_action_normalized[\u6309\u4e0b-click] PASSED [ 90%]
tests/unit/test_utils_excel.py::TestActionNormalizationExtra::test_extra_action_normalized[\u586b\u5199-fill] PASSED [ 90%]
tests/unit/test_utils_excel.py::TestActionNormalizationExtra::test_extra_action_normalized[\u952e\u5165-fill] PASSED [ 90%]
tests/unit/test_utils_excel.py::TestActionNormalizationExtra::test_extra_action_normalized[\u65ad\u8a00-assert_text] PASSED [ 90%]
tests/unit/test_utils_excel.py::TestActionNormalizationExtra::test_extra_action_normalized[assert-assert_text] PASSED [ 90%]
tests/unit/test_utils_excel.py::TestActionNormalizationExtra::test_extra_action_normalized[\u663e\u793a-assert_visible] PASSED [ 90%]
tests/unit/test_utils_excel.py::TestActionNormalizationExtra::test_extra_action_normalized[\u5ef6\u65f6-wait] PASSED [ 90%]
tests/unit/test_utils_excel.py::TestActionNormalizationExtra::test_extra_action_normalized[\u6682\u505c-wait] PASSED [ 90%]
tests/unit/test_utils_excel.py::TestActionNormalizationExtra::test_extra_action_normalized[\u8bbf\u95ee-navigate] PASSED [ 90%]
tests/unit/test_utils_excel.py::TestActionNormalizationExtra::test_extra_action_normalized[\u8df3\u8f6c-navigate] PASSED [ 90%]
tests/unit/test_utils_excel.py::TestFuzzyMatchSubstring::test_header_contains_alias PASSED [ 90%]
tests/unit/test_utils_excel.py::TestXlsWithXlrdGeneralException::test_xls_xlrd_general_exception PASSED [ 91%]
tests/unit/test_utils_injector.py::TestCodeInjectorInject::test_inject_valid_code_has_monitor_before PASSED [ 91%]
tests/unit/test_utils_injector.py::TestCodeInjectorInject::test_inject_monitors_around_goto PASSED [ 91%]
tests/unit/test_utils_injector.py::TestCodeInjectorInject::test_inject_monitors_around_fill PASSED [ 91%]
tests/unit/test_utils_injector.py::TestCodeInjectorInject::test_inject_monitors_around_click PASSED [ 91%]
tests/unit/test_utils_injector.py::TestCodeInjectorInject::test_inject_monitors_around_hover PASSED [ 91%]
tests/unit/test_utils_injector.py::TestCodeInjectorInject::test_inject_monitors_around_select_option PASSED [ 91%]
tests/unit/test_utils_injector.py::TestCodeInjectorInject::test_inject_monitors_around_dblclick PASSED [ 91%]
tests/unit/test_utils_injector.py::TestCodeInjectorInject::test_inject_monitors_around_expect_to_contain_text PASSED [ 91%]
tests/unit/test_utils_injector.py::TestCodeInjectorInject::test_inject_monitors_around_expect_to_be_visible PASSED [ 91%]
tests/unit/test_utils_injector.py::TestCodeInjectorInject::test_inject_monitors_around_screenshot PASSED [ 91%]
tests/unit/test_utils_injector.py::TestCodeInjectorInject::test_inject_monitors_around_wait_for_timeout PASSED [ 91%]
tests/unit/test_utils_injector.py::TestCodeInjectorInject::test_inject_monitors_around_wait_for_load_state PASSED [ 91%]
tests/unit/test_utils_injector.py::TestCodeInjectorInject::test_inject_syntax_error_raises_security_exception PASSED [ 91%]
tests/unit/test_utils_injector.py::TestCodeInjectorInject::test_inject_non_playwright_returns_original PASSED [ 91%]
tests/unit/test_utils_injector.py::TestCodeInjectorInject::test_injected_code_is_valid_python PASSED [ 91%]
tests/unit/test_utils_injector.py::TestExtractOpInfo::test_page_goto_returns_navigate PASSED [ 91%]
tests/unit/test_utils_injector.py::TestExtractOpInfo::test_fill_returns_fill_with_selector_and_value PASSED [ 92%]
tests/unit/test_utils_injector.py::TestExtractOpInfo::test_click_returns_click_with_selector PASSED [ 92%]
tests/unit/test_utils_injector.py::TestExtractOpInfo::test_non_playwright_returns_none PASSED [ 92%]
tests/unit/test_utils_injector.py::TestCodeInjectorEdgeCases::test_inject_assign_await_operation PASSED [ 92%]
tests/unit/test_utils_injector.py::TestCodeInjectorEdgeCases::test_inject_assign_non_operation_not_injected PASSED [ 92%]
tests/unit/test_utils_injector.py::TestCodeInjectorEdgeCases::test_inject_fstring_target_extracted PASSED [ 92%]
tests/unit/test_utils_injector.py::TestCodeInjectorEdgeCases::test_inject_name_arg_extracted PASSED [ 92%]
tests/unit/test_utils_injector.py::TestCodeInjectorEdgeCases::test_inject_expect_to_have_value PASSED [ 92%]
tests/unit/test_utils_injector.py::TestCodeInjectorEdgeCases::test_inject_nested_function_not_injected PASSED [ 92%]
tests/unit/test_utils_injector.py::TestCodeInjectorEdgeCases::test_inject_visit_error_raises_security PASSED [ 92%]
tests/unit/test_utils_injector.py::TestCodeInjectorEdgeCases::test_inject_unparse_error_raises_security PASSED [ 92%]
tests/unit/test_utils_safe_playwright.py::TestSafeAPI::test_goto_delegates_to_page PASSED [ 92%]
tests/unit/test_utils_safe_playwright.py::TestSafeAPI::test_click_delegates_to_locator PASSED [ 92%]
tests/unit/test_utils_safe_playwright.py::TestSafeAPI::test_fill_delegates_with_selector_and_value PASSED [ 92%]
tests/unit/test_utils_safe_playwright.py::TestSafeAPI::test_select_delegates_to_select_option PASSED [ 92%]
tests/unit/test_utils_safe_playwright.py::TestSafeAPI::test_hover_delegates_to_locator PASSED [ 92%]
tests/unit/test_utils_safe_playwright.py::TestSafeAPI::test_assert_text_delegates_to_expect PASSED [ 93%]
tests/unit/test_utils_safe_playwright.py::TestSafeAPI::test_assert_visible_delegates_to_expect PASSED [ 93%]
tests/unit/test_utils_safe_playwright.py::TestSafeAPI::test_screenshot_delegates_to_page PASSED [ 93%]
tests/unit/test_utils_safe_playwright.py::TestSafeAPI::test_screenshot_illegal_path_rejected PASSED [ 93%]
tests/unit/test_utils_safe_playwright.py::TestSafeAPI::test_screenshot_without_path PASSED [ 93%]
tests/unit/test_utils_safe_playwright.py::TestSafeAPI::test_wait_delegates_to_wait_for_timeout PASSED [ 93%]
tests/unit/test_utils_safe_playwright.py::TestNativeIsolation::test_page_not_exposed_as_attribute PASSED [ 93%]
tests/unit/test_utils_safe_playwright.py::TestNativeIsolation::test_private_attr_blocked PASSED [ 93%]
tests/unit/test_utils_safe_playwright.py::TestNativeIsolation::test_dunder_dict_blocked PASSED [ 93%]
tests/unit/test_utils_safe_playwright.py::TestNativeIsolation::test_dunder_class_blocked PASSED [ 93%]
tests/unit/test_utils_safe_playwright.py::TestNativeIsolation::test_dunder_getattribute_blocked PASSED [ 93%]
tests/unit/test_utils_safe_playwright.py::TestNativeIsolation::test_setattr_blocked PASSED [ 93%]
tests/unit/test_utils_safe_playwright.py::TestNativeIsolation::test_unknown_method_blocked PASSED [ 93%]
tests/unit/test_utils_safe_playwright.py::TestNativeIsolation::test_unknown_property_blocked PASSED [ 93%]
tests/unit/test_utils_safe_playwright.py::TestNativeIsolation::test_type_would_not_reach_page PASSED [ 93%]
tests/unit/test_utils_safe_playwright.py::TestSafePlaywrightInstance::test_slots_no_dict PASSED [ 93%]
tests/unit/test_utils_safe_playwright.py::TestSafePlaywrightInstance::test_repr_not_crash PASSED [ 93%]
tests/unit/test_utils_screenshot.py::TestScreenshotPath::test_path_generates_correct_structure PASSED [ 94%]
tests/unit/test_utils_screenshot.py::TestScreenshotPath::test_path_after_stage PASSED [ 94%]
tests/unit/test_utils_screenshot.py::TestScreenshotPath::test_path_different_execution PASSED [ 94%]
tests/unit/test_utils_screenshot.py::TestScreenshotCapture::test_capture_returns_filepath PASSED [ 94%]
tests/unit/test_utils_screenshot.py::TestScreenshotCapture::test_capture_with_mock_page PASSED [ 94%]
tests/unit/test_utils_url_policy.py::TestValidateTargetUrl::test_https_url_passes PASSED [ 94%]
tests/unit/test_utils_url_policy.py::TestValidateTargetUrl::test_http_url_passes PASSED [ 94%]
tests/unit/test_utils_url_policy.py::TestValidateTargetUrl::test_url_with_path_and_query_passes PASSED [ 94%]
tests/unit/test_utils_url_policy.py::TestValidateTargetUrl::test_empty_url_rejected PASSED [ 94%]
tests/unit/test_utils_url_policy.py::TestValidateTargetUrl::test_non_http_scheme_rejected PASSED [ 94%]
tests/unit/test_utils_url_policy.py::TestValidateTargetUrl::test_missing_scheme_rejected PASSED [ 94%]
tests/unit/test_utils_url_policy.py::TestValidateTargetUrl::test_metadata_ip_rejected PASSED [ 94%]
tests/unit/test_utils_url_policy.py::TestValidateTargetUrl::test_zero_ip_rejected PASSED [ 94%]
tests/unit/test_utils_url_policy.py::TestValidateTargetUrl::test_link_local_network_rejected PASSED [ 94%]
tests/unit/test_utils_url_policy.py::TestValidateTargetUrl::test_metadata_hostname_rejected PASSED [ 94%]
tests/unit/test_utils_url_policy.py::TestValidateTargetUrl::test_non_default_port_rejected PASSED [ 94%]
tests/unit/test_utils_url_policy.py::TestValidateTargetUrl::test_non_default_port_allowed_via_config PASSED [ 94%]
tests/unit/test_utils_url_policy.py::TestValidateTargetUrl::test_non_default_port_allowed_via_arg PASSED [ 95%]
tests/unit/test_utils_url_policy.py::TestValidateTargetUrl::test_invalid_hostname_rejected PASSED [ 95%]
tests/unit/test_utils_url_policy.py::TestValidateTargetUrl::test_allowlist_host_required PASSED [ 95%]
tests/unit/test_utils_url_policy.py::TestValidateTargetUrl::test_allowlist_host_allowed PASSED [ 95%]
tests/unit/test_utils_url_policy.py::TestValidateTargetUrl::test_allowlist_subdomain_match PASSED [ 95%]
tests/unit/test_utils_url_policy.py::TestUrlPolicy::test_same_origin_allowed PASSED [ 95%]
tests/unit/test_utils_url_policy.py::TestUrlPolicy::test_http_default_port_allowed PASSED [ 95%]
tests/unit/test_utils_url_policy.py::TestUrlPolicy::test_redirect_same_origin_allowed PASSED [ 95%]
tests/unit/test_utils_url_policy.py::TestUrlPolicy::test_cross_origin_rejected PASSED [ 95%]
tests/unit/test_utils_url_policy.py::TestUrlPolicy::test_subdomain_not_allowed_without_allowlist PASSED [ 95%]
tests/unit/test_utils_url_policy.py::TestUrlPolicy::test_non_default_port_rejected PASSED [ 95%]
tests/unit/test_utils_url_policy.py::TestUrlPolicy::test_banned_scheme_rejected PASSED [ 95%]
tests/unit/test_utils_url_policy.py::TestUrlPolicy::test_allowlist_host_allowed PASSED [ 95%]
tests/unit/test_utils_url_policy.py::TestUrlPolicy::test_allowlist_port_allowed PASSED [ 95%]
tests/unit/test_utils_url_policy.py::TestUrlPolicy::test_allowlist_host_and_port PASSED [ 95%]
tests/unit/test_utils_url_policy.py::TestUrlPolicy::test_websocket_same_origin_allowed PASSED [ 95%]
tests/unit/test_utils_url_policy.py::TestUrlPolicy::test_websocket_cross_origin_rejected PASSED [ 95%]
tests/unit/test_utils_url_policy.py::TestInstallNetworkPolicy::test_registers_http_and_ws_handlers PASSED [ 96%]
tests/unit/test_utils_url_policy.py::TestInstallNetworkPolicy::test_allowed_request_continues PASSED [ 96%]
tests/unit/test_utils_url_policy.py::TestInstallNetworkPolicy::test_blocked_request_aborted PASSED [ 96%]
tests/unit/test_utils_url_policy.py::TestInstallNetworkPolicy::test_redirect_to_blacklist_aborted PASSED [ 96%]
tests/unit/test_utils_url_policy.py::TestInstallNetworkPolicy::test_websocket_allowed_connects PASSED [ 96%]
tests/unit/test_utils_url_policy.py::TestInstallNetworkPolicy::test_websocket_blocked_closed PASSED [ 96%]
tests/unit/test_utils_url_policy.py::TestInstallNetworkPolicy::test_route_web_socket_unavailable_degrades PASSED [ 96%]
tests/unit/test_utils_validator.py::TestCodeValidatorValidate::test_valid_code_returns_none PASSED [ 96%]
tests/unit/test_utils_validator.py::TestCodeValidatorValidate::test_import_os_blocked PASSED [ 96%]
tests/unit/test_utils_validator.py::TestCodeValidatorValidate::test_from_os_import_blocked PASSED [ 96%]
tests/unit/test_utils_validator.py::TestCodeValidatorValidate::test_import_subprocess_blocked PASSED [ 96%]
tests/unit/test_utils_validator.py::TestCodeValidatorValidate::test_import_socket_blocked PASSED [ 96%]
tests/unit/test_utils_validator.py::TestCodeValidatorValidate::test_import_sys_blocked PASSED [ 96%]
tests/unit/test_utils_validator.py::TestCodeValidatorValidate::test_eval_blocked PASSED [ 96%]
tests/unit/test_utils_validator.py::TestCodeValidatorValidate::test_exec_blocked PASSED [ 96%]
tests/unit/test_utils_validator.py::TestCodeValidatorValidate::test_open_blocked PASSED [ 96%]
tests/unit/test_utils_validator.py::TestCodeValidatorValidate::test_dunder_import_blocked PASSED [ 97%]
tests/unit/test_utils_validator.py::TestCodeValidatorValidate::test_compile_blocked PASSED [ 97%]
tests/unit/test_utils_validator.py::TestCodeValidatorValidate::test_getattr_blocked PASSED [ 97%]
tests/unit/test_utils_validator.py::TestCodeValidatorValidate::test_missing_run_test PASSED [ 97%]
tests/unit/test_utils_validator.py::TestCodeValidatorValidate::test_syntax_error PASSED [ 97%]
tests/unit/test_utils_validator.py::TestCodeValidatorValidate::test_has_run_test_no_dangerous_code PASSED [ 97%]
tests/unit/test_utils_validator.py::TestCodeValidatorCheckSyntax::test_valid_syntax_returns_none PASSED [ 97%]
tests/unit/test_utils_validator.py::TestCodeValidatorCheckSyntax::test_invalid_syntax_returns_error PASSED [ 97%]
tests/unit/test_utils_validator.py::TestHasRunTest::test_async_def_run_test_returns_true PASSED [ 97%]
tests/unit/test_utils_validator.py::TestHasRunTest::test_no_run_test_returns_false PASSED [ 97%]
tests/unit/test_utils_validator.py::TestHasRunTest::test_sync_run_test_returns_false PASSED [ 97%]
tests/unit/test_utils_validator.py::TestCheckImports::test_import_json_returns_error PASSED [ 97%]
tests/unit/test_utils_validator.py::TestCheckImports::test_import_requests_returns_error PASSED [ 97%]
tests/unit/test_utils_validator.py::TestCheckImports::test_from_import_requests_returns_error PASSED [ 97%]
tests/unit/test_utils_validator.py::TestCheckImports::test_any_stdlib_import_rejected PASSED [ 97%]
tests/unit/test_utils_validator.py::TestCheckBuiltins::test_print_returns_none PASSED [ 97%]
tests/unit/test_utils_validator.py::TestCheckBuiltins::test_setattr_returns_error PASSED [ 97%]
tests/unit/test_utils_validator.py::TestCheckBuiltins::test_delattr_returns_error PASSED [ 98%]
tests/unit/test_utils_validator.py::TestSafePlaywrightValidation::test_legitimate_safe_api_code_passes PASSED [ 98%]
tests/unit/test_utils_validator.py::TestSafePlaywrightValidation::test_legitimate_playwright_code_passes PASSED [ 98%]
tests/unit/test_utils_validator.py::TestSafePlaywrightValidation::test_any_import_now_rejected PASSED [ 98%]
tests/unit/test_utils_validator.py::TestSafePlaywrightValidation::test_direct_page_goto_blocked PASSED [ 98%]
tests/unit/test_utils_validator.py::TestSafePlaywrightValidation::test_direct_page_locator_blocked PASSED [ 98%]
tests/unit/test_utils_validator.py::TestSafePlaywrightValidation::test_private_attr_blocked PASSED [ 98%]
tests/unit/test_utils_validator.py::TestSafePlaywrightValidation::test_dunder_class_blocked PASSED [ 98%]
tests/unit/test_utils_validator.py::TestSafePlaywrightValidation::test_dunder_dict_blocked PASSED [ 98%]
tests/unit/test_utils_validator.py::TestSafePlaywrightValidation::test_dunder_getattribute_blocked PASSED [ 98%]
tests/unit/test_utils_validator.py::TestSafePlaywrightValidation::test_type_reflection_blocked PASSED [ 98%]
tests/unit/test_utils_validator.py::TestSafePlaywrightValidation::test_object_reflection_blocked PASSED [ 98%]
tests/unit/test_utils_validator.py::TestSafePlaywrightValidation::test_vars_reflection_blocked PASSED [ 98%]
tests/unit/test_utils_validator.py::TestSafePlaywrightValidation::test_dir_reflection_blocked PASSED [ 98%]
tests/unit/test_utils_validator.py::TestSafePlaywrightValidation::test_dangerous_import_still_blocked PASSED [ 98%]
tests/unit/test_utils_validator.py::TestSafePlaywrightValidation::test_dangerous_builtin_still_blocked PASSED [ 98%]
tests/unit/test_validator_android.py::TestValidatorAndroid::test_android_valid_code_returns_none PASSED [ 98%]
tests/unit/test_validator_android.py::TestValidatorAndroid::test_android_valid_with_imports PASSED [ 99%]
tests/unit/test_validator_android.py::TestValidatorAndroid::test_android_invalid_missing_return PASSED [ 99%]
tests/unit/test_validator_android.py::TestValidatorWeb::test_web_valid_code_returns_none PASSED [ 99%]
tests/unit/test_validator_android.py::TestValidatorWeb::test_web_invalid_missing_return PASSED [ 99%]
tests/unit/test_validator_android.py::TestValidatorUnsafe::test_import_os_blocked PASSED [ 99%]
tests/unit/test_validator_android.py::TestValidatorUnsafe::test_import_subprocess_blocked PASSED [ 99%]
tests/unit/test_validator_android.py::TestValidatorUnsafe::test_eval_blocked PASSED [ 99%]
tests/unit/test_validator_android.py::TestValidatorUnsafe::test_exec_blocked PASSED [ 99%]
tests/unit/test_validator_android.py::TestValidatorUnsafe::test_open_blocked PASSED [ 99%]
tests/unit/test_validator_android.py::TestValidatorSyncAsyncContract::test_android_sync_valid PASSED [ 99%]
tests/unit/test_validator_android.py::TestValidatorSyncAsyncContract::test_web_async_valid PASSED [ 99%]
tests/unit/test_validator_android.py::TestValidatorSyncAsyncContract::test_sync_with_async_keyword PASSED [ 99%]
tests/unit/test_validator_android.py::TestValidatorSyncAsyncContract::test_web_sync_without_async PASSED [ 99%]
tests/unit/test_validator_android.py::TestValidatorCodeStyle::test_android_chain_call_valid PASSED [ 99%]
tests/unit/test_validator_android.py::TestValidatorCodeStyle::test_android_intermediate_assignment PASSED [ 99%]
tests/unit/test_validator_android.py::TestValidatorCodeStyle::test_android_mixed_style PASSED [ 99%]
tests/unit/test_validator_android.py::TestValidatorCodeStyle::test_web_chain_call_not_restricted PASSED [100%]

============================== warnings summary ===============================
.venv\Lib\site-packages\pydantic\_internal\_config.py:323
  C:\Users\24833\Desktop\Complete_Info\PersonalProject\AutoPilot\backend\.venv\Lib\site-packages\pydantic\_internal\_config.py:323: PydanticDeprecatedSince20: Support for class-based `config` is deprecated, use ConfigDict instead. Deprecated in Pydantic V2.0 to be removed in V3.0. See Pydantic V2 Migration Guide at https://errors.pydantic.dev/2.11/migration/
    warnings.warn(DEPRECATION_MESSAGE, DeprecationWarning)

app\models\test_case.py:15
  C:\Users\24833\Desktop\Complete_Info\PersonalProject\AutoPilot\backend\app\models\test_case.py:15: PytestCollectionWarning: cannot collect test class 'TestCase' because it has a __init__ constructor (from: tests/services/test_ai_case_promote.py)
    class TestCase(Base):

app\models\test_case.py:15
  C:\Users\24833\Desktop\Complete_Info\PersonalProject\AutoPilot\backend\app\models\test_case.py:15: PytestCollectionWarning: cannot collect test class 'TestCase' because it has a __init__ constructor (from: tests/services/test_service_case.py)
    class TestCase(Base):

app\services\orchestrator.py:31
  C:\Users\24833\Desktop\Complete_Info\PersonalProject\AutoPilot\backend\app\services\orchestrator.py:31: PytestCollectionWarning: cannot collect test class 'TestOrchestrator' because it has a __init__ constructor (from: tests/services/test_service_orchestrator.py)
    class TestOrchestrator:

app\models\test_case.py:15
  C:\Users\24833\Desktop\Complete_Info\PersonalProject\AutoPilot\backend\app\models\test_case.py:15: PytestCollectionWarning: cannot collect test class 'TestCase' because it has a __init__ constructor (from: tests/services/test_service_project.py)
    class TestCase(Base):

app\models\test_case.py:15
  C:\Users\24833\Desktop\Complete_Info\PersonalProject\AutoPilot\backend\app\models\test_case.py:15: PytestCollectionWarning: cannot collect test class 'TestCase' because it has a __init__ constructor (from: tests/unit/test_ai_case_service.py)
    class TestCase(Base):

app\models\test_case.py:15
  C:\Users\24833\Desktop\Complete_Info\PersonalProject\AutoPilot\backend\app\models\test_case.py:15: PytestCollectionWarning: cannot collect test class 'TestCase' because it has a __init__ constructor (from: tests/unit/test_models.py)
    class TestCase(Base):

tests/integration/test_golden_path_real_chromium.py: 1 warning
tests/integration/test_integration_main.py: 26 warnings
tests/integration/test_integration_pipeline.py: 4 warnings
tests/routers/test_ai_drafts.py: 2 warnings
tests/routers/test_mock.py: 17 warnings
tests/routers/test_pipelines.py: 12 warnings
tests/routers/test_routers_cases.py: 12 warnings
tests/routers/test_routers_elements.py: 12 warnings
tests/routers/test_routers_executions.py: 31 warnings
tests/routers/test_routers_generate.py: 7 warnings
tests/routers/test_routers_heal.py: 6 warnings
tests/routers/test_routers_projects.py: 11 warnings
tests/routers/test_routers_reports.py: 5 warnings
tests/routers/test_schedules.py: 12 warnings
tests/services/test_env_context_unified.py: 1 warning
tests/services/test_stop_semantics.py: 9 warnings
tests/unit/test_cron_validation.py: 7 warnings
tests/unit/test_execution_recovery.py: 7 warnings
tests/unit/test_middlewares.py: 7 warnings
tests/unit/test_pipeline_token.py: 4 warnings
  C:\Users\24833\Desktop\Complete_Info\PersonalProject\AutoPilot\backend\app\services\execution_state.py:94: DeprecationWarning: datetime.datetime.utcnow() is deprecated and scheduled for removal in a future version. Use timezone-aware objects to represent datetimes in UTC: datetime.datetime.now(datetime.UTC).
    stale_cutoff = datetime.utcnow() - timedelta(seconds=settings.EXECUTION_HEARTBEAT_TIMEOUT)

tests/integration/test_golden_path_real_chromium.py: 1 warning
tests/integration/test_integration_pipeline.py: 2 warnings
tests/integration/test_mock_injection.py: 1 warning
tests/integration/test_schedule_admission.py: 1 warning
tests/routers/test_routers_executions.py: 2 warnings
tests/services/test_admission_service.py: 1 warning
tests/services/test_env_context_unified.py: 1 warning
tests/services/test_manifest_immutable.py: 3 warnings
tests/services/test_no_latest_code_backdoor.py: 1 warning
tests/services/test_pipeline_service.py: 1 warning
  C:\Users\24833\Desktop\Complete_Info\PersonalProject\AutoPilot\backend\app\services\execution_admission_service.py:233: DeprecationWarning: datetime.datetime.utcnow() is deprecated and scheduled for removal in a future version. Use timezone-aware objects to represent datetimes in UTC: datetime.datetime.now(datetime.UTC).
    start_time=datetime.utcnow(),

tests/integration/test_golden_path_real_chromium.py: 1 warning
tests/integration/test_integration_pipeline.py: 2 warnings
tests/integration/test_mock_injection.py: 1 warning
tests/integration/test_schedule_admission.py: 1 warning
tests/routers/test_routers_executions.py: 2 warnings
tests/services/test_admission_service.py: 1 warning
tests/services/test_env_context_unified.py: 1 warning
tests/services/test_manifest_immutable.py: 3 warnings
tests/services/test_no_latest_code_backdoor.py: 1 warning
tests/services/test_pipeline_service.py: 1 warning
  C:\Users\24833\Desktop\Complete_Info\PersonalProject\AutoPilot\backend\app\services\execution_admission_service.py:234: DeprecationWarning: datetime.datetime.utcnow() is deprecated and scheduled for removal in a future version. Use timezone-aware objects to represent datetimes in UTC: datetime.datetime.now(datetime.UTC).
    heartbeat_at=datetime.utcnow(),

tests/integration/test_golden_path_real_chromium.py: 3 warnings
tests/services/test_env_context_unified.py: 6 warnings
tests/services/test_service_playwright.py: 20 warnings
tests/services/test_stop_semantics.py: 3 warnings
tests/unit/test_execution_recovery.py: 3 warnings
  C:\Users\24833\Desktop\Complete_Info\PersonalProject\AutoPilot\backend\app\services\playwright_service.py:449: DeprecationWarning: datetime.datetime.utcnow() is deprecated and scheduled for removal in a future version. Use timezone-aware objects to represent datetimes in UTC: datetime.datetime.now(datetime.UTC).
    exec_row.heartbeat_at = datetime.utcnow()

tests/integration/test_golden_path_real_chromium.py: 1 warning
tests/services/test_env_context_unified.py: 4 warnings
tests/services/test_execution_seal.py: 3 warnings
tests/services/test_heal_recovery.py: 1 warning
tests/services/test_manifest_immutable.py: 1 warning
tests/services/test_service_appium.py: 8 warnings
tests/services/test_service_orchestrator.py: 2 warnings
tests/services/test_service_playwright.py: 5 warnings
tests/services/test_stop_semantics.py: 1 warning
tests/services/test_terminal_convergence.py: 12 warnings
tests/unit/test_execution_recovery.py: 7 warnings
  C:\Users\24833\Desktop\Complete_Info\PersonalProject\AutoPilot\backend\app\services\execution_finalizer.py:133: DeprecationWarning: datetime.datetime.utcnow() is deprecated and scheduled for removal in a future version. Use timezone-aware objects to represent datetimes in UTC: datetime.datetime.now(datetime.UTC).
    exec_row.end_time = datetime.utcnow()

tests/integration/test_golden_path_real_chromium.py: 1 warning
tests/integration/test_integration_pipeline.py: 1 warning
tests/routers/test_routers_reports.py: 4 warnings
tests/services/test_report_terminal.py: 14 warnings
tests/services/test_service_report.py: 6 warnings
  C:\Users\24833\Desktop\Complete_Info\PersonalProject\AutoPilot\backend\app\services\report_service.py:203: DeprecationWarning: datetime.datetime.utcnow() is deprecated and scheduled for removal in a future version. Use timezone-aware objects to represent datetimes in UTC: datetime.datetime.now(datetime.UTC).
    now = datetime.utcnow()

tests/integration/test_golden_path_real_chromium.py: 1 warning
tests/integration/test_integration_pipeline.py: 1 warning
tests/routers/test_routers_reports.py: 3 warnings
tests/services/test_report_terminal.py: 8 warnings
tests/services/test_service_report.py: 5 warnings
  C:\Users\24833\Desktop\Complete_Info\PersonalProject\AutoPilot\backend\app\services\report_service.py:282: DeprecationWarning: datetime.datetime.utcnow() is deprecated and scheduled for removal in a future version. Use timezone-aware objects to represent datetimes in UTC: datetime.datetime.now(datetime.UTC).
    claimed_at=datetime.utcnow(),

tests/integration/test_integration_pipeline.py::TestExceptionPipeline::test_execution_stopped_no_report
tests/routers/test_routers_executions.py::test_stop_execution
tests/services/test_execution_seal.py::TestTerminalCommitAtomicity::test_seal_stopped_user_stopped
tests/services/test_service_appium.py::TestAppiumExecuteSync::test_stop_flag_skips_execution
tests/services/test_service_appium.py::TestAppiumExecuteSync::test_stop_flag_during_execution
tests/services/test_service_playwright.py::TestExecuteAsync::test_execute_async_stop_flag
tests/services/test_stop_semantics.py::TestQueuedStop::test_queued_stop_seals_immediately
tests/services/test_stop_semantics.py::TestRepeatStop::test_repeat_stop_queued_after_sealed
  C:\Users\24833\Desktop\Complete_Info\PersonalProject\AutoPilot\backend\app\services\execution_finalizer.py:206: DeprecationWarning: datetime.datetime.utcnow() is deprecated and scheduled for removal in a future version. Use timezone-aware objects to represent datetimes in UTC: datetime.datetime.now(datetime.UTC).
    exec_row.stop_requested_at = datetime.utcnow()

tests/integration/test_integration_pipeline.py: 1 warning
tests/routers/test_routers_executions.py: 1 warning
tests/services/test_execution_seal.py: 1 warning
tests/services/test_service_appium.py: 2 warnings
tests/services/test_service_playwright.py: 1 warning
tests/services/test_stop_semantics.py: 7 warnings
  C:\Users\24833\Desktop\Complete_Info\PersonalProject\AutoPilot\backend\app\services\execution_finalizer.py:209: DeprecationWarning: datetime.datetime.utcnow() is deprecated and scheduled for removal in a future version. Use timezone-aware objects to represent datetimes in UTC: datetime.datetime.now(datetime.UTC).
    exec_row.end_time = datetime.utcnow()

tests/integration/test_schedule_admission.py::TestDisableSemantics::test_disable_keeps_running_execution_untouched
  C:\Users\24833\Desktop\Complete_Info\PersonalProject\AutoPilot\backend\tests\integration\test_schedule_admission.py:102: DeprecationWarning: datetime.datetime.utcnow() is deprecated and scheduled for removal in a future version. Use timezone-aware objects to represent datetimes in UTC: datetime.datetime.now(datetime.UTC).
    start_time=datetime.utcnow(),

tests/routers/test_pipelines.py::TestTriggerAndRuns::test_manual_trigger_creates_run
tests/routers/test_pipelines.py::TestTriggerAndRuns::test_run_detail_stages
tests/services/test_pipeline_service.py::TestTriggerThroughAdmission::test_trigger_goes_through_admission
tests/services/test_pipeline_service.py::TestReentryGuard::test_reentry_rejected_409
tests/services/test_pipeline_service.py::TestReentryGuard::test_disabled_pipeline_rejected_409
tests/unit/test_pipeline_token.py::TestWebhookTokenRejected::test_missing_token_401_no_run
tests/unit/test_pipeline_token.py::TestWebhookTokenRejected::test_wrong_token_401_no_run
tests/unit/test_pipeline_token.py::TestWebhookTokenRejected::test_token_not_configured_401
  C:\Users\24833\Desktop\Complete_Info\PersonalProject\AutoPilot\backend\app\services\pipeline_service.py:130: DeprecationWarning: datetime.datetime.utcnow() is deprecated and scheduled for removal in a future version. Use timezone-aware objects to represent datetimes in UTC: datetime.datetime.now(datetime.UTC).
    now = now or datetime.utcnow()

tests/routers/test_pipelines.py: 1 warning
tests/routers/test_routers_executions.py: 8 warnings
tests/routers/test_routers_reports.py: 4 warnings
tests/services/test_service_heal.py: 10 warnings
tests/services/test_service_orchestrator.py: 1 warning
tests/services/test_service_playwright.py: 8 warnings
tests/services/test_service_report.py: 5 warnings
  C:\Users\24833\Desktop\Complete_Info\PersonalProject\AutoPilot\backend\tests\conftest.py:580: DeprecationWarning: datetime.datetime.utcnow() is deprecated and scheduled for removal in a future version. Use timezone-aware objects to represent datetimes in UTC: datetime.datetime.now(datetime.UTC).
    start_time=dt.utcnow(),

tests/routers/test_pipelines.py: 1 warning
tests/routers/test_routers_executions.py: 8 warnings
tests/routers/test_routers_reports.py: 4 warnings
tests/services/test_service_heal.py: 10 warnings
tests/services/test_service_orchestrator.py: 1 warning
tests/services/test_service_playwright.py: 8 warnings
tests/services/test_service_report.py: 5 warnings
  C:\Users\24833\Desktop\Complete_Info\PersonalProject\AutoPilot\backend\tests\conftest.py:581: DeprecationWarning: datetime.datetime.utcnow() is deprecated and scheduled for removal in a future version. Use timezone-aware objects to represent datetimes in UTC: datetime.datetime.now(datetime.UTC).
    end_time=dt.utcnow(),

tests/routers/test_pipelines.py::TestRunStatsSameCaliberAsExecutions::test_stage_stats_match_execution_api
  C:\Users\24833\Desktop\Complete_Info\PersonalProject\AutoPilot\backend\app\services\pipeline_service.py:252: DeprecationWarning: datetime.datetime.utcnow() is deprecated and scheduled for removal in a future version. Use timezone-aware objects to represent datetimes in UTC: datetime.datetime.now(datetime.UTC).
    run.finished_at = now or datetime.utcnow()

tests/routers/test_routers_executions.py: 12 warnings
  C:\Users\24833\Desktop\Complete_Info\PersonalProject\AutoPilot\backend\tests\routers\test_routers_executions.py:67: DeprecationWarning: datetime.datetime.utcnow() is deprecated and scheduled for removal in a future version. Use timezone-aware objects to represent datetimes in UTC: datetime.datetime.now(datetime.UTC).
    start_time=dt.utcnow(),

tests/routers/test_routers_executions.py::test_get_execution_detail_with_failed_case
  C:\Users\24833\Desktop\Complete_Info\PersonalProject\AutoPilot\backend\tests\routers\test_routers_executions.py:244: DeprecationWarning: datetime.datetime.utcnow() is deprecated and scheduled for removal in a future version. Use timezone-aware objects to represent datetimes in UTC: datetime.datetime.now(datetime.UTC).
    start_time=dt.utcnow(),

tests/routers/test_routers_executions.py::test_get_execution_detail_with_failed_case
  C:\Users\24833\Desktop\Complete_Info\PersonalProject\AutoPilot\backend\tests\routers\test_routers_executions.py:245: DeprecationWarning: datetime.datetime.utcnow() is deprecated and scheduled for removal in a future version. Use timezone-aware objects to represent datetimes in UTC: datetime.datetime.now(datetime.UTC).
    end_time=dt.utcnow(),

tests/routers/test_routers_heal.py::TestManualHeal::test_manual_heal
  C:\Users\24833\Desktop\Complete_Info\PersonalProject\AutoPilot\backend\tests\routers\test_routers_heal.py:27: DeprecationWarning: datetime.datetime.utcnow() is deprecated and scheduled for removal in a future version. Use timezone-aware objects to represent datetimes in UTC: datetime.datetime.now(datetime.UTC).
    start_time=dt.utcnow(),

tests/routers/test_routers_heal.py::TestManualHeal::test_manual_heal_terminal_rejected
tests/routers/test_routers_heal.py::TestManualHeal::test_manual_heal_terminal_rejected
tests/routers/test_routers_heal.py::TestManualHeal::test_manual_heal_terminal_rejected
tests/routers/test_routers_heal.py::TestManualHeal::test_manual_heal_terminal_rejected
  C:\Users\24833\Desktop\Complete_Info\PersonalProject\AutoPilot\backend\tests\routers\test_routers_heal.py:83: DeprecationWarning: datetime.datetime.utcnow() is deprecated and scheduled for removal in a future version. Use timezone-aware objects to represent datetimes in UTC: datetime.datetime.now(datetime.UTC).
    start_time=dt.utcnow(),

tests/routers/test_routers_heal.py::TestManualHeal::test_manual_heal_terminal_rejected
tests/routers/test_routers_heal.py::TestManualHeal::test_manual_heal_terminal_rejected
tests/routers/test_routers_heal.py::TestManualHeal::test_manual_heal_terminal_rejected
tests/routers/test_routers_heal.py::TestManualHeal::test_manual_heal_terminal_rejected
  C:\Users\24833\Desktop\Complete_Info\PersonalProject\AutoPilot\backend\tests\routers\test_routers_heal.py:84: DeprecationWarning: datetime.datetime.utcnow() is deprecated and scheduled for removal in a future version. Use timezone-aware objects to represent datetimes in UTC: datetime.datetime.now(datetime.UTC).
    end_time=dt.utcnow(),

tests/routers/test_routers_heal.py::TestManualHeal::test_manual_heal_step_not_found
  C:\Users\24833\Desktop\Complete_Info\PersonalProject\AutoPilot\backend\tests\routers\test_routers_heal.py:119: DeprecationWarning: datetime.datetime.utcnow() is deprecated and scheduled for removal in a future version. Use timezone-aware objects to represent datetimes in UTC: datetime.datetime.now(datetime.UTC).
    start_time=dt.utcnow(),

tests/routers/test_routers_heal.py::TestManualHeal::test_manual_heal_step_not_failed
  C:\Users\24833\Desktop\Complete_Info\PersonalProject\AutoPilot\backend\tests\routers\test_routers_heal.py:147: DeprecationWarning: datetime.datetime.utcnow() is deprecated and scheduled for removal in a future version. Use timezone-aware objects to represent datetimes in UTC: datetime.datetime.now(datetime.UTC).
    start_time=dt.utcnow(),

tests/routers/test_routers_heal.py::TestHealRecords::test_get_heal_records
  C:\Users\24833\Desktop\Complete_Info\PersonalProject\AutoPilot\backend\tests\routers\test_routers_heal.py:189: DeprecationWarning: datetime.datetime.utcnow() is deprecated and scheduled for removal in a future version. Use timezone-aware objects to represent datetimes in UTC: datetime.datetime.now(datetime.UTC).
    start_time=dt.utcnow(),

tests/routers/test_routers_heal.py::TestHealRecords::test_get_heal_records_empty
  C:\Users\24833\Desktop\Complete_Info\PersonalProject\AutoPilot\backend\tests\routers\test_routers_heal.py:238: DeprecationWarning: datetime.datetime.utcnow() is deprecated and scheduled for removal in a future version. Use timezone-aware objects to represent datetimes in UTC: datetime.datetime.now(datetime.UTC).
    start_time=dt.utcnow(),

tests/routers/test_schedules.py: 11 warnings
tests/unit/test_cron_validation.py: 1 warning
  C:\Users\24833\Desktop\Complete_Info\PersonalProject\AutoPilot\backend\app\routers\schedules.py:59: DeprecationWarning: datetime.datetime.utcnow() is deprecated and scheduled for removal in a future version. Use timezone-aware objects to represent datetimes in UTC: datetime.datetime.now(datetime.UTC).
    now = datetime.utcnow()

tests/routers/test_schedules.py::TestScheduleCrud::test_update_cron_recomputes_next_run
  C:\Users\24833\Desktop\Complete_Info\PersonalProject\AutoPilot\backend\app\routers\schedules.py:98: DeprecationWarning: datetime.datetime.utcnow() is deprecated and scheduled for removal in a future version. Use timezone-aware objects to represent datetimes in UTC: datetime.datetime.now(datetime.UTC).
    now = datetime.utcnow()

tests/routers/test_schedules.py::TestEnableDisable::test_disable_sets_flag_and_stop_requested_at
tests/routers/test_schedules.py::TestEnableDisable::test_enable_only_toggles_flag
tests/routers/test_schedules.py::TestEnableDisable::test_disable_does_not_touch_running_execution
  C:\Users\24833\Desktop\Complete_Info\PersonalProject\AutoPilot\backend\app\routers\schedules.py:154: DeprecationWarning: datetime.datetime.utcnow() is deprecated and scheduled for removal in a future version. Use timezone-aware objects to represent datetimes in UTC: datetime.datetime.now(datetime.UTC).
    sched.stop_requested_at = datetime.utcnow()

tests/routers/test_schedules.py::TestEnableDisable::test_enable_only_toggles_flag
  C:\Users\24833\Desktop\Complete_Info\PersonalProject\AutoPilot\backend\app\routers\schedules.py:133: DeprecationWarning: datetime.datetime.utcnow() is deprecated and scheduled for removal in a future version. Use timezone-aware objects to represent datetimes in UTC: datetime.datetime.now(datetime.UTC).
    now = datetime.utcnow()

tests/routers/test_schedules.py::TestEnableDisable::test_disable_does_not_touch_running_execution
  C:\Users\24833\Desktop\Complete_Info\PersonalProject\AutoPilot\backend\tests\routers\test_schedules.py:108: DeprecationWarning: datetime.datetime.utcnow() is deprecated and scheduled for removal in a future version. Use timezone-aware objects to represent datetimes in UTC: datetime.datetime.now(datetime.UTC).
    start_time=datetime.utcnow(),

tests/routers/test_schedules.py::TestManualTrigger::test_trigger_calls_orchestrator_entry
  C:\Users\24833\Desktop\Complete_Info\PersonalProject\AutoPilot\backend\app\services\scheduler_service.py:148: DeprecationWarning: datetime.datetime.utcnow() is deprecated and scheduled for removal in a future version. Use timezone-aware objects to represent datetimes in UTC: datetime.datetime.now(datetime.UTC).
    now = now or datetime.utcnow()

tests/services/test_env_context_unified.py::TestFiveUrlsConsistent::test_execution_goto_uses_manifest_and_ignores_project_change
  C:\Users\24833\Desktop\Complete_Info\PersonalProject\AutoPilot\backend\tests\services\test_env_context_unified.py:227: DeprecationWarning: datetime.datetime.utcnow() is deprecated and scheduled for removal in a future version. Use timezone-aware objects to represent datetimes in UTC: datetime.datetime.now(datetime.UTC).
    start_time=__import__("datetime").datetime.utcnow(),

tests/services/test_env_context_unified.py::TestFiveUrlsConsistent::test_heal_navigation_uses_manifest
  C:\Users\24833\Desktop\Complete_Info\PersonalProject\AutoPilot\backend\tests\services\test_env_context_unified.py:270: DeprecationWarning: datetime.datetime.utcnow() is deprecated and scheduled for removal in a future version. Use timezone-aware objects to represent datetimes in UTC: datetime.datetime.now(datetime.UTC).
    start_time=__import__("datetime").datetime.utcnow(),

tests/services/test_env_context_unified.py::TestThreeLaunchesFromManifest::test_main_execution_launch
  C:\Users\24833\Desktop\Complete_Info\PersonalProject\AutoPilot\backend\tests\services\test_env_context_unified.py:320: DeprecationWarning: datetime.datetime.utcnow() is deprecated and scheduled for removal in a future version. Use timezone-aware objects to represent datetimes in UTC: datetime.datetime.now(datetime.UTC).
    start_time=__import__("datetime").datetime.utcnow(),

tests/services/test_env_context_unified.py::TestThreeLaunchesFromManifest::test_auto_heal_launch
  C:\Users\24833\Desktop\Complete_Info\PersonalProject\AutoPilot\backend\tests\services\test_env_context_unified.py:358: DeprecationWarning: datetime.datetime.utcnow() is deprecated and scheduled for removal in a future version. Use timezone-aware objects to represent datetimes in UTC: datetime.datetime.now(datetime.UTC).
    start_time=__import__("datetime").datetime.utcnow(),

tests/services/test_env_context_unified.py::TestThreeLaunchesFromManifest::test_manual_heal_launch
  C:\Users\24833\Desktop\Complete_Info\PersonalProject\AutoPilot\backend\tests\services\test_env_context_unified.py:397: DeprecationWarning: datetime.datetime.utcnow() is deprecated and scheduled for removal in a future version. Use timezone-aware objects to represent datetimes in UTC: datetime.datetime.now(datetime.UTC).
    start_time=__import__("datetime").datetime.utcnow(),

tests/services/test_env_context_unified.py::TestSsrfSnapshotFrozen::test_manifest_frozen_after_config_change
  C:\Users\24833\Desktop\Complete_Info\PersonalProject\AutoPilot\backend\tests\services\test_env_context_unified.py:483: LegacyAPIWarning: The Query.get() method is considered legacy as of the 1.x series of SQLAlchemy and becomes a legacy construct in 2.0. The method is now available as Session.get() (deprecated since: 2.0) (Background on SQLAlchemy 2.0 at: https://sqlalche.me/e/b8d9)
    env = _env_from_manifest(_load_manifest(db_session.query(ExecModel).get(exec_id)))

tests/services/test_execution_seal.py: 12 warnings
  C:\Users\24833\Desktop\Complete_Info\PersonalProject\AutoPilot\backend\tests\services\test_execution_seal.py:35: DeprecationWarning: datetime.datetime.utcnow() is deprecated and scheduled for removal in a future version. Use timezone-aware objects to represent datetimes in UTC: datetime.datetime.now(datetime.UTC).
    start_time=datetime.utcnow(),

tests/services/test_heal_ai_attempt.py::TestRoundRetryAuthority::test_retryable_sequence_caps_http_at_max_retry
tests/services/test_heal_ai_attempt.py::TestRoundRetryAuthority::test_retryable_backoff_before_each_continue
tests/services/test_heal_ai_attempt.py::TestRoundRetryAuthority::test_non_retryable_breaks_immediately
tests/services/test_heal_ai_attempt.py::TestRoundRetryAuthority::test_budget_exhausted_closes_as_deadline
tests/services/test_heal_ai_attempt.py::TestRoundRetryAuthority::test_round_never_calls_private_heal_ai
  C:\Users\24833\Desktop\Complete_Info\PersonalProject\AutoPilot\backend\tests\services\test_heal_ai_attempt.py:75: DeprecationWarning: datetime.datetime.utcnow() is deprecated and scheduled for removal in a future version. Use timezone-aware objects to represent datetimes in UTC: datetime.datetime.now(datetime.UTC).
    start_time=dt.utcnow(),

tests/services/test_heal_ai_attempt.py: 11 warnings
tests/services/test_heal_candidate_isolation.py: 4 warnings
tests/services/test_heal_finalization.py: 3 warnings
tests/services/test_heal_recovery.py: 4 warnings
  C:\Users\24833\Desktop\Complete_Info\PersonalProject\AutoPilot\backend\app\services\heal_service.py:1633: DeprecationWarning: datetime.datetime.utcnow() is deprecated and scheduled for removal in a future version. Use timezone-aware objects to represent datetimes in UTC: datetime.datetime.now(datetime.UTC).
    "created_at": datetime.utcnow().isoformat(),

tests/services/test_heal_candidate_isolation.py::TestCandidateIsolation::test_failed_candidate_not_in_generated_codes
tests/services/test_heal_candidate_isolation.py::TestCandidateIsolation::test_winning_candidate_persisted_as_healed
  C:\Users\24833\Desktop\Complete_Info\PersonalProject\AutoPilot\backend\tests\services\test_heal_candidate_isolation.py:24: DeprecationWarning: datetime.datetime.utcnow() is deprecated and scheduled for removal in a future version. Use timezone-aware objects to represent datetimes in UTC: datetime.datetime.now(datetime.UTC).
    start_time=dt.utcnow(),

tests/services/test_heal_diagnose.py::TestDiagnoseFixture::test_three_records_match_fixture
tests/services/test_heal_diagnose.py::TestDiagnoseFixture::test_script_is_read_only
tests/services/test_heal_diagnose.py::TestDiagnoseFixture::test_inference_never_written_to_db
tests/services/test_heal_diagnose.py::TestAttemptsSchemaBranch::test_a_schema_record_classified_by_error_type
  C:\Users\24833\Desktop\Complete_Info\PersonalProject\AutoPilot\backend\tests\services\test_heal_diagnose.py:27: DeprecationWarning: datetime.datetime.utcnow() is deprecated and scheduled for removal in a future version. Use timezone-aware objects to represent datetimes in UTC: datetime.datetime.now(datetime.UTC).
    project_id=project.id, total_cases=1, status="running", start_time=dt.utcnow(),

tests/services/test_heal_diagnose.py::TestDiagnoseFixture::test_three_records_match_fixture
tests/services/test_heal_diagnose.py::TestDiagnoseFixture::test_script_is_read_only
tests/services/test_heal_diagnose.py::TestDiagnoseFixture::test_inference_never_written_to_db
tests/services/test_heal_diagnose.py::TestAttemptsSchemaBranch::test_a_schema_record_classified_by_error_type
  C:\Users\24833\Desktop\Complete_Info\PersonalProject\AutoPilot\backend\scripts\heal_diagnose.py:208: DeprecationWarning: datetime.datetime.utcnow() is deprecated and scheduled for removal in a future version. Use timezone-aware objects to represent datetimes in UTC: datetime.datetime.now(datetime.UTC).
    "generated_at": datetime.utcnow().isoformat(),

tests/services/test_heal_finalization.py::TestFinalization::test_phase_b_retry_without_recalling_ai
tests/services/test_heal_finalization.py::TestFinalization::test_retry_finalization_succeeds_and_commits
tests/services/test_heal_finalization.py::TestFinalization::test_phase_b_stop_cancels_finalization
tests/services/test_heal_finalization.py::TestFinalization::test_phase_a_failure_closes_heal_finalization_error
  C:\Users\24833\Desktop\Complete_Info\PersonalProject\AutoPilot\backend\tests\services\test_heal_finalization.py:22: DeprecationWarning: datetime.datetime.utcnow() is deprecated and scheduled for removal in a future version. Use timezone-aware objects to represent datetimes in UTC: datetime.datetime.now(datetime.UTC).
    start_time=dt.utcnow(),

tests/services/test_heal_recovery.py::TestRecoveryConvergence::test_recovery_cancels_open_rounds
tests/services/test_heal_recovery.py::TestRecoveryConvergence::test_infra_rerun_failure_upgrades_execution_failed
tests/services/test_heal_recovery.py::TestRecoveryConvergence::test_heal_exhausted_mixed_failure
  C:\Users\24833\Desktop\Complete_Info\PersonalProject\AutoPilot\backend\tests\services\test_heal_recovery.py:24: DeprecationWarning: datetime.datetime.utcnow() is deprecated and scheduled for removal in a future version. Use timezone-aware objects to represent datetimes in UTC: datetime.datetime.now(datetime.UTC).
    start_time=dt.utcnow(),

tests/services/test_heal_round_guard.py::TestClaimRoundGuard::test_concurrent_claim_only_one_succeeds
tests/services/test_heal_round_guard.py::TestClaimRoundGuard::test_duplicate_claim_rejected
tests/services/test_heal_round_guard.py::TestClaimRoundGuard::test_claim_rejected_when_execution_terminal
tests/services/test_heal_round_guard.py::TestClaimRoundGuard::test_no_failed_step_skips_heal
  C:\Users\24833\Desktop\Complete_Info\PersonalProject\AutoPilot\backend\tests\services\test_heal_round_guard.py:24: DeprecationWarning: datetime.datetime.utcnow() is deprecated and scheduled for removal in a future version. Use timezone-aware objects to represent datetimes in UTC: datetime.datetime.now(datetime.UTC).
    start_time=dt.utcnow(),

tests/services/test_report_resolver_only.py: 11 warnings
  C:\Users\24833\Desktop\Complete_Info\PersonalProject\AutoPilot\backend\tests\services\test_report_resolver_only.py:63: DeprecationWarning: datetime.datetime.utcnow() is deprecated and scheduled for removal in a future version. Use timezone-aware objects to represent datetimes in UTC: datetime.datetime.now(datetime.UTC).
    start_time=datetime.utcnow(),

tests/services/test_report_resolver_only.py: 11 warnings
  C:\Users\24833\Desktop\Complete_Info\PersonalProject\AutoPilot\backend\tests\services\test_report_resolver_only.py:64: DeprecationWarning: datetime.datetime.utcnow() is deprecated and scheduled for removal in a future version. Use timezone-aware objects to represent datetimes in UTC: datetime.datetime.now(datetime.UTC).
    end_time=datetime.utcnow(),

tests/services/test_report_terminal.py: 10 warnings
  C:\Users\24833\Desktop\Complete_Info\PersonalProject\AutoPilot\backend\tests\services\test_report_terminal.py:33: DeprecationWarning: datetime.datetime.utcnow() is deprecated and scheduled for removal in a future version. Use timezone-aware objects to represent datetimes in UTC: datetime.datetime.now(datetime.UTC).
    start_time=datetime.utcnow(),

tests/services/test_report_terminal.py: 10 warnings
  C:\Users\24833\Desktop\Complete_Info\PersonalProject\AutoPilot\backend\tests\services\test_report_terminal.py:34: DeprecationWarning: datetime.datetime.utcnow() is deprecated and scheduled for removal in a future version. Use timezone-aware objects to represent datetimes in UTC: datetime.datetime.now(datetime.UTC).
    end_time=datetime.utcnow(),

tests/services/test_service_appium.py: 32 warnings
  C:\Users\24833\Desktop\Complete_Info\PersonalProject\AutoPilot\backend\app\services\appium_service.py:356: DeprecationWarning: datetime.datetime.utcnow() is deprecated and scheduled for removal in a future version. Use timezone-aware objects to represent datetimes in UTC: datetime.datetime.now(datetime.UTC).
    exec_row.heartbeat_at = datetime.utcnow()

tests/services/test_service_appium.py::TestAppiumCreateExecution::test_create_execution
tests/services/test_service_appium.py::TestAppiumCreateExecutionEdgeCases::test_create_execution_skips_invalid_json_steps
tests/services/test_service_appium.py::TestAppiumCreateExecutionEdgeCases::test_create_execution_skips_case_without_steps
  C:\Users\24833\Desktop\Complete_Info\PersonalProject\AutoPilot\backend\app\services\appium_service.py:90: DeprecationWarning: datetime.datetime.utcnow() is deprecated and scheduled for removal in a future version. Use timezone-aware objects to represent datetimes in UTC: datetime.datetime.now(datetime.UTC).
    start_time=datetime.utcnow(),

tests/services/test_service_appium.py::TestAppiumCreateExecution::test_create_execution
tests/services/test_service_appium.py::TestAppiumCreateExecutionEdgeCases::test_create_execution_skips_invalid_json_steps
tests/services/test_service_appium.py::TestAppiumCreateExecutionEdgeCases::test_create_execution_skips_case_without_steps
  C:\Users\24833\Desktop\Complete_Info\PersonalProject\AutoPilot\backend\app\services\appium_service.py:91: DeprecationWarning: datetime.datetime.utcnow() is deprecated and scheduled for removal in a future version. Use timezone-aware objects to represent datetimes in UTC: datetime.datetime.now(datetime.UTC).
    heartbeat_at=datetime.utcnow(),

tests/services/test_service_appium.py::TestAppiumHelpers::test_update_execution_status_sets_end_time
  C:\Users\24833\Desktop\Complete_Info\PersonalProject\AutoPilot\backend\tests\services\test_service_appium.py:927: DeprecationWarning: datetime.datetime.utcnow() is deprecated and scheduled for removal in a future version. Use timezone-aware objects to represent datetimes in UTC: datetime.datetime.now(datetime.UTC).
    start_time=dt.utcnow(),

tests/services/test_service_appium.py::TestAppiumHelpers::test_update_execution_status_sets_end_time
  C:\Users\24833\Desktop\Complete_Info\PersonalProject\AutoPilot\backend\app\services\appium_service.py:368: DeprecationWarning: datetime.datetime.utcnow() is deprecated and scheduled for removal in a future version. Use timezone-aware objects to represent datetimes in UTC: datetime.datetime.now(datetime.UTC).
    exec_row.end_time = datetime.utcnow()

tests/services/test_service_appium.py::TestSyncMonitorHooksEdgeCases::test_upsert_step_db_error_rolls_back
  C:\Users\24833\Desktop\Complete_Info\PersonalProject\AutoPilot\backend\tests\conftest.py:99: SAWarning: transaction already deassociated from connection
    transaction.rollback()

tests/services/test_service_heal.py: 24 warnings
  C:\Users\24833\Desktop\Complete_Info\PersonalProject\AutoPilot\backend\app\services\heal_service.py:777: DeprecationWarning: datetime.datetime.utcnow() is deprecated and scheduled for removal in a future version. Use timezone-aware objects to represent datetimes in UTC: datetime.datetime.now(datetime.UTC).
    "created_at": datetime.utcnow().isoformat(),

tests/services/test_service_playwright.py::TestCreateExecution::test_create_execution_returns_id
tests/services/test_service_playwright.py::TestCreateExecution::test_create_execution_creates_steps
tests/services/test_service_playwright.py::TestCreateExecution::test_create_execution_invalid_case_skipped
tests/services/test_service_playwright.py::TestCreateExecution::test_create_execution_invalid_json_steps_skipped
  C:\Users\24833\Desktop\Complete_Info\PersonalProject\AutoPilot\backend\app\services\playwright_service.py:138: DeprecationWarning: datetime.datetime.utcnow() is deprecated and scheduled for removal in a future version. Use timezone-aware objects to represent datetimes in UTC: datetime.datetime.now(datetime.UTC).
    start_time=datetime.utcnow(),

tests/services/test_service_playwright.py::TestCreateExecution::test_create_execution_returns_id
tests/services/test_service_playwright.py::TestCreateExecution::test_create_execution_creates_steps
tests/services/test_service_playwright.py::TestCreateExecution::test_create_execution_invalid_case_skipped
tests/services/test_service_playwright.py::TestCreateExecution::test_create_execution_invalid_json_steps_skipped
  C:\Users\24833\Desktop\Complete_Info\PersonalProject\AutoPilot\backend\app\services\playwright_service.py:139: DeprecationWarning: datetime.datetime.utcnow() is deprecated and scheduled for removal in a future version. Use timezone-aware objects to represent datetimes in UTC: datetime.datetime.now(datetime.UTC).
    heartbeat_at=datetime.utcnow(),

tests/services/test_service_playwright.py::TestInitSteps::test_init_steps_creates_pending_records
  C:\Users\24833\Desktop\Complete_Info\PersonalProject\AutoPilot\backend\tests\services\test_service_playwright.py:160: DeprecationWarning: datetime.datetime.utcnow() is deprecated and scheduled for removal in a future version. Use timezone-aware objects to represent datetimes in UTC: datetime.datetime.now(datetime.UTC).
    start_time=dt.utcnow(),

tests/services/test_service_playwright.py::TestInitSteps::test_init_steps_no_case
  C:\Users\24833\Desktop\Complete_Info\PersonalProject\AutoPilot\backend\tests\services\test_service_playwright.py:192: DeprecationWarning: datetime.datetime.utcnow() is deprecated and scheduled for removal in a future version. Use timezone-aware objects to represent datetimes in UTC: datetime.datetime.now(datetime.UTC).
    start_time=dt.utcnow(),

tests/services/test_service_playwright.py::TestInitSteps::test_init_steps_invalid_json
  C:\Users\24833\Desktop\Complete_Info\PersonalProject\AutoPilot\backend\tests\services\test_service_playwright.py:222: DeprecationWarning: datetime.datetime.utcnow() is deprecated and scheduled for removal in a future version. Use timezone-aware objects to represent datetimes in UTC: datetime.datetime.now(datetime.UTC).
    start_time=dt.utcnow(),

tests/services/test_service_playwright.py::TestUpdateExecution::test_update_execution_heartbeat_only
  C:\Users\24833\Desktop\Complete_Info\PersonalProject\AutoPilot\backend\tests\services\test_service_playwright.py:250: DeprecationWarning: datetime.datetime.utcnow() is deprecated and scheduled for removal in a future version. Use timezone-aware objects to represent datetimes in UTC: datetime.datetime.now(datetime.UTC).
    start_time=dt.utcnow(),

tests/services/test_service_playwright.py::TestUpdateExecution::test_update_execution_db_error_logged
  C:\Users\24833\Desktop\Complete_Info\PersonalProject\AutoPilot\backend\tests\services\test_service_playwright.py:282: DeprecationWarning: datetime.datetime.utcnow() is deprecated and scheduled for removal in a future version. Use timezone-aware objects to represent datetimes in UTC: datetime.datetime.now(datetime.UTC).
    start_time=dt.utcnow(),

tests/services/test_service_playwright.py::TestUpdateExecutionStatus::test_update_execution_status
  C:\Users\24833\Desktop\Complete_Info\PersonalProject\AutoPilot\backend\tests\services\test_service_playwright.py:309: DeprecationWarning: datetime.datetime.utcnow() is deprecated and scheduled for removal in a future version. Use timezone-aware objects to represent datetimes in UTC: datetime.datetime.now(datetime.UTC).
    start_time=dt.utcnow(),

tests/services/test_service_playwright.py::TestUpdateExecutionStatus::test_update_execution_status
  C:\Users\24833\Desktop\Complete_Info\PersonalProject\AutoPilot\backend\app\services\playwright_service.py:461: DeprecationWarning: datetime.datetime.utcnow() is deprecated and scheduled for removal in a future version. Use timezone-aware objects to represent datetimes in UTC: datetime.datetime.now(datetime.UTC).
    exec_row.end_time = datetime.utcnow()

tests/services/test_service_playwright.py::TestStopFlag::test_set_stop_flag_and_check
  C:\Users\24833\Desktop\Complete_Info\PersonalProject\AutoPilot\backend\tests\services\test_service_playwright.py:363: DeprecationWarning: datetime.datetime.utcnow() is deprecated and scheduled for removal in a future version. Use timezone-aware objects to represent datetimes in UTC: datetime.datetime.now(datetime.UTC).
    start_time=dt.utcnow(),

tests/services/test_service_playwright.py::TestStopFlag::test_clear_stop_flag
  C:\Users\24833\Desktop\Complete_Info\PersonalProject\AutoPilot\backend\tests\services\test_service_playwright.py:387: DeprecationWarning: datetime.datetime.utcnow() is deprecated and scheduled for removal in a future version. Use timezone-aware objects to represent datetimes in UTC: datetime.datetime.now(datetime.UTC).
    start_time=dt.utcnow(),

tests/services/test_service_playwright.py::TestExecuteCase::test_execute_case_success
  C:\Users\24833\Desktop\Complete_Info\PersonalProject\AutoPilot\backend\tests\services\test_service_playwright.py:627: DeprecationWarning: datetime.datetime.utcnow() is deprecated and scheduled for removal in a future version. Use timezone-aware objects to represent datetimes in UTC: datetime.datetime.now(datetime.UTC).
    start_time=dt.utcnow(),

tests/services/test_service_playwright.py::TestExecuteCase::test_execute_case_no_generated_code
  C:\Users\24833\Desktop\Complete_Info\PersonalProject\AutoPilot\backend\tests\services\test_service_playwright.py:653: DeprecationWarning: datetime.datetime.utcnow() is deprecated and scheduled for removal in a future version. Use timezone-aware objects to represent datetimes in UTC: datetime.datetime.now(datetime.UTC).
    start_time=dt.utcnow(),

tests/services/test_service_playwright.py::TestExecuteCase::test_execute_case_validation_fails
  C:\Users\24833\Desktop\Complete_Info\PersonalProject\AutoPilot\backend\tests\services\test_service_playwright.py:677: DeprecationWarning: datetime.datetime.utcnow() is deprecated and scheduled for removal in a future version. Use timezone-aware objects to represent datetimes in UTC: datetime.datetime.now(datetime.UTC).
    start_time=dt.utcnow(),

tests/services/test_service_playwright.py::TestExecuteCase::test_execute_case_exec_compile_error
  C:\Users\24833\Desktop\Complete_Info\PersonalProject\AutoPilot\backend\tests\services\test_service_playwright.py:709: DeprecationWarning: datetime.datetime.utcnow() is deprecated and scheduled for removal in a future version. Use timezone-aware objects to represent datetimes in UTC: datetime.datetime.now(datetime.UTC).
    start_time=dt.utcnow(),

tests/services/test_service_playwright.py::TestExecuteCase::test_execute_case_missing_run_test
  C:\Users\24833\Desktop\Complete_Info\PersonalProject\AutoPilot\backend\tests\services\test_service_playwright.py:739: DeprecationWarning: datetime.datetime.utcnow() is deprecated and scheduled for removal in a future version. Use timezone-aware objects to represent datetimes in UTC: datetime.datetime.now(datetime.UTC).
    start_time=dt.utcnow(),

tests/services/test_service_playwright.py::TestExecuteCase::test_execute_case_run_test_returns_false
  C:\Users\24833\Desktop\Complete_Info\PersonalProject\AutoPilot\backend\tests\services\test_service_playwright.py:769: DeprecationWarning: datetime.datetime.utcnow() is deprecated and scheduled for removal in a future version. Use timezone-aware objects to represent datetimes in UTC: datetime.datetime.now(datetime.UTC).
    start_time=dt.utcnow(),

tests/services/test_service_playwright.py::TestExecuteCase::test_execute_case_timeout
  C:\Users\24833\Desktop\Complete_Info\PersonalProject\AutoPilot\backend\tests\services\test_service_playwright.py:806: DeprecationWarning: datetime.datetime.utcnow() is deprecated and scheduled for removal in a future version. Use timezone-aware objects to represent datetimes in UTC: datetime.datetime.now(datetime.UTC).
    start_time=dt.utcnow(),

tests/services/test_service_playwright.py::TestExecuteCase::test_execute_case_inject_security_exception
  C:\Users\24833\Desktop\Complete_Info\PersonalProject\AutoPilot\backend\tests\services\test_service_playwright.py:836: DeprecationWarning: datetime.datetime.utcnow() is deprecated and scheduled for removal in a future version. Use timezone-aware objects to represent datetimes in UTC: datetime.datetime.now(datetime.UTC).
    start_time=dt.utcnow(),

tests/services/test_service_playwright.py::TestExecuteCase::test_execute_case_run_test_raises
  C:\Users\24833\Desktop\Complete_Info\PersonalProject\AutoPilot\backend\tests\services\test_service_playwright.py:865: DeprecationWarning: datetime.datetime.utcnow() is deprecated and scheduled for removal in a future version. Use timezone-aware objects to represent datetimes in UTC: datetime.datetime.now(datetime.UTC).
    start_time=dt.utcnow(),

tests/services/test_service_playwright.py::TestExecuteAsync::test_execute_async_installs_ssrf_network_policy
  C:\Users\24833\Desktop\Complete_Info\PersonalProject\AutoPilot\backend\tests\services\test_service_playwright.py:921: DeprecationWarning: datetime.datetime.utcnow() is deprecated and scheduled for removal in a future version. Use timezone-aware objects to represent datetimes in UTC: datetime.datetime.now(datetime.UTC).
    start_time=dt.utcnow(),

tests/services/test_service_playwright.py::TestExecuteAsync::test_execute_async_all_pass
  C:\Users\24833\Desktop\Complete_Info\PersonalProject\AutoPilot\backend\tests\services\test_service_playwright.py:953: DeprecationWarning: datetime.datetime.utcnow() is deprecated and scheduled for removal in a future version. Use timezone-aware objects to represent datetimes in UTC: datetime.datetime.now(datetime.UTC).
    start_time=dt.utcnow(),

tests/services/test_service_playwright.py::TestExecuteAsync::test_execute_async_with_failures
  C:\Users\24833\Desktop\Complete_Info\PersonalProject\AutoPilot\backend\tests\services\test_service_playwright.py:987: DeprecationWarning: datetime.datetime.utcnow() is deprecated and scheduled for removal in a future version. Use timezone-aware objects to represent datetimes in UTC: datetime.datetime.now(datetime.UTC).
    start_time=dt.utcnow(),

tests/services/test_service_playwright.py::TestExecuteAsync::test_execute_async_stop_flag
  C:\Users\24833\Desktop\Complete_Info\PersonalProject\AutoPilot\backend\tests\services\test_service_playwright.py:1016: DeprecationWarning: datetime.datetime.utcnow() is deprecated and scheduled for removal in a future version. Use timezone-aware objects to represent datetimes in UTC: datetime.datetime.now(datetime.UTC).
    start_time=dt.utcnow(),

tests/services/test_service_playwright.py::TestExecuteAsync::test_execute_async_browser_launch_fails
  C:\Users\24833\Desktop\Complete_Info\PersonalProject\AutoPilot\backend\tests\services\test_service_playwright.py:1054: DeprecationWarning: datetime.datetime.utcnow() is deprecated and scheduled for removal in a future version. Use timezone-aware objects to represent datetimes in UTC: datetime.datetime.now(datetime.UTC).
    start_time=dt.utcnow(),

tests/services/test_service_playwright.py::TestExecuteAsync::test_execute_async_goto_fails_continues
  C:\Users\24833\Desktop\Complete_Info\PersonalProject\AutoPilot\backend\tests\services\test_service_playwright.py:1082: DeprecationWarning: datetime.datetime.utcnow() is deprecated and scheduled for removal in a future version. Use timezone-aware objects to represent datetimes in UTC: datetime.datetime.now(datetime.UTC).
    start_time=dt.utcnow(),

tests/services/test_service_playwright.py::TestExecuteAsync::test_execute_async_case_raises_counts_failed
  C:\Users\24833\Desktop\Complete_Info\PersonalProject\AutoPilot\backend\tests\services\test_service_playwright.py:1116: DeprecationWarning: datetime.datetime.utcnow() is deprecated and scheduled for removal in a future version. Use timezone-aware objects to represent datetimes in UTC: datetime.datetime.now(datetime.UTC).
    start_time=dt.utcnow(),

tests/services/test_service_playwright.py::TestExecuteEntry::test_execute_exception_sets_failed
  C:\Users\24833\Desktop\Complete_Info\PersonalProject\AutoPilot\backend\tests\services\test_service_playwright.py:1150: DeprecationWarning: datetime.datetime.utcnow() is deprecated and scheduled for removal in a future version. Use timezone-aware objects to represent datetimes in UTC: datetime.datetime.now(datetime.UTC).
    start_time=dt.utcnow(),

tests/services/test_stop_semantics.py: 14 warnings
  C:\Users\24833\Desktop\Complete_Info\PersonalProject\AutoPilot\backend\tests\services\test_stop_semantics.py:44: DeprecationWarning: datetime.datetime.utcnow() is deprecated and scheduled for removal in a future version. Use timezone-aware objects to represent datetimes in UTC: datetime.datetime.now(datetime.UTC).
    start_time=datetime.utcnow() - timedelta(minutes=5),

tests/services/test_stop_semantics.py::TestRunningStop::test_running_stop_only_sets_stop_requested_at
tests/services/test_stop_semantics.py::TestRunningStop::test_loop_end_seals_stopped_six_steps
tests/services/test_stop_semantics.py::TestRepeatStop::test_repeat_stop_running_idempotent
  C:\Users\24833\Desktop\Complete_Info\PersonalProject\AutoPilot\backend\app\routers\executions.py:460: DeprecationWarning: datetime.datetime.utcnow() is deprecated and scheduled for removal in a future version. Use timezone-aware objects to represent datetimes in UTC: datetime.datetime.now(datetime.UTC).
    execution.stop_requested_at = datetime.utcnow()

tests/services/test_stop_semantics.py::TestRecoveryStopPath::test_recovery_stop_in_flight_recovered_after_stop
  C:\Users\24833\Desktop\Complete_Info\PersonalProject\AutoPilot\backend\tests\services\test_stop_semantics.py:259: DeprecationWarning: datetime.datetime.utcnow() is deprecated and scheduled for removal in a future version. Use timezone-aware objects to represent datetimes in UTC: datetime.datetime.now(datetime.UTC).
    heartbeat=datetime.utcnow(),

tests/services/test_stop_semantics.py::TestRecoveryStopPath::test_recovery_stop_in_flight_recovered_after_stop
  C:\Users\24833\Desktop\Complete_Info\PersonalProject\AutoPilot\backend\tests\services\test_stop_semantics.py:266: DeprecationWarning: datetime.datetime.utcnow() is deprecated and scheduled for removal in a future version. Use timezone-aware objects to represent datetimes in UTC: datetime.datetime.now(datetime.UTC).
    exec_obj.stop_requested_at = datetime.utcnow()

tests/services/test_stop_semantics.py::TestRecoveryStopPath::test_recovery_stop_remaining_pending_skipped
  C:\Users\24833\Desktop\Complete_Info\PersonalProject\AutoPilot\backend\tests\services\test_stop_semantics.py:294: DeprecationWarning: datetime.datetime.utcnow() is deprecated and scheduled for removal in a future version. Use timezone-aware objects to represent datetimes in UTC: datetime.datetime.now(datetime.UTC).
    heartbeat=datetime.utcnow(),

tests/services/test_stop_semantics.py::TestRecoveryStopPath::test_recovery_stop_remaining_pending_skipped
  C:\Users\24833\Desktop\Complete_Info\PersonalProject\AutoPilot\backend\tests\services\test_stop_semantics.py:296: DeprecationWarning: datetime.datetime.utcnow() is deprecated and scheduled for removal in a future version. Use timezone-aware objects to represent datetimes in UTC: datetime.datetime.now(datetime.UTC).
    exec_obj.stop_requested_at = datetime.utcnow()

tests/services/test_stop_semantics.py::TestRecoveryStopPath::test_recovery_stop_preserves_real_failure_evidence
  C:\Users\24833\Desktop\Complete_Info\PersonalProject\AutoPilot\backend\tests\services\test_stop_semantics.py:314: DeprecationWarning: datetime.datetime.utcnow() is deprecated and scheduled for removal in a future version. Use timezone-aware objects to represent datetimes in UTC: datetime.datetime.now(datetime.UTC).
    heartbeat=datetime.utcnow(),

tests/services/test_stop_semantics.py::TestRecoveryStopPath::test_recovery_stop_preserves_real_failure_evidence
  C:\Users\24833\Desktop\Complete_Info\PersonalProject\AutoPilot\backend\tests\services\test_stop_semantics.py:328: DeprecationWarning: datetime.datetime.utcnow() is deprecated and scheduled for removal in a future version. Use timezone-aware objects to represent datetimes in UTC: datetime.datetime.now(datetime.UTC).
    exec_obj.stop_requested_at = datetime.utcnow()

tests/services/test_stop_semantics.py::TestRecoveryStopPath::test_recovery_no_stop_still_interrupted
  C:\Users\24833\Desktop\Complete_Info\PersonalProject\AutoPilot\backend\tests\services\test_stop_semantics.py:345: DeprecationWarning: datetime.datetime.utcnow() is deprecated and scheduled for removal in a future version. Use timezone-aware objects to represent datetimes in UTC: datetime.datetime.now(datetime.UTC).
    heartbeat=datetime.utcnow() - timedelta(seconds=3600),

tests/services/test_stop_semantics.py::TestLoopEndStopPrecedence::test_stop_requested_loop_end_skips_healing
  C:\Users\24833\Desktop\Complete_Info\PersonalProject\AutoPilot\backend\tests\services\test_stop_semantics.py:387: DeprecationWarning: datetime.datetime.utcnow() is deprecated and scheduled for removal in a future version. Use timezone-aware objects to represent datetimes in UTC: datetime.datetime.now(datetime.UTC).
    ).update({"stop_requested_at": datetime.utcnow()})

tests/services/test_stop_semantics.py::TestAtomicStateMachine::test_stop_decision_queries_db_not_memory_flag
  C:\Users\24833\Desktop\Complete_Info\PersonalProject\AutoPilot\backend\tests\services\test_stop_semantics.py:459: DeprecationWarning: datetime.datetime.utcnow() is deprecated and scheduled for removal in a future version. Use timezone-aware objects to represent datetimes in UTC: datetime.datetime.now(datetime.UTC).
    stop_requested_at=datetime.utcnow(),

tests/services/test_terminal_convergence.py: 12 warnings
  C:\Users\24833\Desktop\Complete_Info\PersonalProject\AutoPilot\backend\tests\services\test_terminal_convergence.py:32: DeprecationWarning: datetime.datetime.utcnow() is deprecated and scheduled for removal in a future version. Use timezone-aware objects to represent datetimes in UTC: datetime.datetime.now(datetime.UTC).
    start_time=datetime.utcnow(),

tests/unit/test_batch_persistence.py::test_restart_reads_batch_records_as_task_lost
  C:\Users\24833\Desktop\Complete_Info\PersonalProject\AutoPilot\backend\.venv\Lib\site-packages\sqlalchemy\sql\compiler.py:5796: ResourceWarning: unclosed database in <sqlite3.Connection object at 0x0000028C2A109990>
    def visit_insert(
  Enable tracemalloc to get traceback where the object was allocated.
  See https://docs.pytest.org/en/stable/how-to/capture-warnings.html#resource-warnings for more info.

tests/unit/test_batch_persistence.py::test_restart_reads_batch_records_as_task_lost
  C:\Users\24833\Desktop\Complete_Info\PersonalProject\AutoPilot\backend\.venv\Lib\site-packages\sqlalchemy\sql\compiler.py:5796: ResourceWarning: unclosed database in <sqlite3.Connection object at 0x0000028C29C1CC70>
    def visit_insert(
  Enable tracemalloc to get traceback where the object was allocated.
  See https://docs.pytest.org/en/stable/how-to/capture-warnings.html#resource-warnings for more info.

tests/unit/test_batch_persistence.py::test_restart_reads_batch_records_as_task_lost
  C:\Users\24833\Desktop\Complete_Info\PersonalProject\AutoPilot\backend\.venv\Lib\site-packages\sqlalchemy\sql\compiler.py:5796: ResourceWarning: unclosed database in <sqlite3.Connection object at 0x0000028C29AAED40>
    def visit_insert(
  Enable tracemalloc to get traceback where the object was allocated.
  See https://docs.pytest.org/en/stable/how-to/capture-warnings.html#resource-warnings for more info.

tests/unit/test_cron_validation.py::TestCronRejectedByApi::test_create_schedule_bad_cron_returns_422[not a cron-\u975e cron \u6587\u672c]
  C:\Users\24833\AppData\Local\Programs\Python\Python313\Lib\asyncio\base_events.py:817: ResourceWarning: unclosed database in <sqlite3.Connection object at 0x0000028C29C1C6D0>
    def call_soon(self, callback, *args, context=None):
  Enable tracemalloc to get traceback where the object was allocated.
  See https://docs.pytest.org/en/stable/how-to/capture-warnings.html#resource-warnings for more info.

tests/unit/test_cron_validation.py::TestCronRejectedByApi::test_create_schedule_bad_cron_returns_422[not a cron-\u975e cron \u6587\u672c]
  C:\Users\24833\AppData\Local\Programs\Python\Python313\Lib\asyncio\base_events.py:817: ResourceWarning: unclosed database in <sqlite3.Connection object at 0x0000028C2A180D60>
    def call_soon(self, callback, *args, context=None):
  Enable tracemalloc to get traceback where the object was allocated.
  See https://docs.pytest.org/en/stable/how-to/capture-warnings.html#resource-warnings for more info.

tests/unit/test_cron_validation.py::TestCronRejectedByApi::test_create_schedule_bad_cron_returns_422[not a cron-\u975e cron \u6587\u672c]
  C:\Users\24833\AppData\Local\Programs\Python\Python313\Lib\asyncio\base_events.py:817: ResourceWarning: unclosed database in <sqlite3.Connection object at 0x0000028C2A156C50>
    def call_soon(self, callback, *args, context=None):
  Enable tracemalloc to get traceback where the object was allocated.
  See https://docs.pytest.org/en/stable/how-to/capture-warnings.html#resource-warnings for more info.

tests/unit/test_database.py::TestGetDb::test_get_db_closes_on_exception
  C:\Users\24833\Desktop\Complete_Info\PersonalProject\AutoPilot\backend\tests\unit\test_database.py:194: DeprecationWarning: the (type, exc, tb) signature of throw() is deprecated, use the single-arg signature instead.
    gen.throw(RuntimeError, "test error")

tests/unit/test_execution_recovery.py: 12 warnings
  C:\Users\24833\Desktop\Complete_Info\PersonalProject\AutoPilot\backend\tests\unit\test_execution_recovery.py:31: DeprecationWarning: datetime.datetime.utcnow() is deprecated and scheduled for removal in a future version. Use timezone-aware objects to represent datetimes in UTC: datetime.datetime.now(datetime.UTC).
    start_time=datetime.utcnow() - timedelta(minutes=30),

tests/unit/test_execution_recovery.py::TestRecoverOrphanExecutions::test_running_with_stale_heartbeat_becomes_interrupted
  C:\Users\24833\Desktop\Complete_Info\PersonalProject\AutoPilot\backend\tests\unit\test_execution_recovery.py:50: DeprecationWarning: datetime.datetime.utcnow() is deprecated and scheduled for removal in a future version. Use timezone-aware objects to represent datetimes in UTC: datetime.datetime.now(datetime.UTC).
    stale = datetime.utcnow() - timedelta(seconds=3600)

tests/unit/test_execution_recovery.py::TestRecoverOrphanExecutions::test_running_with_fresh_heartbeat_kept
  C:\Users\24833\Desktop\Complete_Info\PersonalProject\AutoPilot\backend\tests\unit\test_execution_recovery.py:66: DeprecationWarning: datetime.datetime.utcnow() is deprecated and scheduled for removal in a future version. Use timezone-aware objects to represent datetimes in UTC: datetime.datetime.now(datetime.UTC).
    fresh = datetime.utcnow()

tests/unit/test_execution_recovery.py::TestRecoverOrphanExecutions::test_healing_with_stale_heartbeat_becomes_interrupted
  C:\Users\24833\Desktop\Complete_Info\PersonalProject\AutoPilot\backend\tests\unit\test_execution_recovery.py:75: DeprecationWarning: datetime.datetime.utcnow() is deprecated and scheduled for removal in a future version. Use timezone-aware objects to represent datetimes in UTC: datetime.datetime.now(datetime.UTC).
    stale = datetime.utcnow() - timedelta(seconds=3600)

tests/unit/test_execution_recovery.py::TestRecoverOrphanExecutions::test_terminal_states_untouched
tests/unit/test_execution_recovery.py::TestRecoverOrphanExecutions::test_terminal_states_untouched
tests/unit/test_execution_recovery.py::TestRecoverOrphanExecutions::test_terminal_states_untouched
tests/unit/test_execution_recovery.py::TestRecoverOrphanExecutions::test_terminal_states_untouched
  C:\Users\24833\Desktop\Complete_Info\PersonalProject\AutoPilot\backend\tests\unit\test_execution_recovery.py:84: DeprecationWarning: datetime.datetime.utcnow() is deprecated and scheduled for removal in a future version. Use timezone-aware objects to represent datetimes in UTC: datetime.datetime.now(datetime.UTC).
    e = self._make_execution(db_session, status=status, heartbeat=datetime.utcnow(), name=status)

tests/unit/test_execution_recovery.py::TestRecoverOrphanExecutions::test_mixed_recovery_count
  C:\Users\24833\Desktop\Complete_Info\PersonalProject\AutoPilot\backend\tests\unit\test_execution_recovery.py:96: DeprecationWarning: datetime.datetime.utcnow() is deprecated and scheduled for removal in a future version. Use timezone-aware objects to represent datetimes in UTC: datetime.datetime.now(datetime.UTC).
    heartbeat=datetime.utcnow() - timedelta(seconds=3600), name="stale",

tests/unit/test_execution_recovery.py::TestRecoverOrphanExecutions::test_mixed_recovery_count
  C:\Users\24833\Desktop\Complete_Info\PersonalProject\AutoPilot\backend\tests\unit\test_execution_recovery.py:98: DeprecationWarning: datetime.datetime.utcnow() is deprecated and scheduled for removal in a future version. Use timezone-aware objects to represent datetimes in UTC: datetime.datetime.now(datetime.UTC).
    self._make_execution(db_session, status="running", heartbeat=datetime.utcnow(), name="fresh")

tests/unit/test_execution_recovery.py::TestExecutionHeartbeat::test_execute_updates_progress_and_heartbeat
  C:\Users\24833\Desktop\Complete_Info\PersonalProject\AutoPilot\backend\tests\unit\test_execution_recovery.py:139: DeprecationWarning: datetime.datetime.utcnow() is deprecated and scheduled for removal in a future version. Use timezone-aware objects to represent datetimes in UTC: datetime.datetime.now(datetime.UTC).
    start_time=datetime.utcnow(),

tests/unit/test_fk_enforcement.py::TestOrmDeleteEnforcement::test_delete_test_case_with_generated_code_blocked
  C:\Users\24833\Desktop\Complete_Info\PersonalProject\AutoPilot\backend\.venv\Lib\site-packages\sqlalchemy\sql\compiler.py:931: ResourceWarning: unclosed database in <sqlite3.Connection object at 0x0000028C2968C8B0>
    def process(self, obj: Visitable, **kwargs: Any) -> str:
  Enable tracemalloc to get traceback where the object was allocated.
  See https://docs.pytest.org/en/stable/how-to/capture-warnings.html#resource-warnings for more info.

tests/unit/test_fk_enforcement.py::TestOrmDeleteEnforcement::test_delete_execution_with_steps_blocked
  C:\Users\24833\Desktop\Complete_Info\PersonalProject\AutoPilot\backend\.venv\Lib\site-packages\sqlalchemy\util\langhelpers.py:443: ResourceWarning: unclosed database in <sqlite3.Connection object at 0x0000028C2A18FF10>
    _set = set()
  Enable tracemalloc to get traceback where the object was allocated.
  See https://docs.pytest.org/en/stable/how-to/capture-warnings.html#resource-warnings for more info.

tests/unit/test_metrics.py: 10 warnings
  C:\Users\24833\Desktop\Complete_Info\PersonalProject\AutoPilot\backend\tests\unit\test_metrics.py:34: DeprecationWarning: datetime.datetime.utcnow() is deprecated and scheduled for removal in a future version. Use timezone-aware objects to represent datetimes in UTC: datetime.datetime.now(datetime.UTC).
    start_time=datetime.utcnow(),

tests/unit/test_metrics.py: 10 warnings
  C:\Users\24833\Desktop\Complete_Info\PersonalProject\AutoPilot\backend\tests\unit\test_metrics.py:35: DeprecationWarning: datetime.datetime.utcnow() is deprecated and scheduled for removal in a future version. Use timezone-aware objects to represent datetimes in UTC: datetime.datetime.now(datetime.UTC).
    end_time=datetime.utcnow(),

tests/unit/test_metrics.py::TestCoverage::test_execution_start_coverage
tests/unit/test_metrics.py::TestCoverage::test_execution_start_coverage
tests/unit/test_metrics.py::TestCoverage::test_execution_start_coverage
tests/unit/test_metrics.py::TestCoverage::test_execution_start_coverage
  C:\Users\24833\Desktop\Complete_Info\PersonalProject\AutoPilot\backend\tests\unit\test_metrics.py:169: DeprecationWarning: datetime.datetime.utcnow() is deprecated and scheduled for removal in a future version. Use timezone-aware objects to represent datetimes in UTC: datetime.datetime.now(datetime.UTC).
    start_time=datetime.utcnow(),

tests/unit/test_middlewares.py::TestBothMiddlewares::test_both_middlewares_on_health
  C:\Users\24833\AppData\Local\Programs\Python\Python313\Lib\asyncio\events.py:36: ResourceWarning: unclosed database in <sqlite3.Connection object at 0x0000028C298DCF40>
    def __init__(self, callback, args, loop, context=None):
  Enable tracemalloc to get traceback where the object was allocated.
  See https://docs.pytest.org/en/stable/how-to/capture-warnings.html#resource-warnings for more info.

tests/unit/test_middlewares.py::TestBothMiddlewares::test_both_middlewares_on_health
  C:\Users\24833\AppData\Local\Programs\Python\Python313\Lib\asyncio\events.py:36: ResourceWarning: unclosed database in <sqlite3.Connection object at 0x0000028C29E37100>
    def __init__(self, callback, args, loop, context=None):
  Enable tracemalloc to get traceback where the object was allocated.
  See https://docs.pytest.org/en/stable/how-to/capture-warnings.html#resource-warnings for more info.

tests/unit/test_middlewares.py::TestBothMiddlewares::test_both_middlewares_on_health
  C:\Users\24833\AppData\Local\Programs\Python\Python313\Lib\asyncio\events.py:36: ResourceWarning: unclosed database in <sqlite3.Connection object at 0x0000028C29DBD7B0>
    def __init__(self, callback, args, loop, context=None):
  Enable tracemalloc to get traceback where the object was allocated.
  See https://docs.pytest.org/en/stable/how-to/capture-warnings.html#resource-warnings for more info.

tests/unit/test_middlewares.py::TestBothMiddlewares::test_both_middlewares_on_health
  C:\Users\24833\AppData\Local\Programs\Python\Python313\Lib\asyncio\events.py:36: ResourceWarning: unclosed database in <sqlite3.Connection object at 0x0000028C2A334C70>
    def __init__(self, callback, args, loop, context=None):
  Enable tracemalloc to get traceback where the object was allocated.
  See https://docs.pytest.org/en/stable/how-to/capture-warnings.html#resource-warnings for more info.

tests/unit/test_migration.py::TestLegacyBridgeBehavior::test_stamp_does_not_execute_migration
  C:\Users\24833\Desktop\Complete_Info\PersonalProject\AutoPilot\backend\.venv\Lib\site-packages\sqlalchemy\util\langhelpers.py:446: ResourceWarning: unclosed database in <sqlite3.Connection object at 0x0000028C2A334D60>
    ctr = cls.__dict__.get("__init__", False)
  Enable tracemalloc to get traceback where the object was allocated.
  See https://docs.pytest.org/en/stable/how-to/capture-warnings.html#resource-warnings for more info.

tests/unit/test_migration_preflight.py::TestPreflightOrphanRows::test_orphan_case_reference_detected
  C:\Users\24833\Desktop\Complete_Info\PersonalProject\AutoPilot\backend\.venv\Lib\site-packages\sqlalchemy\engine\cursor.py:1490: ResourceWarning: unclosed database in <sqlite3.Connection object at 0x0000028C297DAA70>
    def _init_metadata(self, context, cursor_description):
  Enable tracemalloc to get traceback where the object was allocated.
  See https://docs.pytest.org/en/stable/how-to/capture-warnings.html#resource-warnings for more info.

tests/unit/test_migration_preflight.py::TestPreflightOrphanRows::test_orphan_case_reference_detected
  C:\Users\24833\Desktop\Complete_Info\PersonalProject\AutoPilot\backend\.venv\Lib\site-packages\sqlalchemy\engine\cursor.py:1490: ResourceWarning: unclosed database in <sqlite3.Connection object at 0x0000028C2A335300>
    def _init_metadata(self, context, cursor_description):
  Enable tracemalloc to get traceback where the object was allocated.
  See https://docs.pytest.org/en/stable/how-to/capture-warnings.html#resource-warnings for more info.

tests/unit/test_migration_preflight.py::TestPreflightUniqueConflicts::test_execution_reports_unique_conflict_detected
  C:\Users\24833\Desktop\Complete_Info\PersonalProject\AutoPilot\backend\.venv\Lib\site-packages\sqlalchemy\sql\type_api.py:928: ResourceWarning: unclosed database in <sqlite3.Connection object at 0x0000028C2A334E50>
    def _cached_result_processor(
  Enable tracemalloc to get traceback where the object was allocated.
  See https://docs.pytest.org/en/stable/how-to/capture-warnings.html#resource-warnings for more info.

tests/unit/test_migration_preflight.py::TestPreflightUniqueConflicts::test_execution_reports_unique_conflict_detected
  C:\Users\24833\Desktop\Complete_Info\PersonalProject\AutoPilot\backend\.venv\Lib\site-packages\sqlalchemy\sql\type_api.py:928: ResourceWarning: unclosed database in <sqlite3.Connection object at 0x0000028C2A3358A0>
    def _cached_result_processor(
  Enable tracemalloc to get traceback where the object was allocated.
  See https://docs.pytest.org/en/stable/how-to/capture-warnings.html#resource-warnings for more info.

tests/unit/test_models.py::TestExecutionModel::test_default_status_queued
  C:\Users\24833\Desktop\Complete_Info\PersonalProject\AutoPilot\backend\.venv\Lib\site-packages\sqlalchemy\sql\crud.py:480: ResourceWarning: unclosed database in <sqlite3.Connection object at 0x0000028C2A3349A0>
    if dml.isupdate(compile_state) and compile_state._extra_froms:
  Enable tracemalloc to get traceback where the object was allocated.
  See https://docs.pytest.org/en/stable/how-to/capture-warnings.html#resource-warnings for more info.

tests/unit/test_models.py::TestExecutionModel::test_datetime_fields
  C:\Users\24833\Desktop\Complete_Info\PersonalProject\AutoPilot\backend\tests\unit\test_models.py:282: DeprecationWarning: datetime.datetime.utcnow() is deprecated and scheduled for removal in a future version. Use timezone-aware objects to represent datetimes in UTC: datetime.datetime.now(datetime.UTC).
    now = datetime.utcnow()

tests/unit/test_models.py::TestDateTimeAutoPopulation::test_created_at_set_on_creation
  C:\Users\24833\Desktop\Complete_Info\PersonalProject\AutoPilot\backend\tests\unit\test_models.py:535: DeprecationWarning: datetime.datetime.utcnow() is deprecated and scheduled for removal in a future version. Use timezone-aware objects to represent datetimes in UTC: datetime.datetime.now(datetime.UTC).
    delta = (datetime.utcnow() - project.created_at).total_seconds()

tests/unit/test_security_hardening.py::TestExcelInputLimits::test_row_limit_rejected
  C:\Users\24833\Desktop\Complete_Info\PersonalProject\AutoPilot\backend\.venv\Lib\site-packages\openpyxl\cell\cell.py:164: ResourceWarning: unclosed database in <sqlite3.Connection object at 0x0000028C2A3356C0>
    if next(ILLEGAL_CHARACTERS_RE.finditer(value), None):
  Enable tracemalloc to get traceback where the object was allocated.
  See https://docs.pytest.org/en/stable/how-to/capture-warnings.html#resource-warnings for more info.

tests/unit/test_security_hardening.py::TestExcelInputLimits::test_row_limit_rejected
  C:\Users\24833\Desktop\Complete_Info\PersonalProject\AutoPilot\backend\.venv\Lib\site-packages\openpyxl\cell\cell.py:164: ResourceWarning: unclosed database in <sqlite3.Connection object at 0x0000028C2A335E40>
    if next(ILLEGAL_CHARACTERS_RE.finditer(value), None):
  Enable tracemalloc to get traceback where the object was allocated.
  See https://docs.pytest.org/en/stable/how-to/capture-warnings.html#resource-warnings for more info.

tests/unit/test_security_hardening.py::TestExcelInputLimits::test_sheet_limit_rejected
  C:\Users\24833\AppData\Local\Programs\Python\Python313\Lib\xml\etree\ElementTree.py:1291: ResourceWarning: unclosed database in <sqlite3.Connection object at 0x0000028C29B866B0>
    self._parser.feed(data)
  Enable tracemalloc to get traceback where the object was allocated.
  See https://docs.pytest.org/en/stable/how-to/capture-warnings.html#resource-warnings for more info.

tests/unit/test_security_hardening.py::TestExcelInputLimits::test_sheet_limit_rejected
  C:\Users\24833\AppData\Local\Programs\Python\Python313\Lib\xml\etree\ElementTree.py:1291: ResourceWarning: unclosed database in <sqlite3.Connection object at 0x0000028C29B84A90>
    self._parser.feed(data)
  Enable tracemalloc to get traceback where the object was allocated.
  See https://docs.pytest.org/en/stable/how-to/capture-warnings.html#resource-warnings for more info.

tests/unit/test_security_hardening.py::TestExcelInputLimits::test_sheet_limit_rejected
  C:\Users\24833\AppData\Local\Programs\Python\Python313\Lib\xml\etree\ElementTree.py:1291: ResourceWarning: unclosed database in <sqlite3.Connection object at 0x0000028C2968D210>
    self._parser.feed(data)
  Enable tracemalloc to get traceback where the object was allocated.
  See https://docs.pytest.org/en/stable/how-to/capture-warnings.html#resource-warnings for more info.

tests/unit/test_security_hardening.py::TestExcelInputLimits::test_sheet_limit_rejected
  C:\Users\24833\AppData\Local\Programs\Python\Python313\Lib\xml\etree\ElementTree.py:1291: ResourceWarning: unclosed database in <sqlite3.Connection object at 0x0000028C298F6E30>
    self._parser.feed(data)
  Enable tracemalloc to get traceback where the object was allocated.
  See https://docs.pytest.org/en/stable/how-to/capture-warnings.html#resource-warnings for more info.

-- Docs: https://docs.pytest.org/en/stable/how-to/capture-warnings.html
=============================== tests coverage ================================
_______________ coverage: platform win32, python 3.13.3-final-0 _______________

Name                                          Stmts   Miss Branch BrPart  Cover   Missing
-----------------------------------------------------------------------------------------
app\__init__.py                                   0      0      0      0   100%
app\config.py                                    73      6     10      3    89%   64, 122-124, 127->131, 132-136
app\db\__init__.py                                0      0      0      0   100%
app\db\database.py                               48     11      8      1    79%   45, 62-63, 69-75, 80-82
app\db\legacy_baseline.py                        73     12     34      7    79%   135-139, 172, 183, 194, 201, 217-218, 235
app\db\migration_preflight.py                    31      2     16      2    91%   62, 86
app\dependencies.py                              34      4      2      0    89%   12-16
app\exceptions.py                                50      0      2      0   100%
app\main.py                                      91     16     10      4    80%   68, 80-82, 94-100, 105-109
app\middlewares\__init__.py                       3      0      0      0   100%
app\middlewares\logging.py                       13      0      0      0   100%
app\middlewares\timing.py                        10      0      0      0   100%
app\models\__init__.py                           16      0      0      0   100%
app\models\ai_case_draft.py                      46      0      0      0   100%
app\models\batch_cases.py                        36      0      0      0   100%
app\models\batch_job.py                          26      0      0      0   100%
app\models\batch_records.py                      22      0      0      0   100%
app\models\element.py                            76      0      0      0   100%
app\models\evidence_snapshot.py                  30      1      2      1    94%   45
app\models\execution.py                          45      0      0      0   100%
app\models\execution_step.py                     52      0      0      0   100%
app\models\generated_code.py                     40      0      0      0   100%
app\models\heal_record.py                        43      0      0      0   100%
app\models\mock.py                              100      4      4      2    94%   64-66, 70->74, 127
app\models\pipeline.py                           80      9      4      1    86%   66-68, 123-128
app\models\project.py                            47      0      0      0   100%
app\models\report.py                             31      0      0      0   100%
app\models\schedule.py                           66      3      4      2    93%   55->59, 107-109
app\models\test_case.py                          55      0      0      0   100%
app\models\test_step.py                           7      0      0      0   100%
app\prompts\__init__.py                           0      0      0      0   100%
app\routers\__init__.py                          10      0      0      0   100%
app\routers\ai_drafts.py                        106     60     18      1    38%   60, 74, 97-99, 109-121, 135-179, 198-202, 211-215, 221-225, 231-235
app\routers\cases.py                             43      3      6      3    88%   42, 45, 49
app\routers\elements.py                          62      0      8      0   100%
app\routers\executions.py                       162      4     62      8    95%   78, 122->136, 148->144, 201->205, 362->364, 448, 451, 455
app\routers\files.py                             64      2     20      0    98%   89-90
app\routers\generate.py                          55      4      0      0    93%   95-98
app\routers\heal.py                              83      4     18      2    94%   58, 100, 146-147
app\routers\metrics.py                           10      1      0      0    90%   38
app\routers\mock.py                             113      8     28     11    87%   110, 111->113, 113->115, 125-126, 180, 182, 184, 186, 188, 189->191, 191->193
app\routers\pipelines.py                         85      3     18      5    92%   103->105, 106, 108, 109->111, 121
app\routers\projects.py                          34      0      0      0   100%
app\routers\reports.py                           32      4      2      0    88%   48, 51-53
app\routers\schedules.py                         90      6     18      6    87%   101, 102->106, 104->106, 107, 109-111, 136
app\schemas.py                                  216      3      2      1    98%   75-77
app\services\__init__.py                         10      0      0      0   100%
app\services\ai_case_service.py                 101     11     32     10    84%   64, 68-69, 78, 83, 162, 178, 181, 226->228, 229, 233, 238
app\services\ai_service.py                      474     37    162     10    92%   129-134, 153, 205-207, 271, 383-384, 576-577, 589-591, 593, 595, 597, 599, 601, 604-605, 616, 619-620, 623, 629-630, 653, 709, 759, 775, 779, 839
app\services\android_crawl_service.py           172      5     54      4    95%   29, 256-258, 340->344, 368
app\services\appium_service.py                  356     90     86      6    74%   167-168, 312-315, 334-344, 370-371, 407-515, 594-595, 604-609, 642, 646, 648
app\services\batch_generate_service.py          596     64    162     24    87%   153, 164, 168, 173, 177, 181, 185, 200-201, 219, 272-276, 285, 288-289, 300->311, 323->325, 344-345, 448, 465-466, 496, 514, 519, 535, 544, 598-603, 615-618, 620->623, 648-657, 764, 779-781, 800-801, 809-810, 821-822, 835, 853, 901->903, 910-911, 1007, 1009, 1014-1015, 1078, 1091-1094, 1104, 1120-1123
app\services\case_service.py                    150      6     30      3    95%   96, 134, 203-208, 309
app\services\element_extractor.py               159     24     64      3    86%   196->194, 199-200, 218->222, 290, 305-306, 313-314, 324-325, 370-374, 386-404
app\services\element_service.py                 216     18     40      4    90%   101-102, 251, 255-258, 310-311, 338, 364-372
app\services\execution_admission_service.py     238     19     94     10    91%   134-135, 143-144, 219, 259->265, 273, 276-277, 325->330, 328-329, 408, 411-412, 420-421, 439, 441, 462, 467
app\services\execution_code_resolver.py          30      4      6      1    86%   41-43, 61
app\services\execution_finalizer.py             148      6     68      3    96%   188, 192, 231->228, 273-274, 331-332
app\services\execution_state.py                  53      1     14      1    97%   41
app\services\heal_service.py                    866    163    266     28    80%   315-316, 318-319, 544, 689->694, 727-729, 733-734, 739->744, 768->772, 944, 970, 1016, 1044-1046, 1088, 1092-1098, 1183, 1202-1210, 1217-1255, 1260-1293, 1301-1314, 1367, 1370->1369, 1379-1382, 1442->1447, 1445-1446, 1476-1490, 1507, 1510, 1518-1523, 1554->1556, 1574-1575, 1605->1610, 1607, 1641-1642, 1644->1643, 1650, 1661-1667, 1690-1693, 1704, 1741-1745, 1748-1749, 1752-1764, 1774-1778, 1781, 1784-1794, 1860->1862, 1862->1864, 1864->1866
app\services\metrics_service.py                  70      4     20      0    96%   55-56, 81-82
app\services\mock_service.py                    140     10     62      8    91%   75, 79, 104, 130, 132, 135-136, 167, 187, 235
app\services\orchestrator.py                    231      8     48      5    95%   122, 141, 225-229, 305->310, 308-309, 362, 374
app\services\pipeline_service.py                210     29     70     17    82%   54, 64-65, 70, 75-76, 101-104, 109-110, 120->exit, 135, 177, 202->208, 204-205, 208->215, 231, 247, 250, 257, 265, 274, 305->307, 311-312, 322, 342, 370-373
app\services\playwright_service.py              407     40     86     12    89%   53-54, 69, 226, 236-237, 376-379, 401-404, 463-464, 539->538, 542-544, 550-551, 588-589, 593-594, 607-610, 618, 629-634, 720-721, 769, 771
app\services\project_service.py                  77      5     28      3    90%   107-110, 115, 117->116
app\services\report_service.py                  306     20    120     12    92%   144-147, 179-183, 233-234, 316, 335, 407-408, 422, 443, 449, 464-465, 477->475, 478->477, 523->517, 548, 762-763
app\services\scheduler_service.py               146     59     30      3    57%   44-45, 57-58, 99-102, 107-108, 144, 156, 160, 169-170, 202-223, 228-235, 239-244, 247-256
app\utils\__init__.py                             6      0      0      0   100%
app\utils\ai_rate_limiter.py                     97      2     28      5    94%   52, 115->117, 117->exit, 127, 212->218
app\utils\appium_caps.py                         17      0     10      0   100%
app\utils\appium_code_injector.py               185     18     92     20    86%   132, 163, 168->173, 201, 203, 205, 255, 257, 271, 274, 278, 280, 282, 284, 298, 312, 320, 326->323, 329, 353
app\utils\appium_proxy.py                        84     12     10      0    85%   29-31, 64, 70, 73, 76, 84-85, 94, 102, 146
app\utils\case_state_resolver.py                103      4     56      2    95%   107, 191-193
app\utils\code_injector.py                      156     15     84     17    82%   129, 133->135, 140, 175->185, 179->185, 185->194, 189->194, 194->207, 199->207, 207->219, 212->219, 214->219, 228-238, 255->252, 282, 324
app\utils\code_validator.py                     176     16    104     12    90%   212, 243, 268->266, 272->266, 292, 301, 307, 309, 311, 340-342, 385, 397-401
app\utils\evidence_sanitizer.py                  25      2      8      2    88%   62, 65
app\utils\excel_parser.py                       351     13    140      5    96%   123-129, 141-144, 377, 498-499, 509, 565, 570
app\utils\safe_playwright.py                     50      0      8      0   100%
app\utils\screenshot.py                          12      0      0      0   100%
app\utils\screenshot_policy.py                   23      0      8      0   100%
app\utils\seal_guard.py                           7      0      2      0   100%
app\utils\step_canonicalizer.py                   7      0      0      0   100%
app\utils\terminal_reason.py                     25      0     10      0   100%
app\utils\url_builder.py                          4      0      0      0   100%
app\utils\url_policy.py                         145     13     62      7    90%   78, 81, 84, 86->76, 109-110, 115-116, 159, 178, 188, 215, 221-222
-----------------------------------------------------------------------------------------
TOTAL                                          9038    888   2460    297    88%
Coverage HTML written to dir htmlcov
========== 1670 passed, 2 skipped, 821 warnings in 116.39s (0:01:56) ==========
